2025-10-03T19:58:52.3641077Z Current runner version: '2.328.0'
2025-10-03T19:58:52.3665453Z ##[group]Runner Image Provisioner
2025-10-03T19:58:52.3666841Z Hosted Compute Agent
2025-10-03T19:58:52.3667460Z Version: 20250912.392
2025-10-03T19:58:52.3668077Z Commit: d921fda672a98b64f4f82364647e2f10b2267d0b
2025-10-03T19:58:52.3668828Z Build Date: 2025-09-12T15:23:14Z
2025-10-03T19:58:52.3669392Z ##[endgroup]
2025-10-03T19:58:52.3669935Z ##[group]Operating System
2025-10-03T19:58:52.3670576Z Ubuntu
2025-10-03T19:58:52.3671059Z 24.04.3
2025-10-03T19:58:52.3671557Z LTS
2025-10-03T19:58:52.3672007Z ##[endgroup]
2025-10-03T19:58:52.3672511Z ##[group]Runner Image
2025-10-03T19:58:52.3673132Z Image: ubuntu-24.04
2025-10-03T19:58:52.3673669Z Version: 20250922.53.1
2025-10-03T19:58:52.3674747Z Included Software: https://github.com/actions/runner-images/blob/ubuntu24/20250922.53/images/ubuntu/Ubuntu2404-Readme.md
2025-10-03T19:58:52.3676764Z Image Release: https://github.com/actions/runner-images/releases/tag/ubuntu24%2F20250922.53
2025-10-03T19:58:52.3677889Z ##[endgroup]
2025-10-03T19:58:52.3679146Z ##[group]GITHUB_TOKEN Permissions
2025-10-03T19:58:52.3681271Z Contents: read
2025-10-03T19:58:52.3681958Z Metadata: read
2025-10-03T19:58:52.3682493Z ##[endgroup]
2025-10-03T19:58:52.3684956Z Secret source: Actions
2025-10-03T19:58:52.3686334Z Prepare workflow directory
2025-10-03T19:58:52.4223669Z Prepare all required actions
2025-10-03T19:58:52.4263877Z Getting action download info
2025-10-03T19:58:52.7730463Z Download action repository 'actions/checkout@v4' (SHA:08eba0b27e820071cde6df949e0beb9ba4906955)
2025-10-03T19:58:53.0516492Z Download action repository 'actions/setup-python@v5' (SHA:a26af69be951a213d495a4c3e4e4022e16d87065)
2025-10-03T19:58:53.5938367Z Download action repository 'azure/login@v2' (SHA:a457da9ea143d694b1b9c7c869ebb04ebe844ef5)
2025-10-03T19:58:53.7904397Z Download action repository 'actions/upload-artifact@v4' (SHA:ea165f8d65b6e75b540449e92b4886f43607fa02)
2025-10-03T19:58:54.0606201Z Complete job name: Deploy, Test, and Cleanup
2025-10-03T19:58:54.1390977Z ##[group]Run actions/checkout@v4
2025-10-03T19:58:54.1392401Z with:
2025-10-03T19:58:54.1393374Z   repository: bradcstevens/az-storage-upload-web-app
2025-10-03T19:58:54.1394859Z   token: ***
2025-10-03T19:58:54.1395901Z   ssh-strict: true
2025-10-03T19:58:54.1397175Z   ssh-user: git
2025-10-03T19:58:54.1398544Z   persist-credentials: true
2025-10-03T19:58:54.1400071Z   clean: true
2025-10-03T19:58:54.1401053Z   sparse-checkout-cone-mode: true
2025-10-03T19:58:54.1402076Z   fetch-depth: 1
2025-10-03T19:58:54.1402906Z   fetch-tags: false
2025-10-03T19:58:54.1403752Z   show-progress: true
2025-10-03T19:58:54.1404606Z   lfs: false
2025-10-03T19:58:54.1405377Z   submodules: false
2025-10-03T19:58:54.1406381Z   set-safe-directory: true
2025-10-03T19:58:54.1407674Z env:
2025-10-03T19:58:54.1408448Z   AZURE_ENV_NAME: ci-test-2
2025-10-03T19:58:54.1409373Z   AZURE_LOCATION: westus3
2025-10-03T19:58:54.1410268Z ##[endgroup]
2025-10-03T19:58:54.2483258Z Syncing repository: bradcstevens/az-storage-upload-web-app
2025-10-03T19:58:54.2486440Z ##[group]Getting Git version info
2025-10-03T19:58:54.2488283Z Working directory is '/home/runner/work/az-storage-upload-web-app/az-storage-upload-web-app'
2025-10-03T19:58:54.2490614Z [command]/usr/bin/git version
2025-10-03T19:58:54.2555976Z git version 2.51.0
2025-10-03T19:58:54.2582308Z ##[endgroup]
2025-10-03T19:58:54.2596632Z Temporarily overriding HOME='/home/runner/work/_temp/ca5d3017-32eb-43e0-a73d-dd44821a6117' before making global git config changes
2025-10-03T19:58:54.2599339Z Adding repository directory to the temporary git global config as a safe directory
2025-10-03T19:58:54.2609769Z [command]/usr/bin/git config --global --add safe.directory /home/runner/work/az-storage-upload-web-app/az-storage-upload-web-app
2025-10-03T19:58:54.2647004Z Deleting the contents of '/home/runner/work/az-storage-upload-web-app/az-storage-upload-web-app'
2025-10-03T19:58:54.2650144Z ##[group]Initializing the repository
2025-10-03T19:58:54.2654432Z [command]/usr/bin/git init /home/runner/work/az-storage-upload-web-app/az-storage-upload-web-app
2025-10-03T19:58:54.2759561Z hint: Using 'master' as the name for the initial branch. This default branch name
2025-10-03T19:58:54.2761521Z hint: is subject to change. To configure the initial branch name to use in all
2025-10-03T19:58:54.2763462Z hint: of your new repositories, which will suppress this warning, call:
2025-10-03T19:58:54.2764780Z hint:
2025-10-03T19:58:54.2766263Z hint: 	git config --global init.defaultBranch <name>
2025-10-03T19:58:54.2767650Z hint:
2025-10-03T19:58:54.2768769Z hint: Names commonly chosen instead of 'master' are 'main', 'trunk' and
2025-10-03T19:58:54.2770538Z hint: 'development'. The just-created branch can be renamed via this command:
2025-10-03T19:58:54.2772154Z hint:
2025-10-03T19:58:54.2772921Z hint: 	git branch -m <name>
2025-10-03T19:58:54.2773821Z hint:
2025-10-03T19:58:54.2775193Z hint: Disable this message with "git config set advice.defaultBranchName false"
2025-10-03T19:58:54.2778175Z Initialized empty Git repository in /home/runner/work/az-storage-upload-web-app/az-storage-upload-web-app/.git/
2025-10-03T19:58:54.2781904Z [command]/usr/bin/git remote add origin https://github.com/bradcstevens/az-storage-upload-web-app
2025-10-03T19:58:54.2819232Z ##[endgroup]
2025-10-03T19:58:54.2820654Z ##[group]Disabling automatic garbage collection
2025-10-03T19:58:54.2822745Z [command]/usr/bin/git config --local gc.auto 0
2025-10-03T19:58:54.2853670Z ##[endgroup]
2025-10-03T19:58:54.2856186Z ##[group]Setting up auth
2025-10-03T19:58:54.2861149Z [command]/usr/bin/git config --local --name-only --get-regexp core\.sshCommand
2025-10-03T19:58:54.2894139Z [command]/usr/bin/git submodule foreach --recursive sh -c "git config --local --name-only --get-regexp 'core\.sshCommand' && git config --local --unset-all 'core.sshCommand' || :"
2025-10-03T19:58:54.3283547Z [command]/usr/bin/git config --local --name-only --get-regexp http\.https\:\/\/github\.com\/\.extraheader
2025-10-03T19:58:54.3316829Z [command]/usr/bin/git submodule foreach --recursive sh -c "git config --local --name-only --get-regexp 'http\.https\:\/\/github\.com\/\.extraheader' && git config --local --unset-all 'http.https://github.com/.extraheader' || :"
2025-10-03T19:58:54.3559707Z [command]/usr/bin/git config --local http.https://github.com/.extraheader AUTHORIZATION: basic ***
2025-10-03T19:58:54.3606708Z ##[endgroup]
2025-10-03T19:58:54.3609216Z ##[group]Fetching the repository
2025-10-03T19:58:54.3618895Z [command]/usr/bin/git -c protocol.version=2 fetch --no-tags --prune --no-recurse-submodules --depth=1 origin +81b7cbd91cbb6f63a84969dc59979e0d48736ae6:refs/remotes/origin/main
2025-10-03T19:58:54.8325097Z From https://github.com/bradcstevens/az-storage-upload-web-app
2025-10-03T19:58:54.8326894Z  * [new ref]         81b7cbd91cbb6f63a84969dc59979e0d48736ae6 -> origin/main
2025-10-03T19:58:54.8359206Z ##[endgroup]
2025-10-03T19:58:54.8359913Z ##[group]Determining the checkout info
2025-10-03T19:58:54.8361524Z ##[endgroup]
2025-10-03T19:58:54.8366703Z [command]/usr/bin/git sparse-checkout disable
2025-10-03T19:58:54.8407596Z [command]/usr/bin/git config --local --unset-all extensions.worktreeConfig
2025-10-03T19:58:54.8434805Z ##[group]Checking out the ref
2025-10-03T19:58:54.8438519Z [command]/usr/bin/git checkout --progress --force -B main refs/remotes/origin/main
2025-10-03T19:58:54.9073454Z Switched to a new branch 'main'
2025-10-03T19:58:54.9074407Z branch 'main' set up to track 'origin/main'.
2025-10-03T19:58:54.9084393Z ##[endgroup]
2025-10-03T19:58:54.9123168Z [command]/usr/bin/git log -1 --format=%H
2025-10-03T19:58:54.9145260Z 81b7cbd91cbb6f63a84969dc59979e0d48736ae6
2025-10-03T19:58:54.9350386Z ##[group]Run actions/setup-python@v5
2025-10-03T19:58:54.9350736Z with:
2025-10-03T19:58:54.9350980Z   python-version: 3.11
2025-10-03T19:58:54.9351241Z   cache: pip
2025-10-03T19:58:54.9351478Z   check-latest: false
2025-10-03T19:58:54.9351876Z   token: ***
2025-10-03T19:58:54.9352125Z   update-environment: true
2025-10-03T19:58:54.9352416Z   allow-prereleases: false
2025-10-03T19:58:54.9352903Z   freethreaded: false
2025-10-03T19:58:54.9353156Z env:
2025-10-03T19:58:54.9353380Z   AZURE_ENV_NAME: ci-test-2
2025-10-03T19:58:54.9353656Z   AZURE_LOCATION: westus3
2025-10-03T19:58:54.9353918Z ##[endgroup]
2025-10-03T19:58:55.1092589Z ##[group]Installed versions
2025-10-03T19:58:55.3372169Z Successfully set up CPython (3.11.13)
2025-10-03T19:58:55.3372822Z ##[endgroup]
2025-10-03T19:58:55.4159729Z [command]/opt/hostedtoolcache/Python/3.11.13/x64/bin/pip cache dir
2025-10-03T19:59:01.8925201Z /home/runner/.cache/pip
2025-10-03T19:59:02.1334086Z pip cache is not found
2025-10-03T19:59:02.1451385Z ##[group]Run curl -fsSL https://aka.ms/install-azd.sh | bash
2025-10-03T19:59:02.1452031Z [36;1mcurl -fsSL https://aka.ms/install-azd.sh | bash[0m
2025-10-03T19:59:02.1452437Z [36;1mazd version[0m
2025-10-03T19:59:02.1492023Z shell: /usr/bin/bash -e {0}
2025-10-03T19:59:02.1492295Z env:
2025-10-03T19:59:02.1492495Z   AZURE_ENV_NAME: ci-test-2
2025-10-03T19:59:02.1492767Z   AZURE_LOCATION: westus3
2025-10-03T19:59:02.1493063Z   pythonLocation: /opt/hostedtoolcache/Python/3.11.13/x64
2025-10-03T19:59:02.1493509Z   PKG_CONFIG_PATH: /opt/hostedtoolcache/Python/3.11.13/x64/lib/pkgconfig
2025-10-03T19:59:02.1493937Z   Python_ROOT_DIR: /opt/hostedtoolcache/Python/3.11.13/x64
2025-10-03T19:59:02.1494334Z   Python2_ROOT_DIR: /opt/hostedtoolcache/Python/3.11.13/x64
2025-10-03T19:59:02.1494706Z   Python3_ROOT_DIR: /opt/hostedtoolcache/Python/3.11.13/x64
2025-10-03T19:59:02.1495077Z   LD_LIBRARY_PATH: /opt/hostedtoolcache/Python/3.11.13/x64/lib
2025-10-03T19:59:02.1495409Z ##[endgroup]
2025-10-03T19:59:04.2656188Z azd-linux-amd64
2025-10-03T19:59:04.5629936Z NOTICE.txt
2025-10-03T19:59:04.5848348Z install-azd: Successfully installed to /opt/microsoft/azd
2025-10-03T19:59:04.5849381Z install-azd: Symlink created at /usr/local/bin/azd and pointing to /opt/microsoft/azd/azd-linux-amd64
2025-10-03T19:59:04.5850125Z install-azd: 
2025-10-03T19:59:04.5852321Z install-azd: The Azure Developer CLI collects usage data and sends that usage data to Microsoft in order to help us improve your experience.
2025-10-03T19:59:04.5853903Z install-azd: You can opt-out of telemetry by setting the AZURE_DEV_COLLECT_TELEMETRY environment variable to 'no' in the shell you use.
2025-10-03T19:59:04.5854901Z install-azd: 
2025-10-03T19:59:04.5855529Z install-azd: Read more about Azure Developer CLI telemetry: https://github.com/Azure/azure-dev#data-collection
2025-10-03T19:59:04.6186707Z azd version 1.19.0 (commit b3d68cea969b2bfbaa7b7fa289424428edb93e97)
2025-10-03T19:59:04.9306341Z ##[group]Run pip install playwright pytest-playwright
2025-10-03T19:59:04.9306808Z [36;1mpip install playwright pytest-playwright[0m
2025-10-03T19:59:04.9307125Z [36;1mplaywright install chromium[0m
2025-10-03T19:59:04.9307441Z [36;1mplaywright install-deps chromium[0m
2025-10-03T19:59:04.9340774Z shell: /usr/bin/bash -e {0}
2025-10-03T19:59:04.9341038Z env:
2025-10-03T19:59:04.9341236Z   AZURE_ENV_NAME: ci-test-2
2025-10-03T19:59:04.9341492Z   AZURE_LOCATION: westus3
2025-10-03T19:59:04.9341783Z   pythonLocation: /opt/hostedtoolcache/Python/3.11.13/x64
2025-10-03T19:59:04.9342205Z   PKG_CONFIG_PATH: /opt/hostedtoolcache/Python/3.11.13/x64/lib/pkgconfig
2025-10-03T19:59:04.9342606Z   Python_ROOT_DIR: /opt/hostedtoolcache/Python/3.11.13/x64
2025-10-03T19:59:04.9343077Z   Python2_ROOT_DIR: /opt/hostedtoolcache/Python/3.11.13/x64
2025-10-03T19:59:04.9343711Z   Python3_ROOT_DIR: /opt/hostedtoolcache/Python/3.11.13/x64
2025-10-03T19:59:04.9344205Z   LD_LIBRARY_PATH: /opt/hostedtoolcache/Python/3.11.13/x64/lib
2025-10-03T19:59:04.9344511Z ##[endgroup]
2025-10-03T19:59:08.0850998Z Collecting playwright
2025-10-03T19:59:08.1291674Z   Downloading playwright-1.55.0-py3-none-manylinux1_x86_64.whl.metadata (3.5 kB)
2025-10-03T19:59:08.1449631Z Collecting pytest-playwright
2025-10-03T19:59:08.1513650Z   Downloading pytest_playwright-0.7.1-py3-none-any.whl.metadata (14 kB)
2025-10-03T19:59:08.1692412Z Collecting pyee<14,>=13 (from playwright)
2025-10-03T19:59:08.1728544Z   Downloading pyee-13.0.0-py3-none-any.whl.metadata (2.9 kB)
2025-10-03T19:59:08.3034128Z Collecting greenlet<4.0.0,>=3.1.1 (from playwright)
2025-10-03T19:59:08.3074747Z   Downloading greenlet-3.2.4-cp311-cp311-manylinux_2_24_x86_64.manylinux_2_28_x86_64.whl.metadata (4.1 kB)
2025-10-03T19:59:08.3271370Z Collecting typing-extensions (from pyee<14,>=13->playwright)
2025-10-03T19:59:08.3306083Z   Downloading typing_extensions-4.15.0-py3-none-any.whl.metadata (3.3 kB)
2025-10-03T19:59:08.3736982Z Collecting pytest<9.0.0,>=6.2.4 (from pytest-playwright)
2025-10-03T19:59:08.3772806Z   Downloading pytest-8.4.2-py3-none-any.whl.metadata (7.7 kB)
2025-10-03T19:59:08.3904895Z Collecting pytest-base-url<3.0.0,>=1.0.0 (from pytest-playwright)
2025-10-03T19:59:08.3943433Z   Downloading pytest_base_url-2.1.0-py3-none-any.whl.metadata (6.6 kB)
2025-10-03T19:59:08.4098035Z Collecting python-slugify<9.0.0,>=6.0.0 (from pytest-playwright)
2025-10-03T19:59:08.4134183Z   Downloading python_slugify-8.0.4-py2.py3-none-any.whl.metadata (8.5 kB)
2025-10-03T19:59:08.4248128Z Collecting iniconfig>=1 (from pytest<9.0.0,>=6.2.4->pytest-playwright)
2025-10-03T19:59:08.4282105Z   Downloading iniconfig-2.1.0-py3-none-any.whl.metadata (2.7 kB)
2025-10-03T19:59:08.4452736Z Collecting packaging>=20 (from pytest<9.0.0,>=6.2.4->pytest-playwright)
2025-10-03T19:59:08.4487853Z   Downloading packaging-25.0-py3-none-any.whl.metadata (3.3 kB)
2025-10-03T19:59:08.4616880Z Collecting pluggy<2,>=1.5 (from pytest<9.0.0,>=6.2.4->pytest-playwright)
2025-10-03T19:59:08.4656102Z   Downloading pluggy-1.6.0-py3-none-any.whl.metadata (4.8 kB)
2025-10-03T19:59:08.4866684Z Collecting pygments>=2.7.2 (from pytest<9.0.0,>=6.2.4->pytest-playwright)
2025-10-03T19:59:08.4996338Z   Downloading pygments-2.19.2-py3-none-any.whl.metadata (2.5 kB)
2025-10-03T19:59:08.5418319Z Collecting requests>=2.9 (from pytest-base-url<3.0.0,>=1.0.0->pytest-playwright)
2025-10-03T19:59:08.5458752Z   Downloading requests-2.32.5-py3-none-any.whl.metadata (4.9 kB)
2025-10-03T19:59:08.5590697Z Collecting text-unidecode>=1.3 (from python-slugify<9.0.0,>=6.0.0->pytest-playwright)
2025-10-03T19:59:08.5628213Z   Downloading text_unidecode-1.3-py2.py3-none-any.whl.metadata (2.4 kB)
2025-10-03T19:59:08.6416911Z Collecting charset_normalizer<4,>=2 (from requests>=2.9->pytest-base-url<3.0.0,>=1.0.0->pytest-playwright)
2025-10-03T19:59:08.6454150Z   Downloading charset_normalizer-3.4.3-cp311-cp311-manylinux2014_x86_64.manylinux_2_17_x86_64.manylinux_2_28_x86_64.whl.metadata (36 kB)
2025-10-03T19:59:08.6623666Z Collecting idna<4,>=2.5 (from requests>=2.9->pytest-base-url<3.0.0,>=1.0.0->pytest-playwright)
2025-10-03T19:59:08.6657958Z   Downloading idna-3.10-py3-none-any.whl.metadata (10 kB)
2025-10-03T19:59:08.6948083Z Collecting urllib3<3,>=1.21.1 (from requests>=2.9->pytest-base-url<3.0.0,>=1.0.0->pytest-playwright)
2025-10-03T19:59:08.6982709Z   Downloading urllib3-2.5.0-py3-none-any.whl.metadata (6.5 kB)
2025-10-03T19:59:08.7187330Z Collecting certifi>=2017.4.17 (from requests>=2.9->pytest-base-url<3.0.0,>=1.0.0->pytest-playwright)
2025-10-03T19:59:08.7222546Z   Downloading certifi-2025.8.3-py3-none-any.whl.metadata (2.4 kB)
2025-10-03T19:59:08.7323245Z Downloading playwright-1.55.0-py3-none-manylinux1_x86_64.whl (45.9 MB)
2025-10-03T19:59:09.0867798Z    ━━━━━━━━━━━━━━━━━━━━━━━━━━━━━━━━━━━━━━━━ 45.9/45.9 MB 131.1 MB/s  0:00:00
2025-10-03T19:59:09.0904556Z Downloading greenlet-3.2.4-cp311-cp311-manylinux_2_24_x86_64.manylinux_2_28_x86_64.whl (587 kB)
2025-10-03T19:59:09.0964763Z    ━━━━━━━━━━━━━━━━━━━━━━━━━━━━━━━━━━━━━━━━ 587.7/587.7 kB 90.4 MB/s  0:00:00
2025-10-03T19:59:09.1001444Z Downloading pyee-13.0.0-py3-none-any.whl (15 kB)
2025-10-03T19:59:09.1055455Z Downloading pytest_playwright-0.7.1-py3-none-any.whl (16 kB)
2025-10-03T19:59:09.1109570Z Downloading pytest-8.4.2-py3-none-any.whl (365 kB)
2025-10-03T19:59:09.1181175Z Downloading pluggy-1.6.0-py3-none-any.whl (20 kB)
2025-10-03T19:59:09.1238928Z Downloading pytest_base_url-2.1.0-py3-none-any.whl (5.3 kB)
2025-10-03T19:59:09.1292586Z Downloading python_slugify-8.0.4-py2.py3-none-any.whl (10 kB)
2025-10-03T19:59:09.1359984Z Downloading iniconfig-2.1.0-py3-none-any.whl (6.0 kB)
2025-10-03T19:59:09.1412037Z Downloading packaging-25.0-py3-none-any.whl (66 kB)
2025-10-03T19:59:09.1467621Z Downloading pygments-2.19.2-py3-none-any.whl (1.2 MB)
2025-10-03T19:59:09.1551816Z    ━━━━━━━━━━━━━━━━━━━━━━━━━━━━━━━━━━━━━━━━ 1.2/1.2 MB 157.4 MB/s  0:00:00
2025-10-03T19:59:09.1586505Z Downloading requests-2.32.5-py3-none-any.whl (64 kB)
2025-10-03T19:59:09.1655939Z Downloading charset_normalizer-3.4.3-cp311-cp311-manylinux2014_x86_64.manylinux_2_17_x86_64.manylinux_2_28_x86_64.whl (150 kB)
2025-10-03T19:59:09.1720182Z Downloading idna-3.10-py3-none-any.whl (70 kB)
2025-10-03T19:59:09.1781046Z Downloading urllib3-2.5.0-py3-none-any.whl (129 kB)
2025-10-03T19:59:09.1843836Z Downloading certifi-2025.8.3-py3-none-any.whl (161 kB)
2025-10-03T19:59:09.1904397Z Downloading text_unidecode-1.3-py2.py3-none-any.whl (78 kB)
2025-10-03T19:59:09.1964418Z Downloading typing_extensions-4.15.0-py3-none-any.whl (44 kB)
2025-10-03T19:59:09.3289323Z Installing collected packages: text-unidecode, urllib3, typing-extensions, python-slugify, pygments, pluggy, packaging, iniconfig, idna, greenlet, charset_normalizer, certifi, requests, pytest, pyee, pytest-base-url, playwright, pytest-playwright
2025-10-03T19:59:11.2930717Z 
2025-10-03T19:59:11.2946927Z Successfully installed certifi-2025.8.3 charset_normalizer-3.4.3 greenlet-3.2.4 idna-3.10 iniconfig-2.1.0 packaging-25.0 playwright-1.55.0 pluggy-1.6.0 pyee-13.0.0 pygments-2.19.2 pytest-8.4.2 pytest-base-url-2.1.0 pytest-playwright-0.7.1 python-slugify-8.0.4 requests-2.32.5 text-unidecode-1.3 typing-extensions-4.15.0 urllib3-2.5.0
2025-10-03T19:59:11.8560716Z Downloading Chromium 140.0.7339.16 (playwright build v1187) from https://cdn.playwright.dev/dbazure/download/playwright/builds/chromium/1187/chromium-linux.zip
2025-10-03T19:59:12.0258032Z |                                                                                |   0% of 173.7 MiB
2025-10-03T19:59:12.1422811Z |■■■■■■■■                                                                        |  10% of 173.7 MiB
2025-10-03T19:59:12.2287107Z |■■■■■■■■■■■■■■■■                                                                |  20% of 173.7 MiB
2025-10-03T19:59:12.3683334Z |■■■■■■■■■■■■■■■■■■■■■■■■                                                        |  30% of 173.7 MiB
2025-10-03T19:59:12.4757577Z |■■■■■■■■■■■■■■■■■■■■■■■■■■■■■■■■                                                |  40% of 173.7 MiB
2025-10-03T19:59:12.5552270Z |■■■■■■■■■■■■■■■■■■■■■■■■■■■■■■■■■■■■■■■■                                        |  50% of 173.7 MiB
2025-10-03T19:59:12.6384289Z |■■■■■■■■■■■■■■■■■■■■■■■■■■■■■■■■■■■■■■■■■■■■■■■■                                |  60% of 173.7 MiB
2025-10-03T19:59:12.7767111Z |■■■■■■■■■■■■■■■■■■■■■■■■■■■■■■■■■■■■■■■■■■■■■■■■■■■■■■■■                        |  70% of 173.7 MiB
2025-10-03T19:59:12.8425301Z |■■■■■■■■■■■■■■■■■■■■■■■■■■■■■■■■■■■■■■■■■■■■■■■■■■■■■■■■■■■■■■■■                |  80% of 173.7 MiB
2025-10-03T19:59:12.9227335Z |■■■■■■■■■■■■■■■■■■■■■■■■■■■■■■■■■■■■■■■■■■■■■■■■■■■■■■■■■■■■■■■■■■■■■■■■        |  90% of 173.7 MiB
2025-10-03T19:59:13.1675178Z |■■■■■■■■■■■■■■■■■■■■■■■■■■■■■■■■■■■■■■■■■■■■■■■■■■■■■■■■■■■■■■■■■■■■■■■■■■■■■■■■| 100% of 173.7 MiB
2025-10-03T19:59:16.4151585Z Chromium 140.0.7339.16 (playwright build v1187) downloaded to /home/runner/.cache/ms-playwright/chromium-1187
2025-10-03T19:59:16.4154149Z Downloading FFMPEG playwright build v1011 from https://cdn.playwright.dev/dbazure/download/playwright/builds/ffmpeg/1011/ffmpeg-linux.zip
2025-10-03T19:59:16.8784238Z |                                                                                |   0% of 2.3 MiB
2025-10-03T19:59:16.8828915Z |■■■■■■■■                                                                        |  10% of 2.3 MiB
2025-10-03T19:59:16.8860046Z |■■■■■■■■■■■■■■■■                                                                |  20% of 2.3 MiB
2025-10-03T19:59:16.8887680Z |■■■■■■■■■■■■■■■■■■■■■■■■                                                        |  30% of 2.3 MiB
2025-10-03T19:59:16.8910760Z |■■■■■■■■■■■■■■■■■■■■■■■■■■■■■■■■                                                |  40% of 2.3 MiB
2025-10-03T19:59:16.8925925Z |■■■■■■■■■■■■■■■■■■■■■■■■■■■■■■■■■■■■■■■■                                        |  50% of 2.3 MiB
2025-10-03T19:59:16.8941391Z |■■■■■■■■■■■■■■■■■■■■■■■■■■■■■■■■■■■■■■■■■■■■■■■■                                |  60% of 2.3 MiB
2025-10-03T19:59:16.8982708Z |■■■■■■■■■■■■■■■■■■■■■■■■■■■■■■■■■■■■■■■■■■■■■■■■■■■■■■■■                        |  70% of 2.3 MiB
2025-10-03T19:59:16.9037984Z |■■■■■■■■■■■■■■■■■■■■■■■■■■■■■■■■■■■■■■■■■■■■■■■■■■■■■■■■■■■■■■■■                |  80% of 2.3 MiB
2025-10-03T19:59:16.9058999Z |■■■■■■■■■■■■■■■■■■■■■■■■■■■■■■■■■■■■■■■■■■■■■■■■■■■■■■■■■■■■■■■■■■■■■■■■        |  90% of 2.3 MiB
2025-10-03T19:59:16.9071966Z |■■■■■■■■■■■■■■■■■■■■■■■■■■■■■■■■■■■■■■■■■■■■■■■■■■■■■■■■■■■■■■■■■■■■■■■■■■■■■■■■| 100% of 2.3 MiB
2025-10-03T19:59:16.9608811Z FFMPEG playwright build v1011 downloaded to /home/runner/.cache/ms-playwright/ffmpeg-1011
2025-10-03T19:59:16.9611300Z Downloading Chromium Headless Shell 140.0.7339.16 (playwright build v1187) from https://cdn.playwright.dev/dbazure/download/playwright/builds/chromium/1187/chromium-headless-shell-linux.zip
2025-10-03T19:59:17.1163734Z |                                                                                |   0% of 104.3 MiB
2025-10-03T19:59:17.2032086Z |■■■■■■■■                                                                        |  10% of 104.3 MiB
2025-10-03T19:59:17.2613184Z |■■■■■■■■■■■■■■■■                                                                |  20% of 104.3 MiB
2025-10-03T19:59:17.3142299Z |■■■■■■■■■■■■■■■■■■■■■■■■                                                        |  30% of 104.3 MiB
2025-10-03T19:59:17.3673368Z |■■■■■■■■■■■■■■■■■■■■■■■■■■■■■■■■                                                |  40% of 104.3 MiB
2025-10-03T19:59:17.4641848Z |■■■■■■■■■■■■■■■■■■■■■■■■■■■■■■■■■■■■■■■■                                        |  50% of 104.3 MiB
2025-10-03T19:59:17.5079459Z |■■■■■■■■■■■■■■■■■■■■■■■■■■■■■■■■■■■■■■■■■■■■■■■■                                |  60% of 104.3 MiB
2025-10-03T19:59:17.5664753Z |■■■■■■■■■■■■■■■■■■■■■■■■■■■■■■■■■■■■■■■■■■■■■■■■■■■■■■■■                        |  70% of 104.3 MiB
2025-10-03T19:59:17.6036969Z |■■■■■■■■■■■■■■■■■■■■■■■■■■■■■■■■■■■■■■■■■■■■■■■■■■■■■■■■■■■■■■■■                |  80% of 104.3 MiB
2025-10-03T19:59:17.6508105Z |■■■■■■■■■■■■■■■■■■■■■■■■■■■■■■■■■■■■■■■■■■■■■■■■■■■■■■■■■■■■■■■■■■■■■■■■        |  90% of 104.3 MiB
2025-10-03T19:59:17.6865398Z |■■■■■■■■■■■■■■■■■■■■■■■■■■■■■■■■■■■■■■■■■■■■■■■■■■■■■■■■■■■■■■■■■■■■■■■■■■■■■■■■| 100% of 104.3 MiB
2025-10-03T19:59:19.3905208Z Chromium Headless Shell 140.0.7339.16 (playwright build v1187) downloaded to /home/runner/.cache/ms-playwright/chromium_headless_shell-1187
2025-10-03T19:59:20.4082563Z Installing dependencies...
2025-10-03T19:59:20.4142621Z Switching to root user to install dependencies...
2025-10-03T19:59:20.7227317Z Get:1 file:/etc/apt/apt-mirrors.txt Mirrorlist [144 B]
2025-10-03T19:59:20.7826800Z Hit:6 https://packages.microsoft.com/repos/azure-cli noble InRelease
2025-10-03T19:59:20.7828395Z Hit:2 http://azure.archive.ubuntu.com/ubuntu noble InRelease
2025-10-03T19:59:20.7829420Z Get:7 https://packages.microsoft.com/ubuntu/24.04/prod noble InRelease [3600 B]
2025-10-03T19:59:20.8085100Z Get:3 http://azure.archive.ubuntu.com/ubuntu noble-updates InRelease [126 kB]
2025-10-03T19:59:20.8395455Z Get:4 http://azure.archive.ubuntu.com/ubuntu noble-backports InRelease [126 kB]
2025-10-03T19:59:20.8661543Z Get:5 http://azure.archive.ubuntu.com/ubuntu noble-security InRelease [126 kB]
2025-10-03T19:59:21.1132982Z Get:8 https://packages.microsoft.com/ubuntu/24.04/prod noble/main amd64 Packages [59.5 kB]
2025-10-03T19:59:21.1579242Z Get:9 http://azure.archive.ubuntu.com/ubuntu noble-updates/main amd64 Packages [1483 kB]
2025-10-03T19:59:21.1813481Z Get:10 http://azure.archive.ubuntu.com/ubuntu noble-updates/main Translation-en [286 kB]
2025-10-03T19:59:21.1838657Z Get:11 http://azure.archive.ubuntu.com/ubuntu noble-updates/main amd64 Components [175 kB]
2025-10-03T19:59:21.1858558Z Get:12 http://azure.archive.ubuntu.com/ubuntu noble-updates/main amd64 c-n-f Metadata [15.3 kB]
2025-10-03T19:59:21.1868864Z Get:13 http://azure.archive.ubuntu.com/ubuntu noble-updates/universe amd64 Packages [1486 kB]
2025-10-03T19:59:21.1874187Z Get:22 https://packages.microsoft.com/ubuntu/24.04/prod noble/main arm64 Packages [42.4 kB]
2025-10-03T19:59:21.1929194Z Get:23 https://packages.microsoft.com/ubuntu/24.04/prod noble/main armhf Packages [10.5 kB]
2025-10-03T19:59:21.1946210Z Get:14 http://azure.archive.ubuntu.com/ubuntu noble-updates/universe Translation-en [300 kB]
2025-10-03T19:59:21.1970195Z Get:15 http://azure.archive.ubuntu.com/ubuntu noble-updates/universe amd64 Components [378 kB]
2025-10-03T19:59:21.1996614Z Get:16 http://azure.archive.ubuntu.com/ubuntu noble-updates/universe amd64 c-n-f Metadata [31.1 kB]
2025-10-03T19:59:21.2012539Z Get:17 http://azure.archive.ubuntu.com/ubuntu noble-updates/restricted amd64 Packages [2053 kB]
2025-10-03T19:59:21.2144958Z Get:18 http://azure.archive.ubuntu.com/ubuntu noble-updates/restricted Translation-en [463 kB]
2025-10-03T19:59:21.2629045Z Get:19 http://azure.archive.ubuntu.com/ubuntu noble-updates/restricted amd64 Components [212 B]
2025-10-03T19:59:21.2637565Z Get:20 http://azure.archive.ubuntu.com/ubuntu noble-updates/multiverse Translation-en [6116 B]
2025-10-03T19:59:21.2646734Z Get:21 http://azure.archive.ubuntu.com/ubuntu noble-updates/multiverse amd64 Components [940 B]
2025-10-03T19:59:21.2666715Z Get:24 http://azure.archive.ubuntu.com/ubuntu noble-backports/main amd64 Packages [40.4 kB]
2025-10-03T19:59:21.2678025Z Get:25 http://azure.archive.ubuntu.com/ubuntu noble-backports/main Translation-en [9208 B]
2025-10-03T19:59:21.2688185Z Get:26 http://azure.archive.ubuntu.com/ubuntu noble-backports/main amd64 Components [7156 B]
2025-10-03T19:59:21.2696461Z Get:27 http://azure.archive.ubuntu.com/ubuntu noble-backports/main amd64 c-n-f Metadata [368 B]
2025-10-03T19:59:21.2705353Z Get:28 http://azure.archive.ubuntu.com/ubuntu noble-backports/universe amd64 Packages [28.9 kB]
2025-10-03T19:59:21.2716661Z Get:29 http://azure.archive.ubuntu.com/ubuntu noble-backports/universe Translation-en [17.5 kB]
2025-10-03T19:59:21.2726657Z Get:30 http://azure.archive.ubuntu.com/ubuntu noble-backports/universe amd64 Components [11.0 kB]
2025-10-03T19:59:21.2734665Z Get:31 http://azure.archive.ubuntu.com/ubuntu noble-backports/universe amd64 c-n-f Metadata [1444 B]
2025-10-03T19:59:21.2742004Z Get:32 http://azure.archive.ubuntu.com/ubuntu noble-backports/restricted amd64 Components [216 B]
2025-10-03T19:59:21.2749980Z Get:33 http://azure.archive.ubuntu.com/ubuntu noble-backports/multiverse amd64 Components [212 B]
2025-10-03T19:59:21.2761635Z Get:34 http://azure.archive.ubuntu.com/ubuntu noble-security/main amd64 Packages [1201 kB]
2025-10-03T19:59:21.3270193Z Get:35 http://azure.archive.ubuntu.com/ubuntu noble-security/main Translation-en [201 kB]
2025-10-03T19:59:21.3290182Z Get:36 http://azure.archive.ubuntu.com/ubuntu noble-security/main amd64 Components [21.5 kB]
2025-10-03T19:59:21.3300115Z Get:37 http://azure.archive.ubuntu.com/ubuntu noble-security/main amd64 c-n-f Metadata [8744 B]
2025-10-03T19:59:21.3310755Z Get:38 http://azure.archive.ubuntu.com/ubuntu noble-security/universe amd64 Packages [881 kB]
2025-10-03T19:59:21.3368384Z Get:39 http://azure.archive.ubuntu.com/ubuntu noble-security/universe Translation-en [196 kB]
2025-10-03T19:59:21.3393711Z Get:40 http://azure.archive.ubuntu.com/ubuntu noble-security/universe amd64 Components [52.3 kB]
2025-10-03T19:59:21.3406893Z Get:41 http://azure.archive.ubuntu.com/ubuntu noble-security/universe amd64 c-n-f Metadata [18.0 kB]
2025-10-03T19:59:21.3421390Z Get:42 http://azure.archive.ubuntu.com/ubuntu noble-security/restricted amd64 Packages [1938 kB]
2025-10-03T19:59:21.3684006Z Get:43 http://azure.archive.ubuntu.com/ubuntu noble-security/restricted Translation-en [439 kB]
2025-10-03T19:59:21.3714567Z Get:44 http://azure.archive.ubuntu.com/ubuntu noble-security/restricted amd64 Components [212 B]
2025-10-03T19:59:21.3723327Z Get:45 http://azure.archive.ubuntu.com/ubuntu noble-security/multiverse Translation-en [5844 B]
2025-10-03T19:59:21.3740257Z Get:46 http://azure.archive.ubuntu.com/ubuntu noble-security/multiverse amd64 Components [208 B]
2025-10-03T19:59:44.6064463Z Fetched 12.3 MB in 2s (7179 kB/s)
2025-10-03T19:59:45.3452937Z Reading package lists...
2025-10-03T19:59:45.3711473Z Reading package lists...
2025-10-03T19:59:45.5382461Z Building dependency tree...
2025-10-03T19:59:45.5390003Z Reading state information...
2025-10-03T19:59:45.6846072Z libasound2t64 is already the newest version (1.2.11-1ubuntu0.1).
2025-10-03T19:59:45.6846899Z libasound2t64 set to manually installed.
2025-10-03T19:59:45.6847614Z libatk-bridge2.0-0t64 is already the newest version (2.52.0-1build1).
2025-10-03T19:59:45.6848389Z libatk-bridge2.0-0t64 set to manually installed.
2025-10-03T19:59:45.6849134Z libatk1.0-0t64 is already the newest version (2.52.0-1build1).
2025-10-03T19:59:45.6849783Z libatk1.0-0t64 set to manually installed.
2025-10-03T19:59:45.6850459Z libatspi2.0-0t64 is already the newest version (2.52.0-1build1).
2025-10-03T19:59:45.6850903Z libatspi2.0-0t64 set to manually installed.
2025-10-03T19:59:45.6851338Z libcairo2 is already the newest version (1.18.0-3build1).
2025-10-03T19:59:45.6851747Z libcairo2 set to manually installed.
2025-10-03T19:59:45.6852177Z libcups2t64 is already the newest version (2.4.7-1.2ubuntu7.4).
2025-10-03T19:59:45.6852602Z libcups2t64 set to manually installed.
2025-10-03T19:59:45.6853003Z libdbus-1-3 is already the newest version (1.14.10-4ubuntu4.1).
2025-10-03T19:59:45.6853587Z libdbus-1-3 set to manually installed.
2025-10-03T19:59:45.6854022Z libdrm2 is already the newest version (2.4.122-1~ubuntu0.24.04.1).
2025-10-03T19:59:45.6854457Z libdrm2 set to manually installed.
2025-10-03T19:59:45.6854806Z libgbm1 is already the newest version (25.0.7-0ubuntu0.24.04.2).
2025-10-03T19:59:45.6855618Z libgbm1 set to manually installed.
2025-10-03T19:59:45.6856201Z libglib2.0-0t64 is already the newest version (2.80.0-6ubuntu3.4).
2025-10-03T19:59:45.6856591Z libglib2.0-0t64 set to manually installed.
2025-10-03T19:59:45.6856948Z libnspr4 is already the newest version (2:4.35-1.1build1).
2025-10-03T19:59:45.6857297Z libnspr4 set to manually installed.
2025-10-03T19:59:45.6857621Z libnss3 is already the newest version (2:3.98-1build1).
2025-10-03T19:59:45.6857956Z libnss3 set to manually installed.
2025-10-03T19:59:45.6858389Z libpango-1.0-0 is already the newest version (1.52.1+ds-1build1).
2025-10-03T19:59:45.6858773Z libpango-1.0-0 set to manually installed.
2025-10-03T19:59:45.6859120Z libx11-6 is already the newest version (2:1.8.7-1build1).
2025-10-03T19:59:45.6859456Z libx11-6 set to manually installed.
2025-10-03T19:59:45.6859769Z libxcb1 is already the newest version (1.15-1ubuntu2).
2025-10-03T19:59:45.6860103Z libxcb1 set to manually installed.
2025-10-03T19:59:45.6860472Z libxcomposite1 is already the newest version (1:0.4.5-1build3).
2025-10-03T19:59:45.6860856Z libxcomposite1 set to manually installed.
2025-10-03T19:59:45.6861221Z libxdamage1 is already the newest version (1:1.1.6-1build1).
2025-10-03T19:59:45.6861588Z libxdamage1 set to manually installed.
2025-10-03T19:59:45.6861924Z libxext6 is already the newest version (2:1.3.4-1build2).
2025-10-03T19:59:45.6862348Z libxext6 set to manually installed.
2025-10-03T19:59:45.6862696Z libxfixes3 is already the newest version (1:6.0.0-2build1).
2025-10-03T19:59:45.6863051Z libxfixes3 set to manually installed.
2025-10-03T19:59:45.6863406Z libxkbcommon0 is already the newest version (1.6.0-1build1).
2025-10-03T19:59:45.6863769Z libxkbcommon0 set to manually installed.
2025-10-03T19:59:45.6864128Z libxrandr2 is already the newest version (2:1.5.2-2build1).
2025-10-03T19:59:45.6864492Z libxrandr2 set to manually installed.
2025-10-03T19:59:45.6864832Z xvfb is already the newest version (2:21.1.12-1ubuntu1.4).
2025-10-03T19:59:45.6865295Z fonts-noto-color-emoji is already the newest version (2.047-0ubuntu0.24.04.1).
2025-10-03T19:59:45.6865849Z libfontconfig1 is already the newest version (2.15.0-1.1ubuntu2).
2025-10-03T19:59:45.6866201Z libfontconfig1 set to manually installed.
2025-10-03T19:59:45.6866539Z libfreetype6 is already the newest version (2.13.2+dfsg-1build3).
2025-10-03T19:59:45.6866879Z libfreetype6 set to manually installed.
2025-10-03T19:59:45.6867204Z fonts-liberation is already the newest version (1:2.1.5-3).
2025-10-03T19:59:45.6867781Z fonts-liberation set to manually installed.
2025-10-03T19:59:45.6868113Z The following additional packages will be installed:
2025-10-03T19:59:45.6868427Z   xfonts-encodings xfonts-utils
2025-10-03T19:59:45.6868679Z Recommended packages:
2025-10-03T19:59:45.6868919Z   fonts-ipafont-mincho fonts-tlwg-loma
2025-10-03T19:59:45.7527744Z The following NEW packages will be installed:
2025-10-03T19:59:45.7528330Z   fonts-freefont-ttf fonts-ipafont-gothic fonts-tlwg-loma-otf fonts-unifont
2025-10-03T19:59:45.7536091Z   fonts-wqy-zenhei xfonts-cyrillic xfonts-encodings xfonts-scalable
2025-10-03T19:59:45.7536717Z   xfonts-utils
2025-10-03T19:59:45.7712014Z 0 upgraded, 9 newly installed, 0 to remove and 27 not upgraded.
2025-10-03T19:59:45.7712631Z Need to get 21.1 MB of archives.
2025-10-03T19:59:45.7713198Z After this operation, 79.5 MB of additional disk space will be used.
2025-10-03T19:59:45.7713860Z Get:1 file:/etc/apt/apt-mirrors.txt Mirrorlist [144 B]
2025-10-03T19:59:45.8198750Z Get:2 http://azure.archive.ubuntu.com/ubuntu noble/universe amd64 fonts-ipafont-gothic all 00303-21ubuntu1 [3513 kB]
2025-10-03T19:59:45.8652663Z Get:3 http://azure.archive.ubuntu.com/ubuntu noble/main amd64 fonts-freefont-ttf all 20211204+svn4273-2 [5641 kB]
2025-10-03T19:59:45.9425477Z Get:4 http://azure.archive.ubuntu.com/ubuntu noble/universe amd64 fonts-tlwg-loma-otf all 1:0.7.3-1 [107 kB]
2025-10-03T19:59:45.9601015Z Get:5 http://azure.archive.ubuntu.com/ubuntu noble/universe amd64 fonts-unifont all 1:15.1.01-1build1 [2993 kB]
2025-10-03T19:59:46.0139490Z Get:6 http://azure.archive.ubuntu.com/ubuntu noble/universe amd64 fonts-wqy-zenhei all 0.9.45-8 [7472 kB]
2025-10-03T19:59:46.1071715Z Get:7 http://azure.archive.ubuntu.com/ubuntu noble/main amd64 xfonts-encodings all 1:1.0.5-0ubuntu2 [578 kB]
2025-10-03T19:59:46.1259308Z Get:8 http://azure.archive.ubuntu.com/ubuntu noble/main amd64 xfonts-utils amd64 1:7.7+6build3 [94.4 kB]
2025-10-03T19:59:46.1419120Z Get:9 http://azure.archive.ubuntu.com/ubuntu noble/universe amd64 xfonts-cyrillic all 1:1.0.5+nmu1 [384 kB]
2025-10-03T19:59:46.1665968Z Get:10 http://azure.archive.ubuntu.com/ubuntu noble/main amd64 xfonts-scalable all 1:1.0.3-1.3 [304 kB]
2025-10-03T19:59:46.5162784Z Fetched 21.1 MB in 0s (51.6 MB/s)
2025-10-03T19:59:46.6292196Z Selecting previously unselected package fonts-ipafont-gothic.
2025-10-03T19:59:46.9244338Z (Reading database ... 
2025-10-03T19:59:46.9244789Z (Reading database ... 5%
2025-10-03T19:59:46.9245211Z (Reading database ... 10%
2025-10-03T19:59:46.9245519Z (Reading database ... 15%
2025-10-03T19:59:46.9245980Z (Reading database ... 20%
2025-10-03T19:59:46.9246197Z (Reading database ... 25%
2025-10-03T19:59:46.9246460Z (Reading database ... 30%
2025-10-03T19:59:46.9246836Z (Reading database ... 35%
2025-10-03T19:59:46.9247217Z (Reading database ... 40%
2025-10-03T19:59:46.9247580Z (Reading database ... 45%
2025-10-03T19:59:46.9247960Z (Reading database ... 50%
2025-10-03T19:59:47.8998593Z (Reading database ... 55%
2025-10-03T19:59:49.6977546Z (Reading database ... 60%
2025-10-03T19:59:50.3540308Z (Reading database ... 65%
2025-10-03T19:59:50.9882629Z (Reading database ... 70%
2025-10-03T19:59:51.6051286Z (Reading database ... 75%
2025-10-03T19:59:52.7307358Z (Reading database ... 80%
2025-10-03T19:59:54.0018733Z (Reading database ... 85%
2025-10-03T19:59:55.6457804Z (Reading database ... 90%
2025-10-03T19:59:57.4562814Z (Reading database ... 95%
2025-10-03T19:59:57.4563400Z (Reading database ... 100%
2025-10-03T19:59:57.4564159Z (Reading database ... 214164 files and directories currently installed.)
2025-10-03T19:59:57.4608183Z Preparing to unpack .../0-fonts-ipafont-gothic_00303-21ubuntu1_all.deb ...
2025-10-03T19:59:57.4704898Z Unpacking fonts-ipafont-gothic (00303-21ubuntu1) ...
2025-10-03T19:59:57.7053989Z Selecting previously unselected package fonts-freefont-ttf.
2025-10-03T19:59:57.7174761Z Preparing to unpack .../1-fonts-freefont-ttf_20211204+svn4273-2_all.deb ...
2025-10-03T19:59:57.7185388Z Unpacking fonts-freefont-ttf (20211204+svn4273-2) ...
2025-10-03T19:59:57.8057310Z Selecting previously unselected package fonts-tlwg-loma-otf.
2025-10-03T19:59:57.8176881Z Preparing to unpack .../2-fonts-tlwg-loma-otf_1%3a0.7.3-1_all.deb ...
2025-10-03T19:59:57.8186978Z Unpacking fonts-tlwg-loma-otf (1:0.7.3-1) ...
2025-10-03T19:59:57.8859277Z Selecting previously unselected package fonts-unifont.
2025-10-03T19:59:57.8981159Z Preparing to unpack .../3-fonts-unifont_1%3a15.1.01-1build1_all.deb ...
2025-10-03T19:59:57.8991337Z Unpacking fonts-unifont (1:15.1.01-1build1) ...
2025-10-03T19:59:58.0243632Z Selecting previously unselected package fonts-wqy-zenhei.
2025-10-03T19:59:58.0366243Z Preparing to unpack .../4-fonts-wqy-zenhei_0.9.45-8_all.deb ...
2025-10-03T19:59:58.0685571Z Unpacking fonts-wqy-zenhei (0.9.45-8) ...
2025-10-03T19:59:58.5360496Z Selecting previously unselected package xfonts-encodings.
2025-10-03T19:59:58.5481183Z Preparing to unpack .../5-xfonts-encodings_1%3a1.0.5-0ubuntu2_all.deb ...
2025-10-03T19:59:58.5491253Z Unpacking xfonts-encodings (1:1.0.5-0ubuntu2) ...
2025-10-03T19:59:58.5791941Z Selecting previously unselected package xfonts-utils.
2025-10-03T19:59:58.5912065Z Preparing to unpack .../6-xfonts-utils_1%3a7.7+6build3_amd64.deb ...
2025-10-03T19:59:58.5923286Z Unpacking xfonts-utils (1:7.7+6build3) ...
2025-10-03T19:59:58.7466584Z Selecting previously unselected package xfonts-cyrillic.
2025-10-03T19:59:58.7588567Z Preparing to unpack .../7-xfonts-cyrillic_1%3a1.0.5+nmu1_all.deb ...
2025-10-03T19:59:58.7600899Z Unpacking xfonts-cyrillic (1:1.0.5+nmu1) ...
2025-10-03T19:59:58.8016371Z Selecting previously unselected package xfonts-scalable.
2025-10-03T19:59:58.8136186Z Preparing to unpack .../8-xfonts-scalable_1%3a1.0.3-1.3_all.deb ...
2025-10-03T19:59:58.8146570Z Unpacking xfonts-scalable (1:1.0.3-1.3) ...
2025-10-03T19:59:58.8568677Z Setting up fonts-wqy-zenhei (0.9.45-8) ...
2025-10-03T19:59:58.8696713Z Setting up fonts-freefont-ttf (20211204+svn4273-2) ...
2025-10-03T19:59:58.8722238Z Setting up fonts-tlwg-loma-otf (1:0.7.3-1) ...
2025-10-03T19:59:58.8749509Z Setting up xfonts-encodings (1:1.0.5-0ubuntu2) ...
2025-10-03T19:59:58.8776723Z Setting up fonts-ipafont-gothic (00303-21ubuntu1) ...
2025-10-03T19:59:58.8848943Z update-alternatives: using /usr/share/fonts/opentype/ipafont-gothic/ipag.ttf to provide /usr/share/fonts/truetype/fonts-japanese-gothic.ttf (fonts-japanese-gothic.ttf) in auto mode
2025-10-03T19:59:58.8870598Z Setting up fonts-unifont (1:15.1.01-1build1) ...
2025-10-03T19:59:58.8898595Z Setting up xfonts-utils (1:7.7+6build3) ...
2025-10-03T19:59:58.9026092Z Setting up xfonts-cyrillic (1:1.0.5+nmu1) ...
2025-10-03T19:59:58.9789185Z Setting up xfonts-scalable (1:1.0.3-1.3) ...
2025-10-03T19:59:59.0361413Z Processing triggers for man-db (2.12.0-4build2) ...
2025-10-03T20:02:21.8097185Z Processing triggers for fontconfig (2.15.0-1.1ubuntu2) ...
2025-10-03T20:02:25.2439997Z 
2025-10-03T20:02:25.2440582Z Running kernel seems to be up-to-date.
2025-10-03T20:02:25.2440928Z 
2025-10-03T20:02:25.2441116Z Restarting services...
2025-10-03T20:02:25.2512620Z 
2025-10-03T20:02:25.2513097Z Service restarts being deferred:
2025-10-03T20:02:25.2517187Z  systemctl restart hosted-compute-agent.service
2025-10-03T20:02:25.2517447Z 
2025-10-03T20:02:25.2517807Z No containers need to be restarted.
2025-10-03T20:02:25.2518105Z 
2025-10-03T20:02:25.2518257Z No user sessions are running outdated binaries.
2025-10-03T20:02:25.2518472Z 
2025-10-03T20:02:25.2518676Z No VM guests are running outdated hypervisor (qemu) binaries on this host.
2025-10-03T20:02:26.1861917Z ##[group]Run azure/login@v2
2025-10-03T20:02:26.1862185Z with:
2025-10-03T20:02:26.1862760Z   client-id: ***
2025-10-03T20:02:26.1863042Z   tenant-id: ***
2025-10-03T20:02:26.1863353Z   subscription-id: ***
2025-10-03T20:02:26.1863584Z   enable-AzPSSession: false
2025-10-03T20:02:26.1882374Z   environment: azurecloud
2025-10-03T20:02:26.1882689Z   allow-no-subscriptions: false
2025-10-03T20:02:26.1882985Z   audience: api://AzureADTokenExchange
2025-10-03T20:02:26.1883286Z   auth-type: SERVICE_PRINCIPAL
2025-10-03T20:02:26.1883521Z env:
2025-10-03T20:02:26.1883707Z   AZURE_ENV_NAME: ci-test-2
2025-10-03T20:02:26.1883937Z   AZURE_LOCATION: westus3
2025-10-03T20:02:26.1884229Z   pythonLocation: /opt/hostedtoolcache/Python/3.11.13/x64
2025-10-03T20:02:26.1884641Z   PKG_CONFIG_PATH: /opt/hostedtoolcache/Python/3.11.13/x64/lib/pkgconfig
2025-10-03T20:02:26.1885039Z   Python_ROOT_DIR: /opt/hostedtoolcache/Python/3.11.13/x64
2025-10-03T20:02:26.1885436Z   Python2_ROOT_DIR: /opt/hostedtoolcache/Python/3.11.13/x64
2025-10-03T20:02:26.1886044Z   Python3_ROOT_DIR: /opt/hostedtoolcache/Python/3.11.13/x64
2025-10-03T20:02:26.1886410Z   LD_LIBRARY_PATH: /opt/hostedtoolcache/Python/3.11.13/x64/lib
2025-10-03T20:02:26.1886713Z ##[endgroup]
2025-10-03T20:02:26.2257974Z Running Azure CLI Login.
2025-10-03T20:03:03.2809611Z [command]/usr/bin/az cloud set -n azurecloud
2025-10-03T20:03:03.5066591Z Done setting cloud: "azurecloud"
2025-10-03T20:03:03.5944623Z Federated token details:
2025-10-03T20:03:03.5945218Z  issuer - https://token.actions.githubusercontent.com
2025-10-03T20:03:03.5946317Z  subject claim - repo:bradcstevens/az-storage-upload-web-app:ref:refs/heads/main
2025-10-03T20:03:03.5947068Z  audience - api://AzureADTokenExchange
2025-10-03T20:03:03.5947929Z  job_workflow_ref - bradcstevens/az-storage-upload-web-app/.github/workflows/ci-cd.yml@refs/heads/main
2025-10-03T20:03:03.5948780Z Attempting Azure CLI login by using OIDC...
2025-10-03T20:03:04.9948924Z Subscription is set successfully.
2025-10-03T20:03:04.9949636Z Azure CLI login succeeds by using OIDC.
2025-10-03T20:03:05.0028957Z ##[group]Run azd auth login --client-id "***" \
2025-10-03T20:03:05.0029739Z [36;1mazd auth login --client-id "***" \[0m
2025-10-03T20:03:05.0030548Z [36;1m               --client-secret "***" \[0m
2025-10-03T20:03:05.0031169Z [36;1m               --tenant-id "***"[0m
2025-10-03T20:03:05.0077550Z shell: /usr/bin/bash -e {0}
2025-10-03T20:03:05.0077983Z env:
2025-10-03T20:03:05.0078313Z   AZURE_ENV_NAME: ci-test-2
2025-10-03T20:03:05.0078729Z   AZURE_LOCATION: westus3
2025-10-03T20:03:05.0079243Z   pythonLocation: /opt/hostedtoolcache/Python/3.11.13/x64
2025-10-03T20:03:05.0080012Z   PKG_CONFIG_PATH: /opt/hostedtoolcache/Python/3.11.13/x64/lib/pkgconfig
2025-10-03T20:03:05.0080783Z   Python_ROOT_DIR: /opt/hostedtoolcache/Python/3.11.13/x64
2025-10-03T20:03:05.0081465Z   Python2_ROOT_DIR: /opt/hostedtoolcache/Python/3.11.13/x64
2025-10-03T20:03:05.0082131Z   Python3_ROOT_DIR: /opt/hostedtoolcache/Python/3.11.13/x64
2025-10-03T20:03:05.0082850Z   LD_LIBRARY_PATH: /opt/hostedtoolcache/Python/3.11.13/x64/lib
2025-10-03T20:03:05.0083395Z ##[endgroup]
2025-10-03T20:03:05.5894166Z Logged in to Azure as (***)
2025-10-03T20:03:05.5971959Z ##[group]Run azd init --environment ci-test-2 --location westus3 --subscription ***
2025-10-03T20:03:05.5972682Z [36;1mazd init --environment ci-test-2 --location westus3 --subscription ***[0m
2025-10-03T20:03:05.5973087Z [36;1mazd env set AZURE_LOCATION westus3[0m
2025-10-03T20:03:05.6005274Z shell: /usr/bin/bash -e {0}
2025-10-03T20:03:05.6005518Z env:
2025-10-03T20:03:05.6005925Z   AZURE_ENV_NAME: ci-test-2
2025-10-03T20:03:05.6006173Z   AZURE_LOCATION: westus3
2025-10-03T20:03:05.6006475Z   pythonLocation: /opt/hostedtoolcache/Python/3.11.13/x64
2025-10-03T20:03:05.6006896Z   PKG_CONFIG_PATH: /opt/hostedtoolcache/Python/3.11.13/x64/lib/pkgconfig
2025-10-03T20:03:05.6007315Z   Python_ROOT_DIR: /opt/hostedtoolcache/Python/3.11.13/x64
2025-10-03T20:03:05.6007694Z   Python2_ROOT_DIR: /opt/hostedtoolcache/Python/3.11.13/x64
2025-10-03T20:03:05.6008063Z   Python3_ROOT_DIR: /opt/hostedtoolcache/Python/3.11.13/x64
2025-10-03T20:03:05.6008466Z   LD_LIBRARY_PATH: /opt/hostedtoolcache/Python/3.11.13/x64/lib
2025-10-03T20:03:05.6008773Z ##[endgroup]
2025-10-03T20:03:05.6430949Z 
2025-10-03T20:03:05.6431385Z Initializing an app to run on Azure (azd init)
2025-10-03T20:03:05.6431760Z 
2025-10-03T20:03:05.6455226Z 
2025-10-03T20:03:05.6455582Z SUCCESS: Initialized environment ci-test-2.
2025-10-03T20:03:05.6868019Z ##[group]Run echo "Starting deployment..."
2025-10-03T20:03:05.6868606Z [36;1mecho "Starting deployment..."[0m
2025-10-03T20:03:05.6869062Z [36;1mazd up --no-prompt[0m
2025-10-03T20:03:05.6869454Z [36;1m[0m
2025-10-03T20:03:05.6869766Z [36;1m# Capture outputs[0m
2025-10-03T20:03:05.6870384Z [36;1mAPP_URL=$(azd env get-values | grep AZURE_APP_SERVICE_URL | cut -d'=' -f2 | tr -d '"')[0m
2025-10-03T20:03:05.6871393Z [36;1mSTORAGE_ACCOUNT=$(azd env get-values | grep AZURE_STORAGE_ACCOUNT_NAME | cut -d'=' -f2 | tr -d '"')[0m
2025-10-03T20:03:05.6872442Z [36;1mRESOURCE_GROUP=$(azd env get-values | grep AZURE_RESOURCE_GROUP | cut -d'=' -f2 | tr -d '"')[0m
2025-10-03T20:03:05.6873144Z [36;1m[0m
2025-10-03T20:03:05.6873531Z [36;1mecho "app_url=$APP_URL" >> $GITHUB_OUTPUT[0m
2025-10-03T20:03:05.6874150Z [36;1mecho "storage_account=$STORAGE_ACCOUNT" >> $GITHUB_OUTPUT[0m
2025-10-03T20:03:05.6874815Z [36;1mecho "resource_group=$RESOURCE_GROUP" >> $GITHUB_OUTPUT[0m
2025-10-03T20:03:05.6875393Z [36;1m[0m
2025-10-03T20:03:05.6875909Z [36;1mecho "✅ Deployment complete!"[0m
2025-10-03T20:03:05.6876376Z [36;1mecho "🌐 App URL: $APP_URL"[0m
2025-10-03T20:03:05.6876853Z [36;1mecho "📦 Storage: $STORAGE_ACCOUNT"[0m
2025-10-03T20:03:05.6877400Z [36;1mecho "📂 Resource Group: $RESOURCE_GROUP"[0m
2025-10-03T20:03:05.6925047Z shell: /usr/bin/bash -e {0}
2025-10-03T20:03:05.6925461Z env:
2025-10-03T20:03:05.6925972Z   AZURE_ENV_NAME: ci-test-2
2025-10-03T20:03:05.6926682Z   AZURE_LOCATION: westus3
2025-10-03T20:03:05.6927202Z   pythonLocation: /opt/hostedtoolcache/Python/3.11.13/x64
2025-10-03T20:03:05.6927950Z   PKG_CONFIG_PATH: /opt/hostedtoolcache/Python/3.11.13/x64/lib/pkgconfig
2025-10-03T20:03:05.6928690Z   Python_ROOT_DIR: /opt/hostedtoolcache/Python/3.11.13/x64
2025-10-03T20:03:05.6929350Z   Python2_ROOT_DIR: /opt/hostedtoolcache/Python/3.11.13/x64
2025-10-03T20:03:05.6930009Z   Python3_ROOT_DIR: /opt/hostedtoolcache/Python/3.11.13/x64
2025-10-03T20:03:05.6930684Z   LD_LIBRARY_PATH: /opt/hostedtoolcache/Python/3.11.13/x64/lib
2025-10-03T20:03:05.6931242Z ##[endgroup]
2025-10-03T20:03:05.7000481Z Starting deployment...
2025-10-03T20:03:06.3582718Z Downloading Bicep
2025-10-03T20:03:07.4715639Z   (✓) Done: Downloading Bicep
2025-10-03T20:03:07.8160827Z Initialize bicep provider
2025-10-03T20:03:12.7433777Z 
2025-10-03T20:03:12.7434365Z Packaging services (azd package)
2025-10-03T20:03:12.7434616Z 
2025-10-03T20:03:12.7457808Z Packaging service web
2025-10-03T20:03:12.7511449Z Packaging service web (Compressing deployment artifacts)
2025-10-03T20:03:13.2570546Z   (✓) Done: Packaging service web
2025-10-03T20:03:13.2571111Z   - Package Output: /tmp/video-upload-app-web-azddeploy-1759521792.zip
2025-10-03T20:03:13.6098332Z 
2025-10-03T20:03:13.6098827Z Provisioning Azure resources (azd provision)
2025-10-03T20:03:13.6099417Z Provisioning Azure resources can take some time.
2025-10-03T20:03:13.6099758Z 
2025-10-03T20:03:13.6123022Z Initialize bicep provider
2025-10-03T20:03:17.9764831Z Retrieving subscriptions...
2025-10-03T20:03:18.2181048Z Reading subscription and location from environment...
2025-10-03T20:03:18.9296827Z Subscription: Managed-Environment (***)
2025-10-03T20:03:18.9297296Z Location: West US 3
2025-10-03T20:03:18.9297531Z 
2025-10-03T20:03:18.9297657Z Creating a deployment plan
2025-10-03T20:03:18.9376213Z Comparing deployment state
2025-10-03T20:03:22.1298302Z Creating/Updating resources
2025-10-03T20:03:26.0204398Z   You can view detailed progress in the Azure Portal:
2025-10-03T20:03:26.0205946Z   https://portal.azure.com/#view/HubsExtension/DeploymentDetailsBlade/~/overview/id/%2Fsubscriptions%2F***%2Fproviders%2FMicrosoft.Resources%2Fdeployments%2Fci-test-2-1759521798
2025-10-03T20:03:26.0206738Z 
2025-10-03T20:03:37.5965213Z   (✓) Done: Resource group: rg-ci-test-2 (2.034s)
2025-10-03T20:03:48.8062766Z   (✓) Done: Virtual Network: vnet-ahnm45ogpsuuo (9.839s)
2025-10-03T20:04:11.5771231Z   (✓) Done: Storage account: stahnm45ogpsuuo (23.972s)
2025-10-03T20:04:45.6936359Z   (✓) Done: Private Endpoint: stahnm45ogpsuuo-pe (55.826s)
2025-10-03T20:05:08.6332841Z   (✓) Done: App Service plan: plan-ahnm45ogpsuuo (9.199s)
2025-10-03T20:05:41.7793890Z   (✓) Done: App Service: app-ahnm45ogpsuuo (39.574s)
2025-10-03T20:05:57.8236052Z 
2025-10-03T20:05:57.8236724Z Deploying services (azd deploy)
2025-10-03T20:05:57.8237096Z 
2025-10-03T20:05:57.8237263Z Deploying service web
2025-10-03T20:05:58.8860170Z Deploying service web (Uploading deployment package)
2025-10-03T20:12:52.3772543Z Deploying service web (Running build process)
2025-10-03T20:12:57.1167143Z Deploying service web (Running build process)
2025-10-03T20:13:01.3644410Z Deploying service web (Running build process)
2025-10-03T20:13:05.8819824Z Deploying service web (Running build process)
2025-10-03T20:13:09.9487189Z Deploying service web (Running build process)
2025-10-03T20:13:13.5082197Z Deploying service web (Running build process)
2025-10-03T20:13:17.6883530Z Deploying service web (Running build process)
2025-10-03T20:13:21.3807729Z Deploying service web (Running build process)
2025-10-03T20:13:25.5248160Z Deploying service web (Running build process)
2025-10-03T20:13:29.9156913Z Deploying service web (Running build process)
2025-10-03T20:13:33.8393002Z Deploying service web (Running build process)
2025-10-03T20:13:38.0240964Z Deploying service web (Running build process)
2025-10-03T20:13:42.7364605Z Deploying service web (Running build process)
2025-10-03T20:13:46.7131633Z Deploying service web (Running build process)
2025-10-03T20:13:50.5220418Z Deploying service web (Running build process)
2025-10-03T20:13:54.2333356Z Deploying service web (Running build process)
2025-10-03T20:13:57.9950853Z Deploying service web (Running build process)
2025-10-03T20:14:02.3350791Z Deploying service web (Running build process)
2025-10-03T20:14:06.6906269Z Deploying service web (Running build process)
2025-10-03T20:14:10.9315145Z Deploying service web (Running build process)
2025-10-03T20:14:16.0369221Z Deploying service web (Running build process)
2025-10-03T20:14:19.8859532Z Deploying service web (Running build process)
2025-10-03T20:14:40.5906007Z Deploying service web (Running build process)
2025-10-03T20:15:02.3119020Z Deploying service web (Running build process)
2025-10-03T20:15:22.9961265Z Deploying service web (Running build process)
2025-10-03T20:16:04.3522086Z Deploying service web (Starting runtime process, 1 in progress instances, 0 successful instances)
2025-10-03T20:16:24.8477511Z Deploying service web (Starting runtime process, 1 in progress instances, 0 successful instances)
2025-10-03T20:16:45.0446207Z Deploying service web (Starting runtime process, 1 in progress instances, 0 successful instances)
2025-10-03T20:17:05.2918070Z Deploying service web (Starting runtime process, 1 in progress instances, 0 successful instances)
2025-10-03T20:17:25.4909305Z Deploying service web (Starting runtime process, 1 in progress instances, 0 successful instances)
2025-10-03T20:17:45.6921072Z Deploying service web (Starting runtime process, 1 in progress instances, 0 successful instances)
2025-10-03T20:18:06.2699187Z Deploying service web (Starting runtime process, 1 in progress instances, 0 successful instances)
2025-10-03T20:18:26.5599935Z Deploying service web (Starting runtime process, 1 in progress instances, 0 successful instances)
2025-10-03T20:18:46.8968963Z Deploying service web (Starting runtime process, 1 in progress instances, 0 successful instances)
2025-10-03T20:19:07.4844977Z Deploying service web (Starting runtime process, 1 in progress instances, 0 successful instances)
2025-10-03T20:19:28.2105155Z Deploying service web (Starting runtime process, 1 in progress instances, 0 successful instances)
2025-10-03T20:19:48.4937380Z Deploying service web (Starting runtime process, 1 in progress instances, 0 successful instances)
2025-10-03T20:20:09.0700953Z Deploying service web (Starting runtime process, 1 in progress instances, 0 successful instances)
2025-10-03T20:20:29.6230152Z Deploying service web (Starting runtime process, 1 in progress instances, 0 successful instances)
2025-10-03T20:20:49.8195321Z Deploying service web (Starting runtime process, 1 in progress instances, 0 successful instances)
2025-10-03T20:21:10.0752181Z Deploying service web (Starting runtime process, 1 in progress instances, 0 successful instances)
2025-10-03T20:21:30.5387390Z Deploying service web (Starting runtime process, 1 in progress instances, 0 successful instances)
2025-10-03T20:21:50.7524718Z Deploying service web (Starting runtime process, 1 in progress instances, 0 successful instances)
2025-10-03T20:22:11.0868200Z Deploying service web (Starting runtime process, 1 in progress instances, 0 successful instances)
2025-10-03T20:22:31.5241929Z Deploying service web (Starting runtime process, 1 in progress instances, 0 successful instances)
2025-10-03T20:22:51.7066023Z Deploying service web (Starting runtime process, 1 in progress instances, 0 successful instances)
2025-10-03T20:23:11.9080142Z Deploying service web (Starting runtime process, 1 in progress instances, 0 successful instances)
2025-10-03T20:23:32.0955860Z Deploying service web (Starting runtime process, 1 in progress instances, 0 successful instances)
2025-10-03T20:23:52.3034292Z Deploying service web (Starting runtime process, 1 in progress instances, 0 successful instances)
2025-10-03T20:24:12.4980441Z Deploying service web (Starting runtime process, 1 in progress instances, 0 successful instances)
2025-10-03T20:24:33.0165975Z Deploying service web (Starting runtime process, 1 in progress instances, 0 successful instances)
2025-10-03T20:24:53.1960579Z Deploying service web (Starting runtime process, 1 in progress instances, 0 successful instances)
2025-10-03T20:25:13.3771900Z Deploying service web (Starting runtime process, 1 in progress instances, 0 successful instances)
2025-10-03T20:25:33.5689072Z Deploying service web (Starting runtime process, 1 in progress instances, 0 successful instances)
2025-10-03T20:25:53.7564326Z Deploying service web (Deployment with tracking status failed to start within the allotted time.Resuming deployment without tracking status.)
2025-10-03T20:27:03.2679591Z Deploying service web (Fetching endpoints for app service)
2025-10-03T20:27:03.4869971Z   (✓) Done: Deploying service web
2025-10-03T20:27:03.4870487Z   - Endpoint: https://app-ahnm45ogpsuuo.azurewebsites.net/
2025-10-03T20:27:03.4870866Z 
2025-10-03T20:27:03.4870871Z 
2025-10-03T20:27:03.4871141Z SUCCESS: Your up workflow to provision and deploy to Azure completed in 23 minutes 50 seconds.
2025-10-03T20:27:03.6097101Z ✅ Deployment complete!
2025-10-03T20:27:03.6097826Z 🌐 App URL: https://app-ahnm45ogpsuuo.azurewebsites.net
2025-10-03T20:27:03.6098452Z 📦 Storage: stahnm45ogpsuuo
2025-10-03T20:27:03.6098898Z 📂 Resource Group: rg-ci-test-2
2025-10-03T20:27:03.6157672Z ##[group]Run APP_URL="https://app-ahnm45ogpsuuo.azurewebsites.net"
2025-10-03T20:27:03.6158554Z [36;1mAPP_URL="https://app-ahnm45ogpsuuo.azurewebsites.net"[0m
2025-10-03T20:27:03.6159257Z [36;1mecho "⏳ Waiting 30 seconds for app startup..."[0m
2025-10-03T20:27:03.6159794Z [36;1msleep 30[0m
2025-10-03T20:27:03.6160151Z [36;1m[0m
2025-10-03T20:27:03.6160606Z [36;1mecho "Waiting for app to be responsive at $APP_URL..."[0m
2025-10-03T20:27:03.6161154Z [36;1m[0m
2025-10-03T20:27:03.6161490Z [36;1mmax_attempts=30[0m
2025-10-03T20:27:03.6161887Z [36;1mattempt=0[0m
2025-10-03T20:27:03.6162239Z [36;1m[0m
2025-10-03T20:27:03.6162615Z [36;1mwhile [ $attempt -lt $max_attempts ]; do[0m
2025-10-03T20:27:03.6163268Z [36;1m  if curl -sf "$APP_URL/api/health" > /dev/null 2>&1; then[0m
2025-10-03T20:27:03.6163860Z [36;1m    echo "✅ App is ready!"[0m
2025-10-03T20:27:03.6164355Z [36;1m    curl -s "$APP_URL/api/health" | jq '.'[0m
2025-10-03T20:27:03.6164898Z [36;1m    break[0m
2025-10-03T20:27:03.6165258Z [36;1m  fi[0m
2025-10-03T20:27:03.6165579Z [36;1m  [0m
2025-10-03T20:27:03.6166146Z [36;1m  attempt=$((attempt + 1))[0m
2025-10-03T20:27:03.6166771Z [36;1m  echo "Attempt $attempt/$max_attempts - waiting 10 seconds..."[0m
2025-10-03T20:27:03.6167378Z [36;1m  sleep 10[0m
2025-10-03T20:27:03.6167747Z [36;1mdone[0m
2025-10-03T20:27:03.6168086Z [36;1m[0m
2025-10-03T20:27:03.6168465Z [36;1mif [ $attempt -eq $max_attempts ]; then[0m
2025-10-03T20:27:03.6169123Z [36;1m  echo "❌ App failed to become ready after $max_attempts attempts"[0m
2025-10-03T20:27:03.6169808Z [36;1m  echo "🔍 Attempting diagnostic check..."[0m
2025-10-03T20:27:03.6170361Z [36;1m  curl -v "$APP_URL/api/health" || true[0m
2025-10-03T20:27:03.6170931Z [36;1m  echo "Checking App Service status..."[0m
2025-10-03T20:27:03.6171429Z [36;1m  az webapp show \[0m
2025-10-03T20:27:03.6172050Z [36;1m    --name $(echo "$APP_URL" | sed 's/https:\/\///' | sed 's/.azurewebsites.net//') \[0m
2025-10-03T20:27:03.6172767Z [36;1m    --resource-group "rg-ci-test-2" \[0m
2025-10-03T20:27:03.6173409Z [36;1m    --query "{state: state, hostNames: hostNames}" -o table || true[0m
2025-10-03T20:27:03.6173999Z [36;1m  exit 1[0m
2025-10-03T20:27:03.6174321Z [36;1mfi[0m
2025-10-03T20:27:03.6221367Z shell: /usr/bin/bash -e {0}
2025-10-03T20:27:03.6221769Z env:
2025-10-03T20:27:03.6222083Z   AZURE_ENV_NAME: ci-test-2
2025-10-03T20:27:03.6222486Z   AZURE_LOCATION: westus3
2025-10-03T20:27:03.6222983Z   pythonLocation: /opt/hostedtoolcache/Python/3.11.13/x64
2025-10-03T20:27:03.6223709Z   PKG_CONFIG_PATH: /opt/hostedtoolcache/Python/3.11.13/x64/lib/pkgconfig
2025-10-03T20:27:03.6224432Z   Python_ROOT_DIR: /opt/hostedtoolcache/Python/3.11.13/x64
2025-10-03T20:27:03.6225336Z   Python2_ROOT_DIR: /opt/hostedtoolcache/Python/3.11.13/x64
2025-10-03T20:27:03.6226182Z   Python3_ROOT_DIR: /opt/hostedtoolcache/Python/3.11.13/x64
2025-10-03T20:27:03.6226802Z   LD_LIBRARY_PATH: /opt/hostedtoolcache/Python/3.11.13/x64/lib
2025-10-03T20:27:03.6227338Z ##[endgroup]
2025-10-03T20:27:03.6287568Z ⏳ Waiting 30 seconds for app startup...
2025-10-03T20:27:33.6308277Z Waiting for app to be responsive at https://app-ahnm45ogpsuuo.azurewebsites.net...
2025-10-03T20:28:20.0596142Z ✅ App is ready!
2025-10-03T20:28:20.3611067Z {
2025-10-03T20:28:20.3611476Z   "auth_method": "managed-identity",
2025-10-03T20:28:20.3611986Z   "azure_storage": "connected",
2025-10-03T20:28:20.3612340Z   "status": "healthy",
2025-10-03T20:28:20.3612723Z   "timestamp": "2025-10-03T20:28:20.308381"
2025-10-03T20:28:20.3613150Z }
2025-10-03T20:28:20.3647439Z ##[group]Run echo "🧪 Running Playwright tests against $APP_URL"
2025-10-03T20:28:20.3647894Z [36;1mecho "🧪 Running Playwright tests against $APP_URL"[0m
2025-10-03T20:28:20.3648414Z [36;1mpytest tests/e2e/ -v --headed=false --video=retain-on-failure --screenshot=only-on-failure[0m
2025-10-03T20:28:20.3680592Z shell: /usr/bin/bash -e {0}
2025-10-03T20:28:20.3680837Z env:
2025-10-03T20:28:20.3681022Z   AZURE_ENV_NAME: ci-test-2
2025-10-03T20:28:20.3681254Z   AZURE_LOCATION: westus3
2025-10-03T20:28:20.3681543Z   pythonLocation: /opt/hostedtoolcache/Python/3.11.13/x64
2025-10-03T20:28:20.3681958Z   PKG_CONFIG_PATH: /opt/hostedtoolcache/Python/3.11.13/x64/lib/pkgconfig
2025-10-03T20:28:20.3682365Z   Python_ROOT_DIR: /opt/hostedtoolcache/Python/3.11.13/x64
2025-10-03T20:28:20.3682736Z   Python2_ROOT_DIR: /opt/hostedtoolcache/Python/3.11.13/x64
2025-10-03T20:28:20.3683105Z   Python3_ROOT_DIR: /opt/hostedtoolcache/Python/3.11.13/x64
2025-10-03T20:28:20.3683491Z   LD_LIBRARY_PATH: /opt/hostedtoolcache/Python/3.11.13/x64/lib
2025-10-03T20:28:20.3683871Z   APP_URL: https://app-ahnm45ogpsuuo.azurewebsites.net
2025-10-03T20:28:20.3684197Z   STORAGE_ACCOUNT: stahnm45ogpsuuo
2025-10-03T20:28:20.3684459Z   RESOURCE_GROUP: rg-ci-test-2
2025-10-03T20:28:20.3684689Z ##[endgroup]
2025-10-03T20:28:20.3735127Z 🧪 Running Playwright tests against https://app-ahnm45ogpsuuo.azurewebsites.net
2025-10-03T20:28:21.4816980Z ERROR: usage: pytest [options] [file_or_dir] [file_or_dir] [...]
2025-10-03T20:28:21.4817608Z pytest: error: argument --headed: ignored explicit argument 'false'
2025-10-03T20:28:21.4817959Z 
2025-10-03T20:28:21.5181209Z ##[error]Process completed with exit code 4.
2025-10-03T20:28:21.5236860Z ##[group]Run actions/upload-artifact@v4
2025-10-03T20:28:21.5237162Z with:
2025-10-03T20:28:21.5237373Z   name: playwright-results
2025-10-03T20:28:21.5237645Z   path: test-results/
playwright-report/

2025-10-03T20:28:21.5237924Z   retention-days: 7
2025-10-03T20:28:21.5238138Z   if-no-files-found: warn
2025-10-03T20:28:21.5238364Z   compression-level: 6
2025-10-03T20:28:21.5238578Z   overwrite: false
2025-10-03T20:28:21.5238791Z   include-hidden-files: false
2025-10-03T20:28:21.5239034Z env:
2025-10-03T20:28:21.5239222Z   AZURE_ENV_NAME: ci-test-2
2025-10-03T20:28:21.5239452Z   AZURE_LOCATION: westus3
2025-10-03T20:28:21.5239741Z   pythonLocation: /opt/hostedtoolcache/Python/3.11.13/x64
2025-10-03T20:28:21.5240163Z   PKG_CONFIG_PATH: /opt/hostedtoolcache/Python/3.11.13/x64/lib/pkgconfig
2025-10-03T20:28:21.5240566Z   Python_ROOT_DIR: /opt/hostedtoolcache/Python/3.11.13/x64
2025-10-03T20:28:21.5240926Z   Python2_ROOT_DIR: /opt/hostedtoolcache/Python/3.11.13/x64
2025-10-03T20:28:21.5241312Z   Python3_ROOT_DIR: /opt/hostedtoolcache/Python/3.11.13/x64
2025-10-03T20:28:21.5241678Z   LD_LIBRARY_PATH: /opt/hostedtoolcache/Python/3.11.13/x64/lib
2025-10-03T20:28:21.5241982Z ##[endgroup]
2025-10-03T20:28:21.7452237Z Multiple search paths detected. Calculating the least common ancestor of all paths
2025-10-03T20:28:21.7455389Z The least common ancestor is /home/runner/work/az-storage-upload-web-app/az-storage-upload-web-app. This will be the root directory of the artifact
2025-10-03T20:28:21.7470829Z ##[warning]No files were found with the provided path: test-results/
playwright-report/. No artifacts will be uploaded.
2025-10-03T20:28:21.7557741Z ##[group]Run echo "🧹 Starting cleanup of Azure resources..."
2025-10-03T20:28:21.7558431Z [36;1mecho "🧹 Starting cleanup of Azure resources..."[0m
2025-10-03T20:28:21.7558856Z [36;1m[0m
2025-10-03T20:28:21.7559198Z [36;1m# Get resource group name[0m
2025-10-03T20:28:21.7559595Z [36;1mRG_NAME="rg-ci-test-2"[0m
2025-10-03T20:28:21.7572439Z [36;1m[0m
2025-10-03T20:28:21.7572774Z [36;1mif [ -z "$RG_NAME" ]; then[0m
2025-10-03T20:28:21.7573447Z [36;1m  echo "⚠️ Resource group name not found, attempting to find by environment name..."[0m
2025-10-03T20:28:21.7574277Z [36;1m  RG_NAME=$(az group list --query "[?tags.\"azd-env-name\"=='ci-test-2'].name" -o tsv)[0m
2025-10-03T20:28:21.7574860Z [36;1mfi[0m
2025-10-03T20:28:21.7575156Z [36;1m[0m
2025-10-03T20:28:21.7575390Z [36;1mif [ -n "$RG_NAME" ]; then[0m
2025-10-03T20:28:21.7576166Z [36;1m  echo "Found resource group: $RG_NAME"[0m
2025-10-03T20:28:21.7576513Z [36;1m  [0m
2025-10-03T20:28:21.7576769Z [36;1m  # Delete resource group[0m
2025-10-03T20:28:21.7577067Z [36;1m  echo "Deleting resource group: $RG_NAME"[0m
2025-10-03T20:28:21.7577412Z [36;1m  az group delete --name "$RG_NAME" --yes --no-wait[0m
2025-10-03T20:28:21.7577711Z [36;1m  [0m
2025-10-03T20:28:21.7577967Z [36;1m  echo "✅ Resource group deletion initiated (async)"[0m
2025-10-03T20:28:21.7578278Z [36;1melse[0m
2025-10-03T20:28:21.7578523Z [36;1m  echo "⚠️ No resource group found to delete"[0m
2025-10-03T20:28:21.7578799Z [36;1mfi[0m
2025-10-03T20:28:21.7578982Z [36;1m[0m
2025-10-03T20:28:21.7579179Z [36;1m# Clean up azd environment[0m
2025-10-03T20:28:21.7579455Z [36;1mecho "Cleaning up azd environment..."[0m
2025-10-03T20:28:21.7579786Z [36;1mazd down --force --purge --no-prompt || true[0m
2025-10-03T20:28:21.7580069Z [36;1m[0m
2025-10-03T20:28:21.7580262Z [36;1mecho "✅ Cleanup complete!"[0m
2025-10-03T20:28:21.7612548Z shell: /usr/bin/bash -e {0}
2025-10-03T20:28:21.7612809Z env:
2025-10-03T20:28:21.7613011Z   AZURE_ENV_NAME: ci-test-2
2025-10-03T20:28:21.7613246Z   AZURE_LOCATION: westus3
2025-10-03T20:28:21.7613545Z   pythonLocation: /opt/hostedtoolcache/Python/3.11.13/x64
2025-10-03T20:28:21.7613975Z   PKG_CONFIG_PATH: /opt/hostedtoolcache/Python/3.11.13/x64/lib/pkgconfig
2025-10-03T20:28:21.7614382Z   Python_ROOT_DIR: /opt/hostedtoolcache/Python/3.11.13/x64
2025-10-03T20:28:21.7614747Z   Python2_ROOT_DIR: /opt/hostedtoolcache/Python/3.11.13/x64
2025-10-03T20:28:21.7615111Z   Python3_ROOT_DIR: /opt/hostedtoolcache/Python/3.11.13/x64
2025-10-03T20:28:21.7615478Z   LD_LIBRARY_PATH: /opt/hostedtoolcache/Python/3.11.13/x64/lib
2025-10-03T20:28:21.7615962Z ##[endgroup]
2025-10-03T20:28:21.7668184Z 🧹 Starting cleanup of Azure resources...
2025-10-03T20:28:21.7668701Z Found resource group: rg-ci-test-2
2025-10-03T20:28:21.7669174Z Deleting resource group: rg-ci-test-2
2025-10-03T20:28:23.6779489Z ✅ Resource group deletion initiated (async)
2025-10-03T20:28:23.6780088Z Cleaning up azd environment...
2025-10-03T20:28:24.2750404Z 
2025-10-03T20:28:24.2750943Z Deleting all resources and deployed code on Azure (azd down)
2025-10-03T20:28:24.2751693Z Local application code is not deleted when running 'azd down'.
2025-10-03T20:28:24.2752167Z 
2025-10-03T20:28:24.6135309Z Initialize bicep provider
2025-10-03T20:28:29.4864985Z Discovering resources to delete...
2025-10-03T20:28:33.0276233Z Deleting your resources can take some time.
2025-10-03T20:28:33.0276733Z 
2025-10-03T20:28:33.9879538Z Deleting resource group rg-ci-test-2
2025-10-03T20:31:39.6239874Z   (✓) Done: Deleted resource group rg-ci-test-2
2025-10-03T20:32:14.0020487Z 
2025-10-03T20:32:14.0029795Z 
2025-10-03T20:32:14.0030521Z SUCCESS: Your application was removed from Azure in 3 minutes 49 seconds.
2025-10-03T20:32:14.0059897Z ✅ Cleanup complete!
2025-10-03T20:32:14.0099686Z ##[group]Run echo "🔍 Verifying all resources are deleted..."
2025-10-03T20:32:14.0100739Z [36;1mecho "🔍 Verifying all resources are deleted..."[0m
2025-10-03T20:32:14.0101267Z [36;1m[0m
2025-10-03T20:32:14.0101598Z [36;1mRG_NAME="rg-ci-test-2"[0m
2025-10-03T20:32:14.0102011Z [36;1m[0m
2025-10-03T20:32:14.0102352Z [36;1mif [ -n "$RG_NAME" ]; then[0m
2025-10-03T20:32:14.0102863Z [36;1m  # Wait a bit for deletion to propagate[0m
2025-10-03T20:32:14.0103364Z [36;1m  sleep 10[0m
2025-10-03T20:32:14.0103730Z [36;1m  [0m
2025-10-03T20:32:14.0104114Z [36;1m  # Check if resource group still exists[0m
2025-10-03T20:32:14.0104714Z [36;1m  if az group show --name "$RG_NAME" > /dev/null 2>&1; then[0m
2025-10-03T20:32:14.0105443Z [36;1m    echo "⚠️ Resource group still exists (deletion in progress)"[0m
2025-10-03T20:32:14.0106341Z [36;1m    echo "Status: Being deleted (async operation)"[0m
2025-10-03T20:32:14.0106859Z [36;1m  else[0m
2025-10-03T20:32:14.0107334Z [36;1m    echo "✅ Resource group confirmed deleted"[0m
2025-10-03T20:32:14.0107821Z [36;1m  fi[0m
2025-10-03T20:32:14.0108150Z [36;1mfi[0m
2025-10-03T20:32:14.0108465Z [36;1m[0m
2025-10-03T20:32:14.0108891Z [36;1m# List any remaining resources from this environment[0m
2025-10-03T20:32:14.0109840Z [36;1mREMAINING=$(az resource list --tag "azd-env-name=ci-test-2" --query "length(@)" -o tsv 2>/dev/null || echo "0")[0m
2025-10-03T20:32:14.0110685Z [36;1m[0m
2025-10-03T20:32:14.0111024Z [36;1mif [ "$REMAINING" -gt 0 ]; then[0m
2025-10-03T20:32:14.0111740Z [36;1m  echo "⚠️ Warning: Found $REMAINING resources still tagged with environment name"[0m
2025-10-03T20:32:14.0112604Z [36;1m  az resource list --tag "azd-env-name=ci-test-2" --output table[0m
2025-10-03T20:32:14.0113193Z [36;1melse[0m
2025-10-03T20:32:14.0113577Z [36;1m  echo "✅ No tagged resources remaining"[0m
2025-10-03T20:32:14.0114046Z [36;1mfi[0m
2025-10-03T20:32:14.0156392Z shell: /usr/bin/bash -e {0}
2025-10-03T20:32:14.0156668Z env:
2025-10-03T20:32:14.0156866Z   AZURE_ENV_NAME: ci-test-2
2025-10-03T20:32:14.0157122Z   AZURE_LOCATION: westus3
2025-10-03T20:32:14.0157418Z   pythonLocation: /opt/hostedtoolcache/Python/3.11.13/x64
2025-10-03T20:32:14.0157842Z   PKG_CONFIG_PATH: /opt/hostedtoolcache/Python/3.11.13/x64/lib/pkgconfig
2025-10-03T20:32:14.0158275Z   Python_ROOT_DIR: /opt/hostedtoolcache/Python/3.11.13/x64
2025-10-03T20:32:14.0158645Z   Python2_ROOT_DIR: /opt/hostedtoolcache/Python/3.11.13/x64
2025-10-03T20:32:14.0159009Z   Python3_ROOT_DIR: /opt/hostedtoolcache/Python/3.11.13/x64
2025-10-03T20:32:14.0159374Z   LD_LIBRARY_PATH: /opt/hostedtoolcache/Python/3.11.13/x64/lib
2025-10-03T20:32:14.0159680Z ##[endgroup]
2025-10-03T20:32:14.0218422Z 🔍 Verifying all resources are deleted...
2025-10-03T20:32:25.2273382Z ✅ Resource group confirmed deleted
2025-10-03T20:32:26.2519576Z ✅ No tagged resources remaining
2025-10-03T20:32:26.2547800Z ##[group]Run echo "## 🎯 CI/CD Pipeline Summary" >> $GITHUB_STEP_SUMMARY
2025-10-03T20:32:26.2548317Z [36;1mecho "## 🎯 CI/CD Pipeline Summary" >> $GITHUB_STEP_SUMMARY[0m
2025-10-03T20:32:26.2548688Z [36;1mecho "" >> $GITHUB_STEP_SUMMARY[0m
2025-10-03T20:32:26.2549039Z [36;1mecho "**Environment**: \`ci-test-2\`" >> $GITHUB_STEP_SUMMARY[0m
2025-10-03T20:32:26.2549435Z [36;1mecho "**Location**: \`westus3\`" >> $GITHUB_STEP_SUMMARY[0m
2025-10-03T20:32:26.2549762Z [36;1mecho "" >> $GITHUB_STEP_SUMMARY[0m
2025-10-03T20:32:26.2550009Z [36;1m[0m
2025-10-03T20:32:26.2550220Z [36;1mif [ "success" == "success" ]; then[0m
2025-10-03T20:32:26.2550562Z [36;1m  echo "✅ **Deployment**: Success" >> $GITHUB_STEP_SUMMARY[0m
2025-10-03T20:32:26.2551095Z [36;1m  echo "- App URL: https://app-ahnm45ogpsuuo.azurewebsites.net" >> $GITHUB_STEP_SUMMARY[0m
2025-10-03T20:32:26.2551596Z [36;1m  echo "- Storage: stahnm45ogpsuuo" >> $GITHUB_STEP_SUMMARY[0m
2025-10-03T20:32:26.2552023Z [36;1m  echo "- Resource Group: rg-ci-test-2" >> $GITHUB_STEP_SUMMARY[0m
2025-10-03T20:32:26.2552352Z [36;1melse[0m
2025-10-03T20:32:26.2552617Z [36;1m  echo "❌ **Deployment**: Failed" >> $GITHUB_STEP_SUMMARY[0m
2025-10-03T20:32:26.2553133Z [36;1mfi[0m
2025-10-03T20:32:26.2553324Z [36;1m[0m
2025-10-03T20:32:26.2553535Z [36;1mecho "" >> $GITHUB_STEP_SUMMARY[0m
2025-10-03T20:32:26.2553797Z [36;1m[0m
2025-10-03T20:32:26.2553999Z [36;1mif [ "failure" == "success" ]; then[0m
2025-10-03T20:32:26.2554328Z [36;1m  echo "✅ **Tests**: Passed" >> $GITHUB_STEP_SUMMARY[0m
2025-10-03T20:32:26.2554623Z [36;1melse[0m
2025-10-03T20:32:26.2554862Z [36;1m  echo "❌ **Tests**: Failed" >> $GITHUB_STEP_SUMMARY[0m
2025-10-03T20:32:26.2555150Z [36;1mfi[0m
2025-10-03T20:32:26.2555335Z [36;1m[0m
2025-10-03T20:32:26.2555532Z [36;1mecho "" >> $GITHUB_STEP_SUMMARY[0m
2025-10-03T20:32:26.2556325Z [36;1mecho "✅ **Cleanup**: Completed (resources deleted)" >> $GITHUB_STEP_SUMMARY[0m
2025-10-03T20:32:26.2556698Z [36;1m[0m
2025-10-03T20:32:26.2556890Z [36;1m# Overall status[0m
2025-10-03T20:32:26.2557192Z [36;1mif [ "success" == "success" ] && [ "failure" == "success" ]; then[0m
2025-10-03T20:32:26.2557539Z [36;1m  echo "" >> $GITHUB_STEP_SUMMARY[0m
2025-10-03T20:32:26.2557890Z [36;1m  echo "🎉 **Pipeline Status**: SUCCESS" >> $GITHUB_STEP_SUMMARY[0m
2025-10-03T20:32:26.2558213Z [36;1m  exit 0[0m
2025-10-03T20:32:26.2558413Z [36;1melse[0m
2025-10-03T20:32:26.2558621Z [36;1m  echo "" >> $GITHUB_STEP_SUMMARY[0m
2025-10-03T20:32:26.2558949Z [36;1m  echo "⚠️ **Pipeline Status**: FAILED" >> $GITHUB_STEP_SUMMARY[0m
2025-10-03T20:32:26.2559267Z [36;1m  exit 1[0m
2025-10-03T20:32:26.2559457Z [36;1mfi[0m
2025-10-03T20:32:26.2591504Z shell: /usr/bin/bash -e {0}
2025-10-03T20:32:26.2591774Z env:
2025-10-03T20:32:26.2591976Z   AZURE_ENV_NAME: ci-test-2
2025-10-03T20:32:26.2592203Z   AZURE_LOCATION: westus3
2025-10-03T20:32:26.2592496Z   pythonLocation: /opt/hostedtoolcache/Python/3.11.13/x64
2025-10-03T20:32:26.2592926Z   PKG_CONFIG_PATH: /opt/hostedtoolcache/Python/3.11.13/x64/lib/pkgconfig
2025-10-03T20:32:26.2593332Z   Python_ROOT_DIR: /opt/hostedtoolcache/Python/3.11.13/x64
2025-10-03T20:32:26.2593692Z   Python2_ROOT_DIR: /opt/hostedtoolcache/Python/3.11.13/x64
2025-10-03T20:32:26.2594050Z   Python3_ROOT_DIR: /opt/hostedtoolcache/Python/3.11.13/x64
2025-10-03T20:32:26.2594421Z   LD_LIBRARY_PATH: /opt/hostedtoolcache/Python/3.11.13/x64/lib
2025-10-03T20:32:26.2594729Z ##[endgroup]
2025-10-03T20:32:26.2654086Z ##[error]Process completed with exit code 1.
2025-10-03T20:32:26.2705570Z Post job cleanup.
2025-10-03T20:32:26.3100662Z Clearing azure cli accounts from the local cache.
2025-10-03T20:32:26.3117661Z [command]/usr/bin/az account clear
2025-10-03T20:32:27.1231906Z Post job cleanup.
2025-10-03T20:32:27.2567985Z [command]/usr/bin/git version
2025-10-03T20:32:27.2608205Z git version 2.51.0
2025-10-03T20:32:27.2652761Z Temporarily overriding HOME='/home/runner/work/_temp/86cf602a-7754-4ce8-add0-c4096e7e01c2' before making global git config changes
2025-10-03T20:32:27.2654119Z Adding repository directory to the temporary git global config as a safe directory
2025-10-03T20:32:27.2659698Z [command]/usr/bin/git config --global --add safe.directory /home/runner/work/az-storage-upload-web-app/az-storage-upload-web-app
2025-10-03T20:32:27.2697792Z [command]/usr/bin/git config --local --name-only --get-regexp core\.sshCommand
2025-10-03T20:32:27.2730973Z [command]/usr/bin/git submodule foreach --recursive sh -c "git config --local --name-only --get-regexp 'core\.sshCommand' && git config --local --unset-all 'core.sshCommand' || :"
2025-10-03T20:32:27.2976571Z [command]/usr/bin/git config --local --name-only --get-regexp http\.https\:\/\/github\.com\/\.extraheader
2025-10-03T20:32:27.2997688Z http.https://github.com/.extraheader
2025-10-03T20:32:27.3009781Z [command]/usr/bin/git config --local --unset-all http.https://github.com/.extraheader
2025-10-03T20:32:27.3039857Z [command]/usr/bin/git submodule foreach --recursive sh -c "git config --local --name-only --get-regexp 'http\.https\:\/\/github\.com\/\.extraheader' && git config --local --unset-all 'http.https://github.com/.extraheader' || :"
2025-10-03T20:32:27.3356828Z Cleaning up orphan processes
