2025-10-03T18:58:48.5905819Z Current runner version: '2.328.0'
2025-10-03T18:58:48.5940915Z ##[group]Runner Image Provisioner
2025-10-03T18:58:48.5942236Z Hosted Compute Agent
2025-10-03T18:58:48.5943431Z Version: 20250912.392
2025-10-03T18:58:48.5944472Z Commit: d921fda672a98b64f4f82364647e2f10b2267d0b
2025-10-03T18:58:48.5945806Z Build Date: 2025-09-12T15:23:14Z
2025-10-03T18:58:48.5946803Z ##[endgroup]
2025-10-03T18:58:48.5947839Z ##[group]Operating System
2025-10-03T18:58:48.5948891Z Ubuntu
2025-10-03T18:58:48.5949760Z 24.04.3
2025-10-03T18:58:48.5950601Z LTS
2025-10-03T18:58:48.5951444Z ##[endgroup]
2025-10-03T18:58:48.5952332Z ##[group]Runner Image
2025-10-03T18:58:48.5953645Z Image: ubuntu-24.04
2025-10-03T18:58:48.5954566Z Version: 20250929.60.1
2025-10-03T18:58:48.5956577Z Included Software: https://github.com/actions/runner-images/blob/ubuntu24/20250929.60/images/ubuntu/Ubuntu2404-Readme.md
2025-10-03T18:58:48.5959503Z Image Release: https://github.com/actions/runner-images/releases/tag/ubuntu24%2F20250929.60
2025-10-03T18:58:48.5961565Z ##[endgroup]
2025-10-03T18:58:48.5963860Z ##[group]GITHUB_TOKEN Permissions
2025-10-03T18:58:48.5966656Z Contents: read
2025-10-03T18:58:48.5967633Z Metadata: read
2025-10-03T18:58:48.5968662Z ##[endgroup]
2025-10-03T18:58:48.5972258Z Secret source: Actions
2025-10-03T18:58:48.5974152Z Prepare workflow directory
2025-10-03T18:58:48.6770079Z Prepare all required actions
2025-10-03T18:58:48.6827901Z Getting action download info
2025-10-03T18:58:48.9722245Z Download action repository 'actions/checkout@v4' (SHA:08eba0b27e820071cde6df949e0beb9ba4906955)
2025-10-03T18:58:49.0543678Z Download action repository 'actions/setup-python@v5' (SHA:a26af69be951a213d495a4c3e4e4022e16d87065)
2025-10-03T18:58:49.1425714Z Download action repository 'azure/login@v2' (SHA:a457da9ea143d694b1b9c7c869ebb04ebe844ef5)
2025-10-03T18:58:49.3178905Z Download action repository 'actions/upload-artifact@v4' (SHA:ea165f8d65b6e75b540449e92b4886f43607fa02)
2025-10-03T18:58:49.5105446Z Complete job name: Deploy, Test, and Cleanup
2025-10-03T18:58:49.5927109Z ##[group]Run actions/checkout@v4
2025-10-03T18:58:49.5928131Z with:
2025-10-03T18:58:49.5928786Z   repository: bradcstevens/az-storage-upload-web-app
2025-10-03T18:58:49.5929823Z   token: ***
2025-10-03T18:58:49.5930353Z   ssh-strict: true
2025-10-03T18:58:49.5930901Z   ssh-user: git
2025-10-03T18:58:49.5931444Z   persist-credentials: true
2025-10-03T18:58:49.5932082Z   clean: true
2025-10-03T18:58:49.5932632Z   sparse-checkout-cone-mode: true
2025-10-03T18:58:49.5933578Z   fetch-depth: 1
2025-10-03T18:58:49.5934151Z   fetch-tags: false
2025-10-03T18:58:49.5934695Z   show-progress: true
2025-10-03T18:58:49.5935278Z   lfs: false
2025-10-03T18:58:49.5935787Z   submodules: false
2025-10-03T18:58:49.5936341Z   set-safe-directory: true
2025-10-03T18:58:49.5937258Z env:
2025-10-03T18:58:49.5937790Z   AZURE_ENV_NAME: ci-test-1
2025-10-03T18:58:49.5938435Z   AZURE_LOCATION: westus3
2025-10-03T18:58:49.5939016Z ##[endgroup]
2025-10-03T18:58:49.7110003Z Syncing repository: bradcstevens/az-storage-upload-web-app
2025-10-03T18:58:49.7112140Z ##[group]Getting Git version info
2025-10-03T18:58:49.7113555Z Working directory is '/home/runner/work/az-storage-upload-web-app/az-storage-upload-web-app'
2025-10-03T18:58:49.7115091Z [command]/usr/bin/git version
2025-10-03T18:58:49.7175377Z git version 2.51.0
2025-10-03T18:58:49.7202824Z ##[endgroup]
2025-10-03T18:58:49.7216316Z Temporarily overriding HOME='/home/runner/work/_temp/002c6c70-9c88-494f-88ed-9a3284de0fb8' before making global git config changes
2025-10-03T18:58:49.7218136Z Adding repository directory to the temporary git global config as a safe directory
2025-10-03T18:58:49.7228796Z [command]/usr/bin/git config --global --add safe.directory /home/runner/work/az-storage-upload-web-app/az-storage-upload-web-app
2025-10-03T18:58:49.7264826Z Deleting the contents of '/home/runner/work/az-storage-upload-web-app/az-storage-upload-web-app'
2025-10-03T18:58:49.7268100Z ##[group]Initializing the repository
2025-10-03T18:58:49.7272308Z [command]/usr/bin/git init /home/runner/work/az-storage-upload-web-app/az-storage-upload-web-app
2025-10-03T18:58:49.7342338Z hint: Using 'master' as the name for the initial branch. This default branch name
2025-10-03T18:58:49.7344680Z hint: is subject to change. To configure the initial branch name to use in all
2025-10-03T18:58:49.7346673Z hint: of your new repositories, which will suppress this warning, call:
2025-10-03T18:58:49.7348006Z hint:
2025-10-03T18:58:49.7348958Z hint: 	git config --global init.defaultBranch <name>
2025-10-03T18:58:49.7349743Z hint:
2025-10-03T18:58:49.7350459Z hint: Names commonly chosen instead of 'master' are 'main', 'trunk' and
2025-10-03T18:58:49.7351928Z hint: 'development'. The just-created branch can be renamed via this command:
2025-10-03T18:58:49.7352899Z hint:
2025-10-03T18:58:49.7353635Z hint: 	git branch -m <name>
2025-10-03T18:58:49.7354251Z hint:
2025-10-03T18:58:49.7355097Z hint: Disable this message with "git config set advice.defaultBranchName false"
2025-10-03T18:58:49.7357008Z Initialized empty Git repository in /home/runner/work/az-storage-upload-web-app/az-storage-upload-web-app/.git/
2025-10-03T18:58:49.7359950Z [command]/usr/bin/git remote add origin https://github.com/bradcstevens/az-storage-upload-web-app
2025-10-03T18:58:49.7399709Z ##[endgroup]
2025-10-03T18:58:49.7400660Z ##[group]Disabling automatic garbage collection
2025-10-03T18:58:49.7405916Z [command]/usr/bin/git config --local gc.auto 0
2025-10-03T18:58:49.7435642Z ##[endgroup]
2025-10-03T18:58:49.7437203Z ##[group]Setting up auth
2025-10-03T18:58:49.7443701Z [command]/usr/bin/git config --local --name-only --get-regexp core\.sshCommand
2025-10-03T18:58:49.7475384Z [command]/usr/bin/git submodule foreach --recursive sh -c "git config --local --name-only --get-regexp 'core\.sshCommand' && git config --local --unset-all 'core.sshCommand' || :"
2025-10-03T18:58:49.7786726Z [command]/usr/bin/git config --local --name-only --get-regexp http\.https\:\/\/github\.com\/\.extraheader
2025-10-03T18:58:49.7816541Z [command]/usr/bin/git submodule foreach --recursive sh -c "git config --local --name-only --get-regexp 'http\.https\:\/\/github\.com\/\.extraheader' && git config --local --unset-all 'http.https://github.com/.extraheader' || :"
2025-10-03T18:58:49.8039214Z [command]/usr/bin/git config --local http.https://github.com/.extraheader AUTHORIZATION: basic ***
2025-10-03T18:58:49.8082445Z ##[endgroup]
2025-10-03T18:58:49.8084249Z ##[group]Fetching the repository
2025-10-03T18:58:49.8092805Z [command]/usr/bin/git -c protocol.version=2 fetch --no-tags --prune --no-recurse-submodules --depth=1 origin +07f21d3ca127cc1a5f8153a4fec5c3bc4bd4e683:refs/remotes/origin/main
2025-10-03T18:58:50.1869857Z From https://github.com/bradcstevens/az-storage-upload-web-app
2025-10-03T18:58:50.1871317Z  * [new ref]         07f21d3ca127cc1a5f8153a4fec5c3bc4bd4e683 -> origin/main
2025-10-03T18:58:50.1902107Z ##[endgroup]
2025-10-03T18:58:50.1904263Z ##[group]Determining the checkout info
2025-10-03T18:58:50.1906368Z ##[endgroup]
2025-10-03T18:58:50.1910211Z [command]/usr/bin/git sparse-checkout disable
2025-10-03T18:58:50.1950792Z [command]/usr/bin/git config --local --unset-all extensions.worktreeConfig
2025-10-03T18:58:50.1979201Z ##[group]Checking out the ref
2025-10-03T18:58:50.1982945Z [command]/usr/bin/git checkout --progress --force -B main refs/remotes/origin/main
2025-10-03T18:58:50.2611815Z Switched to a new branch 'main'
2025-10-03T18:58:50.2613032Z branch 'main' set up to track 'origin/main'.
2025-10-03T18:58:50.2624845Z ##[endgroup]
2025-10-03T18:58:50.2663709Z [command]/usr/bin/git log -1 --format=%H
2025-10-03T18:58:50.2686252Z 07f21d3ca127cc1a5f8153a4fec5c3bc4bd4e683
2025-10-03T18:58:50.2986066Z ##[group]Run actions/setup-python@v5
2025-10-03T18:58:50.2987323Z with:
2025-10-03T18:58:50.2988205Z   python-version: 3.11
2025-10-03T18:58:50.2989217Z   cache: pip
2025-10-03T18:58:50.2990158Z   check-latest: false
2025-10-03T18:58:50.2991446Z   token: ***
2025-10-03T18:58:50.2992403Z   update-environment: true
2025-10-03T18:58:50.2993683Z   allow-prereleases: false
2025-10-03T18:58:50.2995021Z   freethreaded: false
2025-10-03T18:58:50.2996017Z env:
2025-10-03T18:58:50.2996900Z   AZURE_ENV_NAME: ci-test-1
2025-10-03T18:58:50.2998012Z   AZURE_LOCATION: westus3
2025-10-03T18:58:50.2999062Z ##[endgroup]
2025-10-03T18:58:50.4778688Z ##[group]Installed versions
2025-10-03T18:58:50.4886728Z Successfully set up CPython (3.11.13)
2025-10-03T18:58:50.4889759Z ##[endgroup]
2025-10-03T18:58:50.5433920Z [command]/opt/hostedtoolcache/Python/3.11.13/x64/bin/pip cache dir
2025-10-03T18:58:50.8056259Z /home/runner/.cache/pip
2025-10-03T18:58:50.9247363Z pip cache is not found
2025-10-03T18:58:50.9398922Z ##[group]Run curl -fsSL https://aka.ms/install-azd.sh | bash
2025-10-03T18:58:50.9400757Z [36;1mcurl -fsSL https://aka.ms/install-azd.sh | bash[0m
2025-10-03T18:58:50.9402163Z [36;1mazd version[0m
2025-10-03T18:58:50.9444409Z shell: /usr/bin/bash -e {0}
2025-10-03T18:58:50.9445458Z env:
2025-10-03T18:58:50.9446273Z   AZURE_ENV_NAME: ci-test-1
2025-10-03T18:58:50.9447331Z   AZURE_LOCATION: westus3
2025-10-03T18:58:50.9448621Z   pythonLocation: /opt/hostedtoolcache/Python/3.11.13/x64
2025-10-03T18:58:50.9450484Z   PKG_CONFIG_PATH: /opt/hostedtoolcache/Python/3.11.13/x64/lib/pkgconfig
2025-10-03T18:58:50.9452428Z   Python_ROOT_DIR: /opt/hostedtoolcache/Python/3.11.13/x64
2025-10-03T18:58:50.9454248Z   Python2_ROOT_DIR: /opt/hostedtoolcache/Python/3.11.13/x64
2025-10-03T18:58:50.9455884Z   Python3_ROOT_DIR: /opt/hostedtoolcache/Python/3.11.13/x64
2025-10-03T18:58:50.9457526Z   LD_LIBRARY_PATH: /opt/hostedtoolcache/Python/3.11.13/x64/lib
2025-10-03T18:58:50.9458898Z ##[endgroup]
2025-10-03T18:58:53.1125663Z azd-linux-amd64
2025-10-03T18:58:53.4120609Z NOTICE.txt
2025-10-03T18:58:53.4323441Z install-azd: Successfully installed to /opt/microsoft/azd
2025-10-03T18:58:53.4324742Z install-azd: Symlink created at /usr/local/bin/azd and pointing to /opt/microsoft/azd/azd-linux-amd64
2025-10-03T18:58:53.4325913Z install-azd: 
2025-10-03T18:58:53.4326923Z install-azd: The Azure Developer CLI collects usage data and sends that usage data to Microsoft in order to help us improve your experience.
2025-10-03T18:58:53.4328681Z install-azd: You can opt-out of telemetry by setting the AZURE_DEV_COLLECT_TELEMETRY environment variable to 'no' in the shell you use.
2025-10-03T18:58:53.4329726Z install-azd: 
2025-10-03T18:58:53.4330803Z install-azd: Read more about Azure Developer CLI telemetry: https://github.com/Azure/azure-dev#data-collection
2025-10-03T18:58:53.4651051Z azd version 1.19.0 (commit b3d68cea969b2bfbaa7b7fa289424428edb93e97)
2025-10-03T18:58:53.8766501Z ##[group]Run pip install playwright pytest-playwright
2025-10-03T18:58:53.8766977Z [36;1mpip install playwright pytest-playwright[0m
2025-10-03T18:58:53.8767311Z [36;1mplaywright install chromium[0m
2025-10-03T18:58:53.8767622Z [36;1mplaywright install-deps chromium[0m
2025-10-03T18:58:53.8801703Z shell: /usr/bin/bash -e {0}
2025-10-03T18:58:53.8801999Z env:
2025-10-03T18:58:53.8802222Z   AZURE_ENV_NAME: ci-test-1
2025-10-03T18:58:53.8802490Z   AZURE_LOCATION: westus3
2025-10-03T18:58:53.8802803Z   pythonLocation: /opt/hostedtoolcache/Python/3.11.13/x64
2025-10-03T18:58:53.8803380Z   PKG_CONFIG_PATH: /opt/hostedtoolcache/Python/3.11.13/x64/lib/pkgconfig
2025-10-03T18:58:53.8803820Z   Python_ROOT_DIR: /opt/hostedtoolcache/Python/3.11.13/x64
2025-10-03T18:58:53.8804205Z   Python2_ROOT_DIR: /opt/hostedtoolcache/Python/3.11.13/x64
2025-10-03T18:58:53.8804609Z   Python3_ROOT_DIR: /opt/hostedtoolcache/Python/3.11.13/x64
2025-10-03T18:58:53.8805060Z   LD_LIBRARY_PATH: /opt/hostedtoolcache/Python/3.11.13/x64/lib
2025-10-03T18:58:53.8805399Z ##[endgroup]
2025-10-03T18:58:54.4696804Z Collecting playwright
2025-10-03T18:58:54.5398464Z   Downloading playwright-1.55.0-py3-none-manylinux1_x86_64.whl.metadata (3.5 kB)
2025-10-03T18:58:54.5602581Z Collecting pytest-playwright
2025-10-03T18:58:54.5695577Z   Downloading pytest_playwright-0.7.1-py3-none-any.whl.metadata (14 kB)
2025-10-03T18:58:54.5950334Z Collecting pyee<14,>=13 (from playwright)
2025-10-03T18:58:54.6022740Z   Downloading pyee-13.0.0-py3-none-any.whl.metadata (2.9 kB)
2025-10-03T18:58:54.7518988Z Collecting greenlet<4.0.0,>=3.1.1 (from playwright)
2025-10-03T18:58:54.7595855Z   Downloading greenlet-3.2.4-cp311-cp311-manylinux_2_24_x86_64.manylinux_2_28_x86_64.whl.metadata (4.1 kB)
2025-10-03T18:58:54.7829264Z Collecting typing-extensions (from pyee<14,>=13->playwright)
2025-10-03T18:58:54.7901406Z   Downloading typing_extensions-4.15.0-py3-none-any.whl.metadata (3.3 kB)
2025-10-03T18:58:54.8356623Z Collecting pytest<9.0.0,>=6.2.4 (from pytest-playwright)
2025-10-03T18:58:54.8431621Z   Downloading pytest-8.4.2-py3-none-any.whl.metadata (7.7 kB)
2025-10-03T18:58:54.8610809Z Collecting pytest-base-url<3.0.0,>=1.0.0 (from pytest-playwright)
2025-10-03T18:58:54.8691957Z   Downloading pytest_base_url-2.1.0-py3-none-any.whl.metadata (6.6 kB)
2025-10-03T18:58:54.8884208Z Collecting python-slugify<9.0.0,>=6.0.0 (from pytest-playwright)
2025-10-03T18:58:54.8956055Z   Downloading python_slugify-8.0.4-py2.py3-none-any.whl.metadata (8.5 kB)
2025-10-03T18:58:54.9107604Z Collecting iniconfig>=1 (from pytest<9.0.0,>=6.2.4->pytest-playwright)
2025-10-03T18:58:54.9181823Z   Downloading iniconfig-2.1.0-py3-none-any.whl.metadata (2.7 kB)
2025-10-03T18:58:54.9387682Z Collecting packaging>=20 (from pytest<9.0.0,>=6.2.4->pytest-playwright)
2025-10-03T18:58:54.9460246Z   Downloading packaging-25.0-py3-none-any.whl.metadata (3.3 kB)
2025-10-03T18:58:54.9624416Z Collecting pluggy<2,>=1.5 (from pytest<9.0.0,>=6.2.4->pytest-playwright)
2025-10-03T18:58:54.9699387Z   Downloading pluggy-1.6.0-py3-none-any.whl.metadata (4.8 kB)
2025-10-03T18:58:54.9954373Z Collecting pygments>=2.7.2 (from pytest<9.0.0,>=6.2.4->pytest-playwright)
2025-10-03T18:58:55.0028682Z   Downloading pygments-2.19.2-py3-none-any.whl.metadata (2.5 kB)
2025-10-03T18:58:55.0474653Z Collecting requests>=2.9 (from pytest-base-url<3.0.0,>=1.0.0->pytest-playwright)
2025-10-03T18:58:55.0551539Z   Downloading requests-2.32.5-py3-none-any.whl.metadata (4.9 kB)
2025-10-03T18:58:55.0709502Z Collecting text-unidecode>=1.3 (from python-slugify<9.0.0,>=6.0.0->pytest-playwright)
2025-10-03T18:58:55.0780585Z   Downloading text_unidecode-1.3-py2.py3-none-any.whl.metadata (2.4 kB)
2025-10-03T18:58:55.1664999Z Collecting charset_normalizer<4,>=2 (from requests>=2.9->pytest-base-url<3.0.0,>=1.0.0->pytest-playwright)
2025-10-03T18:58:55.1743410Z   Downloading charset_normalizer-3.4.3-cp311-cp311-manylinux2014_x86_64.manylinux_2_17_x86_64.manylinux_2_28_x86_64.whl.metadata (36 kB)
2025-10-03T18:58:55.1972357Z Collecting idna<4,>=2.5 (from requests>=2.9->pytest-base-url<3.0.0,>=1.0.0->pytest-playwright)
2025-10-03T18:58:55.2044303Z   Downloading idna-3.10-py3-none-any.whl.metadata (10 kB)
2025-10-03T18:58:55.2361849Z Collecting urllib3<3,>=1.21.1 (from requests>=2.9->pytest-base-url<3.0.0,>=1.0.0->pytest-playwright)
2025-10-03T18:58:55.2643956Z   Downloading urllib3-2.5.0-py3-none-any.whl.metadata (6.5 kB)
2025-10-03T18:58:55.2894058Z Collecting certifi>=2017.4.17 (from requests>=2.9->pytest-base-url<3.0.0,>=1.0.0->pytest-playwright)
2025-10-03T18:58:55.2970204Z   Downloading certifi-2025.8.3-py3-none-any.whl.metadata (2.4 kB)
2025-10-03T18:58:55.3108138Z Downloading playwright-1.55.0-py3-none-manylinux1_x86_64.whl (45.9 MB)
2025-10-03T18:58:55.6523327Z    ‚îÅ‚îÅ‚îÅ‚îÅ‚îÅ‚îÅ‚îÅ‚îÅ‚îÅ‚îÅ‚îÅ‚îÅ‚îÅ‚îÅ‚îÅ‚îÅ‚îÅ‚îÅ‚îÅ‚îÅ‚îÅ‚îÅ‚îÅ‚îÅ‚îÅ‚îÅ‚îÅ‚îÅ‚îÅ‚îÅ‚îÅ‚îÅ‚îÅ‚îÅ‚îÅ‚îÅ‚îÅ‚îÅ‚îÅ‚îÅ 45.9/45.9 MB 139.4 MB/s  0:00:00
2025-10-03T18:58:55.6603338Z Downloading greenlet-3.2.4-cp311-cp311-manylinux_2_24_x86_64.manylinux_2_28_x86_64.whl (587 kB)
2025-10-03T18:58:55.6670323Z    ‚îÅ‚îÅ‚îÅ‚îÅ‚îÅ‚îÅ‚îÅ‚îÅ‚îÅ‚îÅ‚îÅ‚îÅ‚îÅ‚îÅ‚îÅ‚îÅ‚îÅ‚îÅ‚îÅ‚îÅ‚îÅ‚îÅ‚îÅ‚îÅ‚îÅ‚îÅ‚îÅ‚îÅ‚îÅ‚îÅ‚îÅ‚îÅ‚îÅ‚îÅ‚îÅ‚îÅ‚îÅ‚îÅ‚îÅ‚îÅ 587.7/587.7 kB 82.1 MB/s  0:00:00
2025-10-03T18:58:55.6744050Z Downloading pyee-13.0.0-py3-none-any.whl (15 kB)
2025-10-03T18:58:55.6844610Z Downloading pytest_playwright-0.7.1-py3-none-any.whl (16 kB)
2025-10-03T18:58:55.6943471Z Downloading pytest-8.4.2-py3-none-any.whl (365 kB)
2025-10-03T18:58:55.7051553Z Downloading pluggy-1.6.0-py3-none-any.whl (20 kB)
2025-10-03T18:58:55.7143925Z Downloading pytest_base_url-2.1.0-py3-none-any.whl (5.3 kB)
2025-10-03T18:58:55.7246097Z Downloading python_slugify-8.0.4-py2.py3-none-any.whl (10 kB)
2025-10-03T18:58:55.7336811Z Downloading iniconfig-2.1.0-py3-none-any.whl (6.0 kB)
2025-10-03T18:58:55.7428464Z Downloading packaging-25.0-py3-none-any.whl (66 kB)
2025-10-03T18:58:55.7527547Z Downloading pygments-2.19.2-py3-none-any.whl (1.2 MB)
2025-10-03T18:58:55.7621663Z    ‚îÅ‚îÅ‚îÅ‚îÅ‚îÅ‚îÅ‚îÅ‚îÅ‚îÅ‚îÅ‚îÅ‚îÅ‚îÅ‚îÅ‚îÅ‚îÅ‚îÅ‚îÅ‚îÅ‚îÅ‚îÅ‚îÅ‚îÅ‚îÅ‚îÅ‚îÅ‚îÅ‚îÅ‚îÅ‚îÅ‚îÅ‚îÅ‚îÅ‚îÅ‚îÅ‚îÅ‚îÅ‚îÅ‚îÅ‚îÅ 1.2/1.2 MB 149.0 MB/s  0:00:00
2025-10-03T18:58:55.7695697Z Downloading requests-2.32.5-py3-none-any.whl (64 kB)
2025-10-03T18:58:55.7793706Z Downloading charset_normalizer-3.4.3-cp311-cp311-manylinux2014_x86_64.manylinux_2_17_x86_64.manylinux_2_28_x86_64.whl (150 kB)
2025-10-03T18:58:55.7890286Z Downloading idna-3.10-py3-none-any.whl (70 kB)
2025-10-03T18:58:55.7990192Z Downloading urllib3-2.5.0-py3-none-any.whl (129 kB)
2025-10-03T18:58:55.8088820Z Downloading certifi-2025.8.3-py3-none-any.whl (161 kB)
2025-10-03T18:58:55.8189157Z Downloading text_unidecode-1.3-py2.py3-none-any.whl (78 kB)
2025-10-03T18:58:55.8290224Z Downloading typing_extensions-4.15.0-py3-none-any.whl (44 kB)
2025-10-03T18:58:55.9154980Z Installing collected packages: text-unidecode, urllib3, typing-extensions, python-slugify, pygments, pluggy, packaging, iniconfig, idna, greenlet, charset_normalizer, certifi, requests, pytest, pyee, pytest-base-url, playwright, pytest-playwright
2025-10-03T18:58:57.9695800Z 
2025-10-03T18:58:57.9711519Z Successfully installed certifi-2025.8.3 charset_normalizer-3.4.3 greenlet-3.2.4 idna-3.10 iniconfig-2.1.0 packaging-25.0 playwright-1.55.0 pluggy-1.6.0 pyee-13.0.0 pygments-2.19.2 pytest-8.4.2 pytest-base-url-2.1.0 pytest-playwright-0.7.1 python-slugify-8.0.4 requests-2.32.5 text-unidecode-1.3 typing-extensions-4.15.0 urllib3-2.5.0
2025-10-03T18:58:58.4608834Z Downloading Chromium 140.0.7339.16 (playwright build v1187) from https://cdn.playwright.dev/dbazure/download/playwright/builds/chromium/1187/chromium-linux.zip
2025-10-03T18:58:58.6912693Z |                                                                                |   0% of 173.7 MiB
2025-10-03T18:58:58.8361968Z |‚ñ†‚ñ†‚ñ†‚ñ†‚ñ†‚ñ†‚ñ†‚ñ†                                                                        |  10% of 173.7 MiB
2025-10-03T18:58:58.9166033Z |‚ñ†‚ñ†‚ñ†‚ñ†‚ñ†‚ñ†‚ñ†‚ñ†‚ñ†‚ñ†‚ñ†‚ñ†‚ñ†‚ñ†‚ñ†‚ñ†                                                                |  20% of 173.7 MiB
2025-10-03T18:58:58.9901052Z |‚ñ†‚ñ†‚ñ†‚ñ†‚ñ†‚ñ†‚ñ†‚ñ†‚ñ†‚ñ†‚ñ†‚ñ†‚ñ†‚ñ†‚ñ†‚ñ†‚ñ†‚ñ†‚ñ†‚ñ†‚ñ†‚ñ†‚ñ†‚ñ†                                                        |  30% of 173.7 MiB
2025-10-03T18:58:59.0525146Z |‚ñ†‚ñ†‚ñ†‚ñ†‚ñ†‚ñ†‚ñ†‚ñ†‚ñ†‚ñ†‚ñ†‚ñ†‚ñ†‚ñ†‚ñ†‚ñ†‚ñ†‚ñ†‚ñ†‚ñ†‚ñ†‚ñ†‚ñ†‚ñ†‚ñ†‚ñ†‚ñ†‚ñ†‚ñ†‚ñ†‚ñ†‚ñ†                                                |  40% of 173.7 MiB
2025-10-03T18:58:59.1136073Z |‚ñ†‚ñ†‚ñ†‚ñ†‚ñ†‚ñ†‚ñ†‚ñ†‚ñ†‚ñ†‚ñ†‚ñ†‚ñ†‚ñ†‚ñ†‚ñ†‚ñ†‚ñ†‚ñ†‚ñ†‚ñ†‚ñ†‚ñ†‚ñ†‚ñ†‚ñ†‚ñ†‚ñ†‚ñ†‚ñ†‚ñ†‚ñ†‚ñ†‚ñ†‚ñ†‚ñ†‚ñ†‚ñ†‚ñ†‚ñ†                                        |  50% of 173.7 MiB
2025-10-03T18:58:59.1859330Z |‚ñ†‚ñ†‚ñ†‚ñ†‚ñ†‚ñ†‚ñ†‚ñ†‚ñ†‚ñ†‚ñ†‚ñ†‚ñ†‚ñ†‚ñ†‚ñ†‚ñ†‚ñ†‚ñ†‚ñ†‚ñ†‚ñ†‚ñ†‚ñ†‚ñ†‚ñ†‚ñ†‚ñ†‚ñ†‚ñ†‚ñ†‚ñ†‚ñ†‚ñ†‚ñ†‚ñ†‚ñ†‚ñ†‚ñ†‚ñ†‚ñ†‚ñ†‚ñ†‚ñ†‚ñ†‚ñ†‚ñ†‚ñ†                                |  60% of 173.7 MiB
2025-10-03T18:58:59.2722794Z |‚ñ†‚ñ†‚ñ†‚ñ†‚ñ†‚ñ†‚ñ†‚ñ†‚ñ†‚ñ†‚ñ†‚ñ†‚ñ†‚ñ†‚ñ†‚ñ†‚ñ†‚ñ†‚ñ†‚ñ†‚ñ†‚ñ†‚ñ†‚ñ†‚ñ†‚ñ†‚ñ†‚ñ†‚ñ†‚ñ†‚ñ†‚ñ†‚ñ†‚ñ†‚ñ†‚ñ†‚ñ†‚ñ†‚ñ†‚ñ†‚ñ†‚ñ†‚ñ†‚ñ†‚ñ†‚ñ†‚ñ†‚ñ†‚ñ†‚ñ†‚ñ†‚ñ†‚ñ†‚ñ†‚ñ†‚ñ†                        |  70% of 173.7 MiB
2025-10-03T18:58:59.3599768Z |‚ñ†‚ñ†‚ñ†‚ñ†‚ñ†‚ñ†‚ñ†‚ñ†‚ñ†‚ñ†‚ñ†‚ñ†‚ñ†‚ñ†‚ñ†‚ñ†‚ñ†‚ñ†‚ñ†‚ñ†‚ñ†‚ñ†‚ñ†‚ñ†‚ñ†‚ñ†‚ñ†‚ñ†‚ñ†‚ñ†‚ñ†‚ñ†‚ñ†‚ñ†‚ñ†‚ñ†‚ñ†‚ñ†‚ñ†‚ñ†‚ñ†‚ñ†‚ñ†‚ñ†‚ñ†‚ñ†‚ñ†‚ñ†‚ñ†‚ñ†‚ñ†‚ñ†‚ñ†‚ñ†‚ñ†‚ñ†‚ñ†‚ñ†‚ñ†‚ñ†‚ñ†‚ñ†‚ñ†‚ñ†                |  80% of 173.7 MiB
2025-10-03T18:58:59.4671360Z |‚ñ†‚ñ†‚ñ†‚ñ†‚ñ†‚ñ†‚ñ†‚ñ†‚ñ†‚ñ†‚ñ†‚ñ†‚ñ†‚ñ†‚ñ†‚ñ†‚ñ†‚ñ†‚ñ†‚ñ†‚ñ†‚ñ†‚ñ†‚ñ†‚ñ†‚ñ†‚ñ†‚ñ†‚ñ†‚ñ†‚ñ†‚ñ†‚ñ†‚ñ†‚ñ†‚ñ†‚ñ†‚ñ†‚ñ†‚ñ†‚ñ†‚ñ†‚ñ†‚ñ†‚ñ†‚ñ†‚ñ†‚ñ†‚ñ†‚ñ†‚ñ†‚ñ†‚ñ†‚ñ†‚ñ†‚ñ†‚ñ†‚ñ†‚ñ†‚ñ†‚ñ†‚ñ†‚ñ†‚ñ†‚ñ†‚ñ†‚ñ†‚ñ†‚ñ†‚ñ†‚ñ†‚ñ†        |  90% of 173.7 MiB
2025-10-03T18:58:59.5482753Z |‚ñ†‚ñ†‚ñ†‚ñ†‚ñ†‚ñ†‚ñ†‚ñ†‚ñ†‚ñ†‚ñ†‚ñ†‚ñ†‚ñ†‚ñ†‚ñ†‚ñ†‚ñ†‚ñ†‚ñ†‚ñ†‚ñ†‚ñ†‚ñ†‚ñ†‚ñ†‚ñ†‚ñ†‚ñ†‚ñ†‚ñ†‚ñ†‚ñ†‚ñ†‚ñ†‚ñ†‚ñ†‚ñ†‚ñ†‚ñ†‚ñ†‚ñ†‚ñ†‚ñ†‚ñ†‚ñ†‚ñ†‚ñ†‚ñ†‚ñ†‚ñ†‚ñ†‚ñ†‚ñ†‚ñ†‚ñ†‚ñ†‚ñ†‚ñ†‚ñ†‚ñ†‚ñ†‚ñ†‚ñ†‚ñ†‚ñ†‚ñ†‚ñ†‚ñ†‚ñ†‚ñ†‚ñ†‚ñ†‚ñ†‚ñ†‚ñ†‚ñ†‚ñ†‚ñ†‚ñ†| 100% of 173.7 MiB
2025-10-03T18:59:02.8445136Z Chromium 140.0.7339.16 (playwright build v1187) downloaded to /home/runner/.cache/ms-playwright/chromium-1187
2025-10-03T18:59:02.8448207Z Downloading FFMPEG playwright build v1011 from https://cdn.playwright.dev/dbazure/download/playwright/builds/ffmpeg/1011/ffmpeg-linux.zip
2025-10-03T18:59:03.0201469Z |                                                                                |   0% of 2.3 MiB
2025-10-03T18:59:03.0352851Z |‚ñ†‚ñ†‚ñ†‚ñ†‚ñ†‚ñ†‚ñ†‚ñ†                                                                        |  10% of 2.3 MiB
2025-10-03T18:59:03.0417569Z |‚ñ†‚ñ†‚ñ†‚ñ†‚ñ†‚ñ†‚ñ†‚ñ†‚ñ†‚ñ†‚ñ†‚ñ†‚ñ†‚ñ†‚ñ†‚ñ†                                                                |  20% of 2.3 MiB
2025-10-03T18:59:03.0459673Z |‚ñ†‚ñ†‚ñ†‚ñ†‚ñ†‚ñ†‚ñ†‚ñ†‚ñ†‚ñ†‚ñ†‚ñ†‚ñ†‚ñ†‚ñ†‚ñ†‚ñ†‚ñ†‚ñ†‚ñ†‚ñ†‚ñ†‚ñ†‚ñ†                                                        |  30% of 2.3 MiB
2025-10-03T18:59:03.0487145Z |‚ñ†‚ñ†‚ñ†‚ñ†‚ñ†‚ñ†‚ñ†‚ñ†‚ñ†‚ñ†‚ñ†‚ñ†‚ñ†‚ñ†‚ñ†‚ñ†‚ñ†‚ñ†‚ñ†‚ñ†‚ñ†‚ñ†‚ñ†‚ñ†‚ñ†‚ñ†‚ñ†‚ñ†‚ñ†‚ñ†‚ñ†‚ñ†                                                |  40% of 2.3 MiB
2025-10-03T18:59:03.0519267Z |‚ñ†‚ñ†‚ñ†‚ñ†‚ñ†‚ñ†‚ñ†‚ñ†‚ñ†‚ñ†‚ñ†‚ñ†‚ñ†‚ñ†‚ñ†‚ñ†‚ñ†‚ñ†‚ñ†‚ñ†‚ñ†‚ñ†‚ñ†‚ñ†‚ñ†‚ñ†‚ñ†‚ñ†‚ñ†‚ñ†‚ñ†‚ñ†‚ñ†‚ñ†‚ñ†‚ñ†‚ñ†‚ñ†‚ñ†‚ñ†                                        |  50% of 2.3 MiB
2025-10-03T18:59:03.0546785Z |‚ñ†‚ñ†‚ñ†‚ñ†‚ñ†‚ñ†‚ñ†‚ñ†‚ñ†‚ñ†‚ñ†‚ñ†‚ñ†‚ñ†‚ñ†‚ñ†‚ñ†‚ñ†‚ñ†‚ñ†‚ñ†‚ñ†‚ñ†‚ñ†‚ñ†‚ñ†‚ñ†‚ñ†‚ñ†‚ñ†‚ñ†‚ñ†‚ñ†‚ñ†‚ñ†‚ñ†‚ñ†‚ñ†‚ñ†‚ñ†‚ñ†‚ñ†‚ñ†‚ñ†‚ñ†‚ñ†‚ñ†‚ñ†                                |  60% of 2.3 MiB
2025-10-03T18:59:03.0576471Z |‚ñ†‚ñ†‚ñ†‚ñ†‚ñ†‚ñ†‚ñ†‚ñ†‚ñ†‚ñ†‚ñ†‚ñ†‚ñ†‚ñ†‚ñ†‚ñ†‚ñ†‚ñ†‚ñ†‚ñ†‚ñ†‚ñ†‚ñ†‚ñ†‚ñ†‚ñ†‚ñ†‚ñ†‚ñ†‚ñ†‚ñ†‚ñ†‚ñ†‚ñ†‚ñ†‚ñ†‚ñ†‚ñ†‚ñ†‚ñ†‚ñ†‚ñ†‚ñ†‚ñ†‚ñ†‚ñ†‚ñ†‚ñ†‚ñ†‚ñ†‚ñ†‚ñ†‚ñ†‚ñ†‚ñ†‚ñ†                        |  70% of 2.3 MiB
2025-10-03T18:59:03.0592517Z |‚ñ†‚ñ†‚ñ†‚ñ†‚ñ†‚ñ†‚ñ†‚ñ†‚ñ†‚ñ†‚ñ†‚ñ†‚ñ†‚ñ†‚ñ†‚ñ†‚ñ†‚ñ†‚ñ†‚ñ†‚ñ†‚ñ†‚ñ†‚ñ†‚ñ†‚ñ†‚ñ†‚ñ†‚ñ†‚ñ†‚ñ†‚ñ†‚ñ†‚ñ†‚ñ†‚ñ†‚ñ†‚ñ†‚ñ†‚ñ†‚ñ†‚ñ†‚ñ†‚ñ†‚ñ†‚ñ†‚ñ†‚ñ†‚ñ†‚ñ†‚ñ†‚ñ†‚ñ†‚ñ†‚ñ†‚ñ†‚ñ†‚ñ†‚ñ†‚ñ†‚ñ†‚ñ†‚ñ†‚ñ†                |  80% of 2.3 MiB
2025-10-03T18:59:03.0606819Z |‚ñ†‚ñ†‚ñ†‚ñ†‚ñ†‚ñ†‚ñ†‚ñ†‚ñ†‚ñ†‚ñ†‚ñ†‚ñ†‚ñ†‚ñ†‚ñ†‚ñ†‚ñ†‚ñ†‚ñ†‚ñ†‚ñ†‚ñ†‚ñ†‚ñ†‚ñ†‚ñ†‚ñ†‚ñ†‚ñ†‚ñ†‚ñ†‚ñ†‚ñ†‚ñ†‚ñ†‚ñ†‚ñ†‚ñ†‚ñ†‚ñ†‚ñ†‚ñ†‚ñ†‚ñ†‚ñ†‚ñ†‚ñ†‚ñ†‚ñ†‚ñ†‚ñ†‚ñ†‚ñ†‚ñ†‚ñ†‚ñ†‚ñ†‚ñ†‚ñ†‚ñ†‚ñ†‚ñ†‚ñ†‚ñ†‚ñ†‚ñ†‚ñ†‚ñ†‚ñ†‚ñ†‚ñ†        |  90% of 2.3 MiB
2025-10-03T18:59:03.0619506Z |‚ñ†‚ñ†‚ñ†‚ñ†‚ñ†‚ñ†‚ñ†‚ñ†‚ñ†‚ñ†‚ñ†‚ñ†‚ñ†‚ñ†‚ñ†‚ñ†‚ñ†‚ñ†‚ñ†‚ñ†‚ñ†‚ñ†‚ñ†‚ñ†‚ñ†‚ñ†‚ñ†‚ñ†‚ñ†‚ñ†‚ñ†‚ñ†‚ñ†‚ñ†‚ñ†‚ñ†‚ñ†‚ñ†‚ñ†‚ñ†‚ñ†‚ñ†‚ñ†‚ñ†‚ñ†‚ñ†‚ñ†‚ñ†‚ñ†‚ñ†‚ñ†‚ñ†‚ñ†‚ñ†‚ñ†‚ñ†‚ñ†‚ñ†‚ñ†‚ñ†‚ñ†‚ñ†‚ñ†‚ñ†‚ñ†‚ñ†‚ñ†‚ñ†‚ñ†‚ñ†‚ñ†‚ñ†‚ñ†‚ñ†‚ñ†‚ñ†‚ñ†‚ñ†‚ñ†‚ñ†| 100% of 2.3 MiB
2025-10-03T18:59:03.1168119Z FFMPEG playwright build v1011 downloaded to /home/runner/.cache/ms-playwright/ffmpeg-1011
2025-10-03T18:59:03.1170254Z Downloading Chromium Headless Shell 140.0.7339.16 (playwright build v1187) from https://cdn.playwright.dev/dbazure/download/playwright/builds/chromium/1187/chromium-headless-shell-linux.zip
2025-10-03T18:59:03.2826659Z |                                                                                |   0% of 104.3 MiB
2025-10-03T18:59:03.3847840Z |‚ñ†‚ñ†‚ñ†‚ñ†‚ñ†‚ñ†‚ñ†‚ñ†                                                                        |  10% of 104.3 MiB
2025-10-03T18:59:03.4449951Z |‚ñ†‚ñ†‚ñ†‚ñ†‚ñ†‚ñ†‚ñ†‚ñ†‚ñ†‚ñ†‚ñ†‚ñ†‚ñ†‚ñ†‚ñ†‚ñ†                                                                |  20% of 104.3 MiB
2025-10-03T18:59:03.5013698Z |‚ñ†‚ñ†‚ñ†‚ñ†‚ñ†‚ñ†‚ñ†‚ñ†‚ñ†‚ñ†‚ñ†‚ñ†‚ñ†‚ñ†‚ñ†‚ñ†‚ñ†‚ñ†‚ñ†‚ñ†‚ñ†‚ñ†‚ñ†‚ñ†                                                        |  30% of 104.3 MiB
2025-10-03T18:59:03.5515432Z |‚ñ†‚ñ†‚ñ†‚ñ†‚ñ†‚ñ†‚ñ†‚ñ†‚ñ†‚ñ†‚ñ†‚ñ†‚ñ†‚ñ†‚ñ†‚ñ†‚ñ†‚ñ†‚ñ†‚ñ†‚ñ†‚ñ†‚ñ†‚ñ†‚ñ†‚ñ†‚ñ†‚ñ†‚ñ†‚ñ†‚ñ†‚ñ†                                                |  40% of 104.3 MiB
2025-10-03T18:59:03.5992275Z |‚ñ†‚ñ†‚ñ†‚ñ†‚ñ†‚ñ†‚ñ†‚ñ†‚ñ†‚ñ†‚ñ†‚ñ†‚ñ†‚ñ†‚ñ†‚ñ†‚ñ†‚ñ†‚ñ†‚ñ†‚ñ†‚ñ†‚ñ†‚ñ†‚ñ†‚ñ†‚ñ†‚ñ†‚ñ†‚ñ†‚ñ†‚ñ†‚ñ†‚ñ†‚ñ†‚ñ†‚ñ†‚ñ†‚ñ†‚ñ†                                        |  50% of 104.3 MiB
2025-10-03T18:59:03.6429266Z |‚ñ†‚ñ†‚ñ†‚ñ†‚ñ†‚ñ†‚ñ†‚ñ†‚ñ†‚ñ†‚ñ†‚ñ†‚ñ†‚ñ†‚ñ†‚ñ†‚ñ†‚ñ†‚ñ†‚ñ†‚ñ†‚ñ†‚ñ†‚ñ†‚ñ†‚ñ†‚ñ†‚ñ†‚ñ†‚ñ†‚ñ†‚ñ†‚ñ†‚ñ†‚ñ†‚ñ†‚ñ†‚ñ†‚ñ†‚ñ†‚ñ†‚ñ†‚ñ†‚ñ†‚ñ†‚ñ†‚ñ†‚ñ†                                |  60% of 104.3 MiB
2025-10-03T18:59:03.6896855Z |‚ñ†‚ñ†‚ñ†‚ñ†‚ñ†‚ñ†‚ñ†‚ñ†‚ñ†‚ñ†‚ñ†‚ñ†‚ñ†‚ñ†‚ñ†‚ñ†‚ñ†‚ñ†‚ñ†‚ñ†‚ñ†‚ñ†‚ñ†‚ñ†‚ñ†‚ñ†‚ñ†‚ñ†‚ñ†‚ñ†‚ñ†‚ñ†‚ñ†‚ñ†‚ñ†‚ñ†‚ñ†‚ñ†‚ñ†‚ñ†‚ñ†‚ñ†‚ñ†‚ñ†‚ñ†‚ñ†‚ñ†‚ñ†‚ñ†‚ñ†‚ñ†‚ñ†‚ñ†‚ñ†‚ñ†‚ñ†                        |  70% of 104.3 MiB
2025-10-03T18:59:03.7339685Z |‚ñ†‚ñ†‚ñ†‚ñ†‚ñ†‚ñ†‚ñ†‚ñ†‚ñ†‚ñ†‚ñ†‚ñ†‚ñ†‚ñ†‚ñ†‚ñ†‚ñ†‚ñ†‚ñ†‚ñ†‚ñ†‚ñ†‚ñ†‚ñ†‚ñ†‚ñ†‚ñ†‚ñ†‚ñ†‚ñ†‚ñ†‚ñ†‚ñ†‚ñ†‚ñ†‚ñ†‚ñ†‚ñ†‚ñ†‚ñ†‚ñ†‚ñ†‚ñ†‚ñ†‚ñ†‚ñ†‚ñ†‚ñ†‚ñ†‚ñ†‚ñ†‚ñ†‚ñ†‚ñ†‚ñ†‚ñ†‚ñ†‚ñ†‚ñ†‚ñ†‚ñ†‚ñ†‚ñ†‚ñ†                |  80% of 104.3 MiB
2025-10-03T18:59:03.7811763Z |‚ñ†‚ñ†‚ñ†‚ñ†‚ñ†‚ñ†‚ñ†‚ñ†‚ñ†‚ñ†‚ñ†‚ñ†‚ñ†‚ñ†‚ñ†‚ñ†‚ñ†‚ñ†‚ñ†‚ñ†‚ñ†‚ñ†‚ñ†‚ñ†‚ñ†‚ñ†‚ñ†‚ñ†‚ñ†‚ñ†‚ñ†‚ñ†‚ñ†‚ñ†‚ñ†‚ñ†‚ñ†‚ñ†‚ñ†‚ñ†‚ñ†‚ñ†‚ñ†‚ñ†‚ñ†‚ñ†‚ñ†‚ñ†‚ñ†‚ñ†‚ñ†‚ñ†‚ñ†‚ñ†‚ñ†‚ñ†‚ñ†‚ñ†‚ñ†‚ñ†‚ñ†‚ñ†‚ñ†‚ñ†‚ñ†‚ñ†‚ñ†‚ñ†‚ñ†‚ñ†‚ñ†‚ñ†        |  90% of 104.3 MiB
2025-10-03T18:59:03.8235531Z |‚ñ†‚ñ†‚ñ†‚ñ†‚ñ†‚ñ†‚ñ†‚ñ†‚ñ†‚ñ†‚ñ†‚ñ†‚ñ†‚ñ†‚ñ†‚ñ†‚ñ†‚ñ†‚ñ†‚ñ†‚ñ†‚ñ†‚ñ†‚ñ†‚ñ†‚ñ†‚ñ†‚ñ†‚ñ†‚ñ†‚ñ†‚ñ†‚ñ†‚ñ†‚ñ†‚ñ†‚ñ†‚ñ†‚ñ†‚ñ†‚ñ†‚ñ†‚ñ†‚ñ†‚ñ†‚ñ†‚ñ†‚ñ†‚ñ†‚ñ†‚ñ†‚ñ†‚ñ†‚ñ†‚ñ†‚ñ†‚ñ†‚ñ†‚ñ†‚ñ†‚ñ†‚ñ†‚ñ†‚ñ†‚ñ†‚ñ†‚ñ†‚ñ†‚ñ†‚ñ†‚ñ†‚ñ†‚ñ†‚ñ†‚ñ†‚ñ†‚ñ†‚ñ†‚ñ†‚ñ†| 100% of 104.3 MiB
2025-10-03T18:59:05.5842959Z Chromium Headless Shell 140.0.7339.16 (playwright build v1187) downloaded to /home/runner/.cache/ms-playwright/chromium_headless_shell-1187
2025-10-03T18:59:06.2122396Z Installing dependencies...
2025-10-03T18:59:06.2222631Z Switching to root user to install dependencies...
2025-10-03T18:59:06.2964486Z Get:1 file:/etc/apt/apt-mirrors.txt Mirrorlist [144 B]
2025-10-03T18:59:06.3364182Z Hit:2 http://azure.archive.ubuntu.com/ubuntu noble InRelease
2025-10-03T18:59:06.3365046Z Get:3 http://azure.archive.ubuntu.com/ubuntu noble-updates InRelease [126 kB]
2025-10-03T18:59:06.3405789Z Get:4 http://azure.archive.ubuntu.com/ubuntu noble-backports InRelease [126 kB]
2025-10-03T18:59:06.3426792Z Get:5 http://azure.archive.ubuntu.com/ubuntu noble-security InRelease [126 kB]
2025-10-03T18:59:06.3427755Z Hit:6 https://packages.microsoft.com/repos/azure-cli noble InRelease
2025-10-03T18:59:06.3475197Z Get:7 https://packages.microsoft.com/ubuntu/24.04/prod noble InRelease [3600 B]
2025-10-03T18:59:06.4760950Z Get:8 http://azure.archive.ubuntu.com/ubuntu noble-updates/main amd64 Packages [1483 kB]
2025-10-03T18:59:06.4913464Z Get:9 http://azure.archive.ubuntu.com/ubuntu noble-updates/main Translation-en [286 kB]
2025-10-03T18:59:06.4940971Z Get:10 http://azure.archive.ubuntu.com/ubuntu noble-updates/main amd64 Components [175 kB]
2025-10-03T18:59:06.4960544Z Get:11 http://azure.archive.ubuntu.com/ubuntu noble-updates/main amd64 c-n-f Metadata [15.3 kB]
2025-10-03T18:59:06.4973870Z Get:12 http://azure.archive.ubuntu.com/ubuntu noble-updates/universe amd64 Packages [1486 kB]
2025-10-03T18:59:06.5054033Z Get:13 http://azure.archive.ubuntu.com/ubuntu noble-updates/universe Translation-en [300 kB]
2025-10-03T18:59:06.5078387Z Get:14 http://azure.archive.ubuntu.com/ubuntu noble-updates/universe amd64 Components [378 kB]
2025-10-03T18:59:06.5106874Z Get:15 http://azure.archive.ubuntu.com/ubuntu noble-updates/universe amd64 c-n-f Metadata [31.1 kB]
2025-10-03T18:59:06.5114495Z Get:16 http://azure.archive.ubuntu.com/ubuntu noble-updates/restricted amd64 Packages [2053 kB]
2025-10-03T18:59:06.5265498Z Get:17 http://azure.archive.ubuntu.com/ubuntu noble-updates/restricted Translation-en [463 kB]
2025-10-03T18:59:06.5750295Z Get:18 http://azure.archive.ubuntu.com/ubuntu noble-updates/restricted amd64 Components [212 B]
2025-10-03T18:59:06.5759202Z Get:19 http://azure.archive.ubuntu.com/ubuntu noble-updates/multiverse Translation-en [6116 B]
2025-10-03T18:59:06.5766637Z Get:20 http://azure.archive.ubuntu.com/ubuntu noble-updates/multiverse amd64 Components [940 B]
2025-10-03T18:59:06.5772320Z Get:21 http://azure.archive.ubuntu.com/ubuntu noble-backports/main amd64 Components [7132 B]
2025-10-03T18:59:06.5781615Z Get:22 http://azure.archive.ubuntu.com/ubuntu noble-backports/universe amd64 Components [11.0 kB]
2025-10-03T18:59:06.5788558Z Get:23 http://azure.archive.ubuntu.com/ubuntu noble-backports/restricted amd64 Components [216 B]
2025-10-03T18:59:06.5810080Z Get:24 http://azure.archive.ubuntu.com/ubuntu noble-backports/multiverse amd64 Components [212 B]
2025-10-03T18:59:06.6711311Z Get:25 http://azure.archive.ubuntu.com/ubuntu noble-security/main amd64 Packages [1201 kB]
2025-10-03T18:59:06.6792547Z Get:26 http://azure.archive.ubuntu.com/ubuntu noble-security/main Translation-en [201 kB]
2025-10-03T18:59:06.6817078Z Get:27 http://azure.archive.ubuntu.com/ubuntu noble-security/main amd64 Components [21.6 kB]
2025-10-03T18:59:06.6833018Z Get:28 http://azure.archive.ubuntu.com/ubuntu noble-security/main amd64 c-n-f Metadata [8744 B]
2025-10-03T18:59:06.6837212Z Get:29 http://azure.archive.ubuntu.com/ubuntu noble-security/universe amd64 Packages [881 kB]
2025-10-03T18:59:06.6895835Z Get:30 http://azure.archive.ubuntu.com/ubuntu noble-security/universe Translation-en [196 kB]
2025-10-03T18:59:06.6924390Z Get:31 http://azure.archive.ubuntu.com/ubuntu noble-security/universe amd64 Components [52.2 kB]
2025-10-03T18:59:06.7299521Z Get:37 https://packages.microsoft.com/ubuntu/24.04/prod noble/main armhf Packages [10.5 kB]
2025-10-03T18:59:06.7344055Z Get:32 http://azure.archive.ubuntu.com/ubuntu noble-security/restricted amd64 Packages [1938 kB]
2025-10-03T18:59:06.7362309Z Get:38 https://packages.microsoft.com/ubuntu/24.04/prod noble/main amd64 Packages [59.5 kB]
2025-10-03T18:59:06.7402952Z Get:39 https://packages.microsoft.com/ubuntu/24.04/prod noble/main arm64 Packages [42.4 kB]
2025-10-03T18:59:06.7461768Z Get:33 http://azure.archive.ubuntu.com/ubuntu noble-security/restricted Translation-en [439 kB]
2025-10-03T18:59:06.7496868Z Get:34 http://azure.archive.ubuntu.com/ubuntu noble-security/restricted amd64 Components [212 B]
2025-10-03T18:59:06.7504803Z Get:35 http://azure.archive.ubuntu.com/ubuntu noble-security/multiverse Translation-en [5844 B]
2025-10-03T18:59:06.7510183Z Get:36 http://azure.archive.ubuntu.com/ubuntu noble-security/multiverse amd64 Components [208 B]
2025-10-03T18:59:15.0451485Z Fetched 12.1 MB in 1s (8349 kB/s)
2025-10-03T18:59:15.7834758Z Reading package lists...
2025-10-03T18:59:15.8093699Z Reading package lists...
2025-10-03T18:59:16.0030999Z Building dependency tree...
2025-10-03T18:59:16.0038949Z Reading state information...
2025-10-03T18:59:16.1695205Z libasound2t64 is already the newest version (1.2.11-1ubuntu0.1).
2025-10-03T18:59:16.1696255Z libasound2t64 set to manually installed.
2025-10-03T18:59:16.1697856Z libatk-bridge2.0-0t64 is already the newest version (2.52.0-1build1).
2025-10-03T18:59:16.1699126Z libatk-bridge2.0-0t64 set to manually installed.
2025-10-03T18:59:16.1700584Z libatk1.0-0t64 is already the newest version (2.52.0-1build1).
2025-10-03T18:59:16.1701366Z libatk1.0-0t64 set to manually installed.
2025-10-03T18:59:16.1702092Z libatspi2.0-0t64 is already the newest version (2.52.0-1build1).
2025-10-03T18:59:16.1702839Z libatspi2.0-0t64 set to manually installed.
2025-10-03T18:59:16.1704207Z libcairo2 is already the newest version (1.18.0-3build1).
2025-10-03T18:59:16.1704820Z libcairo2 set to manually installed.
2025-10-03T18:59:16.1705278Z libcups2t64 is already the newest version (2.4.7-1.2ubuntu7.4).
2025-10-03T18:59:16.1705741Z libcups2t64 set to manually installed.
2025-10-03T18:59:16.1706110Z libdbus-1-3 is already the newest version (1.14.10-4ubuntu4.1).
2025-10-03T18:59:16.1706483Z libdbus-1-3 set to manually installed.
2025-10-03T18:59:16.1706857Z libdrm2 is already the newest version (2.4.122-1~ubuntu0.24.04.1).
2025-10-03T18:59:16.1707255Z libdrm2 set to manually installed.
2025-10-03T18:59:16.1707617Z libgbm1 is already the newest version (25.0.7-0ubuntu0.24.04.2).
2025-10-03T18:59:16.1707989Z libgbm1 set to manually installed.
2025-10-03T18:59:16.1708350Z libglib2.0-0t64 is already the newest version (2.80.0-6ubuntu3.4).
2025-10-03T18:59:16.1708738Z libglib2.0-0t64 set to manually installed.
2025-10-03T18:59:16.1709106Z libnspr4 is already the newest version (2:4.35-1.1build1).
2025-10-03T18:59:16.1709482Z libnspr4 set to manually installed.
2025-10-03T18:59:16.1709844Z libnss3 is already the newest version (2:3.98-1build1).
2025-10-03T18:59:16.1710187Z libnss3 set to manually installed.
2025-10-03T18:59:16.1710539Z libpango-1.0-0 is already the newest version (1.52.1+ds-1build1).
2025-10-03T18:59:16.1710929Z libpango-1.0-0 set to manually installed.
2025-10-03T18:59:16.1711287Z libx11-6 is already the newest version (2:1.8.7-1build1).
2025-10-03T18:59:16.1711630Z libx11-6 set to manually installed.
2025-10-03T18:59:16.1712119Z libxcb1 is already the newest version (1.15-1ubuntu2).
2025-10-03T18:59:16.1712459Z libxcb1 set to manually installed.
2025-10-03T18:59:16.1712814Z libxcomposite1 is already the newest version (1:0.4.5-1build3).
2025-10-03T18:59:16.1713348Z libxcomposite1 set to manually installed.
2025-10-03T18:59:16.1713726Z libxdamage1 is already the newest version (1:1.1.6-1build1).
2025-10-03T18:59:16.1714105Z libxdamage1 set to manually installed.
2025-10-03T18:59:16.1714461Z libxext6 is already the newest version (2:1.3.4-1build2).
2025-10-03T18:59:16.1714810Z libxext6 set to manually installed.
2025-10-03T18:59:16.1715162Z libxfixes3 is already the newest version (1:6.0.0-2build1).
2025-10-03T18:59:16.1715528Z libxfixes3 set to manually installed.
2025-10-03T18:59:16.1715897Z libxkbcommon0 is already the newest version (1.6.0-1build1).
2025-10-03T18:59:16.1716270Z libxkbcommon0 set to manually installed.
2025-10-03T18:59:16.1716595Z libxrandr2 is already the newest version (2:1.5.2-2build1).
2025-10-03T18:59:16.1716935Z libxrandr2 set to manually installed.
2025-10-03T18:59:16.1717260Z xvfb is already the newest version (2:21.1.12-1ubuntu1.4).
2025-10-03T18:59:16.1717700Z fonts-noto-color-emoji is already the newest version (2.047-0ubuntu0.24.04.1).
2025-10-03T18:59:16.1718173Z libfontconfig1 is already the newest version (2.15.0-1.1ubuntu2).
2025-10-03T18:59:16.1718539Z libfontconfig1 set to manually installed.
2025-10-03T18:59:16.1718892Z libfreetype6 is already the newest version (2.13.2+dfsg-1build3).
2025-10-03T18:59:16.1719254Z libfreetype6 set to manually installed.
2025-10-03T18:59:16.1719601Z fonts-liberation is already the newest version (1:2.1.5-3).
2025-10-03T18:59:16.1719960Z fonts-liberation set to manually installed.
2025-10-03T18:59:16.1720303Z The following additional packages will be installed:
2025-10-03T18:59:16.1720627Z   xfonts-encodings xfonts-utils
2025-10-03T18:59:16.1720884Z Recommended packages:
2025-10-03T18:59:16.1721176Z   fonts-ipafont-mincho fonts-tlwg-loma
2025-10-03T18:59:16.1870639Z The following NEW packages will be installed:
2025-10-03T18:59:16.1871415Z   fonts-freefont-ttf fonts-ipafont-gothic fonts-tlwg-loma-otf fonts-unifont
2025-10-03T18:59:16.1878030Z   fonts-wqy-zenhei xfonts-cyrillic xfonts-encodings xfonts-scalable
2025-10-03T18:59:16.1878651Z   xfonts-utils
2025-10-03T18:59:16.2051869Z 0 upgraded, 9 newly installed, 0 to remove and 21 not upgraded.
2025-10-03T18:59:16.2052484Z Need to get 21.1 MB of archives.
2025-10-03T18:59:16.2053407Z After this operation, 79.5 MB of additional disk space will be used.
2025-10-03T18:59:16.2053873Z Get:1 file:/etc/apt/apt-mirrors.txt Mirrorlist [144 B]
2025-10-03T18:59:16.2404202Z Get:2 http://azure.archive.ubuntu.com/ubuntu noble/universe amd64 fonts-ipafont-gothic all 00303-21ubuntu1 [3513 kB]
2025-10-03T18:59:16.3116229Z Get:3 http://azure.archive.ubuntu.com/ubuntu noble/main amd64 fonts-freefont-ttf all 20211204+svn4273-2 [5641 kB]
2025-10-03T18:59:16.4046452Z Get:4 http://azure.archive.ubuntu.com/ubuntu noble/universe amd64 fonts-tlwg-loma-otf all 1:0.7.3-1 [107 kB]
2025-10-03T18:59:16.4224578Z Get:5 http://azure.archive.ubuntu.com/ubuntu noble/universe amd64 fonts-unifont all 1:15.1.01-1build1 [2993 kB]
2025-10-03T18:59:16.4809761Z Get:6 http://azure.archive.ubuntu.com/ubuntu noble/universe amd64 fonts-wqy-zenhei all 0.9.45-8 [7472 kB]
2025-10-03T18:59:16.5673893Z Get:7 http://azure.archive.ubuntu.com/ubuntu noble/main amd64 xfonts-encodings all 1:1.0.5-0ubuntu2 [578 kB]
2025-10-03T18:59:16.6024527Z Get:8 http://azure.archive.ubuntu.com/ubuntu noble/main amd64 xfonts-utils amd64 1:7.7+6build3 [94.4 kB]
2025-10-03T18:59:16.6211689Z Get:9 http://azure.archive.ubuntu.com/ubuntu noble/universe amd64 xfonts-cyrillic all 1:1.0.5+nmu1 [384 kB]
2025-10-03T18:59:16.6638936Z Get:10 http://azure.archive.ubuntu.com/ubuntu noble/main amd64 xfonts-scalable all 1:1.0.3-1.3 [304 kB]
2025-10-03T18:59:16.9314578Z Fetched 21.1 MB in 0s (44.8 MB/s)
2025-10-03T18:59:16.9561242Z Selecting previously unselected package fonts-ipafont-gothic.
2025-10-03T18:59:16.9767151Z (Reading database ... 
2025-10-03T18:59:16.9767610Z (Reading database ... 5%
2025-10-03T18:59:16.9768022Z (Reading database ... 10%
2025-10-03T18:59:16.9768455Z (Reading database ... 15%
2025-10-03T18:59:16.9768731Z (Reading database ... 20%
2025-10-03T18:59:16.9768980Z (Reading database ... 25%
2025-10-03T18:59:16.9769221Z (Reading database ... 30%
2025-10-03T18:59:16.9769461Z (Reading database ... 35%
2025-10-03T18:59:16.9769717Z (Reading database ... 40%
2025-10-03T18:59:16.9769974Z (Reading database ... 45%
2025-10-03T18:59:16.9770219Z (Reading database ... 50%
2025-10-03T18:59:16.9830515Z (Reading database ... 55%
2025-10-03T18:59:17.0153299Z (Reading database ... 60%
2025-10-03T18:59:17.0332530Z (Reading database ... 65%
2025-10-03T18:59:17.0467048Z (Reading database ... 70%
2025-10-03T18:59:17.0660457Z (Reading database ... 75%
2025-10-03T18:59:17.0988795Z (Reading database ... 80%
2025-10-03T18:59:17.1458873Z (Reading database ... 85%
2025-10-03T18:59:17.1954964Z (Reading database ... 90%
2025-10-03T18:59:17.2334397Z (Reading database ... 95%
2025-10-03T18:59:17.2334847Z (Reading database ... 100%
2025-10-03T18:59:17.2335383Z (Reading database ... 214596 files and directories currently installed.)
2025-10-03T18:59:17.2380629Z Preparing to unpack .../0-fonts-ipafont-gothic_00303-21ubuntu1_all.deb ...
2025-10-03T18:59:17.2468822Z Unpacking fonts-ipafont-gothic (00303-21ubuntu1) ...
2025-10-03T18:59:17.4745771Z Selecting previously unselected package fonts-freefont-ttf.
2025-10-03T18:59:17.4880314Z Preparing to unpack .../1-fonts-freefont-ttf_20211204+svn4273-2_all.deb ...
2025-10-03T18:59:17.4890300Z Unpacking fonts-freefont-ttf (20211204+svn4273-2) ...
2025-10-03T18:59:17.5816995Z Selecting previously unselected package fonts-tlwg-loma-otf.
2025-10-03T18:59:17.5950862Z Preparing to unpack .../2-fonts-tlwg-loma-otf_1%3a0.7.3-1_all.deb ...
2025-10-03T18:59:17.5967074Z Unpacking fonts-tlwg-loma-otf (1:0.7.3-1) ...
2025-10-03T18:59:17.6203672Z Selecting previously unselected package fonts-unifont.
2025-10-03T18:59:17.6338613Z Preparing to unpack .../3-fonts-unifont_1%3a15.1.01-1build1_all.deb ...
2025-10-03T18:59:17.6349020Z Unpacking fonts-unifont (1:15.1.01-1build1) ...
2025-10-03T18:59:17.7583496Z Selecting previously unselected package fonts-wqy-zenhei.
2025-10-03T18:59:17.7717317Z Preparing to unpack .../4-fonts-wqy-zenhei_0.9.45-8_all.deb ...
2025-10-03T18:59:17.7864157Z Unpacking fonts-wqy-zenhei (0.9.45-8) ...
2025-10-03T18:59:18.2486934Z Selecting previously unselected package xfonts-encodings.
2025-10-03T18:59:18.2621083Z Preparing to unpack .../5-xfonts-encodings_1%3a1.0.5-0ubuntu2_all.deb ...
2025-10-03T18:59:18.2632715Z Unpacking xfonts-encodings (1:1.0.5-0ubuntu2) ...
2025-10-03T18:59:18.2940232Z Selecting previously unselected package xfonts-utils.
2025-10-03T18:59:18.3074140Z Preparing to unpack .../6-xfonts-utils_1%3a7.7+6build3_amd64.deb ...
2025-10-03T18:59:18.3084571Z Unpacking xfonts-utils (1:7.7+6build3) ...
2025-10-03T18:59:18.3449662Z Selecting previously unselected package xfonts-cyrillic.
2025-10-03T18:59:18.3585167Z Preparing to unpack .../7-xfonts-cyrillic_1%3a1.0.5+nmu1_all.deb ...
2025-10-03T18:59:18.3595562Z Unpacking xfonts-cyrillic (1:1.0.5+nmu1) ...
2025-10-03T18:59:18.4000934Z Selecting previously unselected package xfonts-scalable.
2025-10-03T18:59:18.4139356Z Preparing to unpack .../8-xfonts-scalable_1%3a1.0.3-1.3_all.deb ...
2025-10-03T18:59:18.4150784Z Unpacking xfonts-scalable (1:1.0.3-1.3) ...
2025-10-03T18:59:18.4580672Z Setting up fonts-wqy-zenhei (0.9.45-8) ...
2025-10-03T18:59:18.4715143Z Setting up fonts-freefont-ttf (20211204+svn4273-2) ...
2025-10-03T18:59:18.4743466Z Setting up fonts-tlwg-loma-otf (1:0.7.3-1) ...
2025-10-03T18:59:18.4770352Z Setting up xfonts-encodings (1:1.0.5-0ubuntu2) ...
2025-10-03T18:59:18.4802894Z Setting up fonts-ipafont-gothic (00303-21ubuntu1) ...
2025-10-03T18:59:18.4878473Z update-alternatives: using /usr/share/fonts/opentype/ipafont-gothic/ipag.ttf to provide /usr/share/fonts/truetype/fonts-japanese-gothic.ttf (fonts-japanese-gothic.ttf) in auto mode
2025-10-03T18:59:18.4897769Z Setting up fonts-unifont (1:15.1.01-1build1) ...
2025-10-03T18:59:18.4925146Z Setting up xfonts-utils (1:7.7+6build3) ...
2025-10-03T18:59:18.4971791Z Setting up xfonts-cyrillic (1:1.0.5+nmu1) ...
2025-10-03T18:59:18.5515433Z Setting up xfonts-scalable (1:1.0.3-1.3) ...
2025-10-03T18:59:18.5834913Z Processing triggers for man-db (2.12.0-4build2) ...
2025-10-03T18:59:26.6389386Z Processing triggers for fontconfig (2.15.0-1.1ubuntu2) ...
2025-10-03T18:59:27.4653267Z 
2025-10-03T18:59:27.4653820Z Running kernel seems to be up-to-date.
2025-10-03T18:59:27.4654086Z 
2025-10-03T18:59:27.4654194Z Restarting services...
2025-10-03T18:59:27.4724365Z 
2025-10-03T18:59:27.4724685Z Service restarts being deferred:
2025-10-03T18:59:27.4725855Z  systemctl restart hosted-compute-agent.service
2025-10-03T18:59:27.4726184Z 
2025-10-03T18:59:27.4726483Z No containers need to be restarted.
2025-10-03T18:59:27.4726801Z 
2025-10-03T18:59:27.4727054Z No user sessions are running outdated binaries.
2025-10-03T18:59:27.4727274Z 
2025-10-03T18:59:27.4727472Z No VM guests are running outdated hypervisor (qemu) binaries on this host.
2025-10-03T18:59:28.4241302Z ##[group]Run azure/login@v2
2025-10-03T18:59:28.4241585Z with:
2025-10-03T18:59:28.4242064Z   client-id: ***
2025-10-03T18:59:28.4242336Z   tenant-id: ***
2025-10-03T18:59:28.4242681Z   subscription-id: ***
2025-10-03T18:59:28.4242930Z   enable-AzPSSession: false
2025-10-03T18:59:28.4243405Z   environment: azurecloud
2025-10-03T18:59:28.4243749Z   allow-no-subscriptions: false
2025-10-03T18:59:28.4244035Z   audience: api://AzureADTokenExchange
2025-10-03T18:59:28.4244325Z   auth-type: SERVICE_PRINCIPAL
2025-10-03T18:59:28.4244562Z env:
2025-10-03T18:59:28.4244760Z   AZURE_ENV_NAME: ci-test-1
2025-10-03T18:59:28.4245002Z   AZURE_LOCATION: westus3
2025-10-03T18:59:28.4245312Z   pythonLocation: /opt/hostedtoolcache/Python/3.11.13/x64
2025-10-03T18:59:28.4245745Z   PKG_CONFIG_PATH: /opt/hostedtoolcache/Python/3.11.13/x64/lib/pkgconfig
2025-10-03T18:59:28.4246178Z   Python_ROOT_DIR: /opt/hostedtoolcache/Python/3.11.13/x64
2025-10-03T18:59:28.4246593Z   Python2_ROOT_DIR: /opt/hostedtoolcache/Python/3.11.13/x64
2025-10-03T18:59:28.4246975Z   Python3_ROOT_DIR: /opt/hostedtoolcache/Python/3.11.13/x64
2025-10-03T18:59:28.4247349Z   LD_LIBRARY_PATH: /opt/hostedtoolcache/Python/3.11.13/x64/lib
2025-10-03T18:59:28.4247672Z ##[endgroup]
2025-10-03T18:59:28.4616327Z Running Azure CLI Login.
2025-10-03T18:59:45.2400980Z [command]/usr/bin/az cloud set -n azurecloud
2025-10-03T18:59:45.4645726Z Done setting cloud: "azurecloud"
2025-10-03T18:59:45.5485195Z Federated token details:
2025-10-03T18:59:45.5485742Z  issuer - https://token.actions.githubusercontent.com
2025-10-03T18:59:45.5486553Z  subject claim - repo:bradcstevens/az-storage-upload-web-app:ref:refs/heads/main
2025-10-03T18:59:45.5487274Z  audience - api://AzureADTokenExchange
2025-10-03T18:59:45.5488112Z  job_workflow_ref - bradcstevens/az-storage-upload-web-app/.github/workflows/ci-cd.yml@refs/heads/main
2025-10-03T18:59:45.5489003Z Attempting Azure CLI login by using OIDC...
2025-10-03T18:59:46.9406622Z Subscription is set successfully.
2025-10-03T18:59:46.9407218Z Azure CLI login succeeds by using OIDC.
2025-10-03T18:59:46.9491393Z ##[group]Run azd auth login --client-id "***" \
2025-10-03T18:59:46.9492206Z [36;1mazd auth login --client-id "***" \[0m
2025-10-03T18:59:46.9493007Z [36;1m               --client-secret "***" \[0m
2025-10-03T18:59:46.9494788Z [36;1m               --tenant-id "***"[0m
2025-10-03T18:59:46.9543029Z shell: /usr/bin/bash -e {0}
2025-10-03T18:59:46.9543708Z env:
2025-10-03T18:59:46.9544035Z   AZURE_ENV_NAME: ci-test-1
2025-10-03T18:59:46.9544449Z   AZURE_LOCATION: westus3
2025-10-03T18:59:46.9544971Z   pythonLocation: /opt/hostedtoolcache/Python/3.11.13/x64
2025-10-03T18:59:46.9545715Z   PKG_CONFIG_PATH: /opt/hostedtoolcache/Python/3.11.13/x64/lib/pkgconfig
2025-10-03T18:59:46.9546443Z   Python_ROOT_DIR: /opt/hostedtoolcache/Python/3.11.13/x64
2025-10-03T18:59:46.9547454Z   Python2_ROOT_DIR: /opt/hostedtoolcache/Python/3.11.13/x64
2025-10-03T18:59:46.9548177Z   Python3_ROOT_DIR: /opt/hostedtoolcache/Python/3.11.13/x64
2025-10-03T18:59:46.9548914Z   LD_LIBRARY_PATH: /opt/hostedtoolcache/Python/3.11.13/x64/lib
2025-10-03T18:59:46.9549497Z ##[endgroup]
2025-10-03T18:59:48.1681846Z Logged in to Azure as (***)
2025-10-03T18:59:48.1763285Z ##[group]Run azd init --environment ci-test-1 --location westus3 --subscription ***
2025-10-03T18:59:48.1764544Z [36;1mazd init --environment ci-test-1 --location westus3 --subscription ***[0m
2025-10-03T18:59:48.1765300Z [36;1mazd env set AZURE_LOCATION westus3[0m
2025-10-03T18:59:48.1798755Z shell: /usr/bin/bash -e {0}
2025-10-03T18:59:48.1799024Z env:
2025-10-03T18:59:48.1799247Z   AZURE_ENV_NAME: ci-test-1
2025-10-03T18:59:48.1799501Z   AZURE_LOCATION: westus3
2025-10-03T18:59:48.1799807Z   pythonLocation: /opt/hostedtoolcache/Python/3.11.13/x64
2025-10-03T18:59:48.1800249Z   PKG_CONFIG_PATH: /opt/hostedtoolcache/Python/3.11.13/x64/lib/pkgconfig
2025-10-03T18:59:48.1800697Z   Python_ROOT_DIR: /opt/hostedtoolcache/Python/3.11.13/x64
2025-10-03T18:59:48.1801076Z   Python2_ROOT_DIR: /opt/hostedtoolcache/Python/3.11.13/x64
2025-10-03T18:59:48.1801445Z   Python3_ROOT_DIR: /opt/hostedtoolcache/Python/3.11.13/x64
2025-10-03T18:59:48.1801850Z   LD_LIBRARY_PATH: /opt/hostedtoolcache/Python/3.11.13/x64/lib
2025-10-03T18:59:48.1802171Z ##[endgroup]
2025-10-03T18:59:48.2225082Z 
2025-10-03T18:59:48.2225333Z Initializing an app to run on Azure (azd init)
2025-10-03T18:59:48.2225577Z 
2025-10-03T18:59:48.2291776Z 
2025-10-03T18:59:48.2292186Z SUCCESS: Initialized environment ci-test-1.
2025-10-03T18:59:48.2774276Z ##[group]Run echo "Starting deployment..."
2025-10-03T18:59:48.2774911Z [36;1mecho "Starting deployment..."[0m
2025-10-03T18:59:48.2775413Z [36;1mazd up --no-prompt[0m
2025-10-03T18:59:48.2775833Z [36;1m[0m
2025-10-03T18:59:48.2776186Z [36;1m# Capture outputs[0m
2025-10-03T18:59:48.2776907Z [36;1mAPP_URL=$(azd env get-values | grep AZURE_APP_SERVICE_URL | cut -d'=' -f2 | tr -d '"')[0m
2025-10-03T18:59:48.2777995Z [36;1mSTORAGE_ACCOUNT=$(azd env get-values | grep AZURE_STORAGE_ACCOUNT_NAME | cut -d'=' -f2 | tr -d '"')[0m
2025-10-03T18:59:48.2779095Z [36;1mRESOURCE_GROUP=$(azd env get-values | grep AZURE_RESOURCE_GROUP | cut -d'=' -f2 | tr -d '"')[0m
2025-10-03T18:59:48.2779818Z [36;1m[0m
2025-10-03T18:59:48.2780203Z [36;1mecho "app_url=$APP_URL" >> $GITHUB_OUTPUT[0m
2025-10-03T18:59:48.2780851Z [36;1mecho "storage_account=$STORAGE_ACCOUNT" >> $GITHUB_OUTPUT[0m
2025-10-03T18:59:48.2781584Z [36;1mecho "resource_group=$RESOURCE_GROUP" >> $GITHUB_OUTPUT[0m
2025-10-03T18:59:48.2782230Z [36;1m[0m
2025-10-03T18:59:48.2782597Z [36;1mecho "‚úÖ Deployment complete!"[0m
2025-10-03T18:59:48.2783259Z [36;1mecho "üåê App URL: $APP_URL"[0m
2025-10-03T18:59:48.2783776Z [36;1mecho "üì¶ Storage: $STORAGE_ACCOUNT"[0m
2025-10-03T18:59:48.2784340Z [36;1mecho "üìÇ Resource Group: $RESOURCE_GROUP"[0m
2025-10-03T18:59:48.2831940Z shell: /usr/bin/bash -e {0}
2025-10-03T18:59:48.2832356Z env:
2025-10-03T18:59:48.2832683Z   AZURE_ENV_NAME: ci-test-1
2025-10-03T18:59:48.2833261Z   AZURE_LOCATION: westus3
2025-10-03T18:59:48.2833802Z   pythonLocation: /opt/hostedtoolcache/Python/3.11.13/x64
2025-10-03T18:59:48.2834553Z   PKG_CONFIG_PATH: /opt/hostedtoolcache/Python/3.11.13/x64/lib/pkgconfig
2025-10-03T18:59:48.2835294Z   Python_ROOT_DIR: /opt/hostedtoolcache/Python/3.11.13/x64
2025-10-03T18:59:48.2835970Z   Python2_ROOT_DIR: /opt/hostedtoolcache/Python/3.11.13/x64
2025-10-03T18:59:48.2836669Z   Python3_ROOT_DIR: /opt/hostedtoolcache/Python/3.11.13/x64
2025-10-03T18:59:48.2837368Z   LD_LIBRARY_PATH: /opt/hostedtoolcache/Python/3.11.13/x64/lib
2025-10-03T18:59:48.2837941Z ##[endgroup]
2025-10-03T18:59:48.2907005Z Starting deployment...
2025-10-03T18:59:48.6541857Z Downloading Bicep
2025-10-03T18:59:49.6208688Z   (‚úì) Done: Downloading Bicep
2025-10-03T18:59:49.9569538Z Initialize bicep provider
2025-10-03T18:59:54.4527917Z 
2025-10-03T18:59:54.4528398Z Packaging services (azd package)
2025-10-03T18:59:54.4528723Z 
2025-10-03T18:59:54.4552665Z Packaging service web
2025-10-03T18:59:54.4606837Z Packaging service web (Compressing deployment artifacts)
2025-10-03T18:59:54.9457006Z   (‚úì) Done: Packaging service web
2025-10-03T18:59:54.9457847Z   - Package Output: /tmp/video-upload-app-web-azddeploy-1759517994.zip
2025-10-03T18:59:55.0988589Z 
2025-10-03T18:59:55.0989023Z Provisioning Azure resources (azd provision)
2025-10-03T18:59:55.0989633Z Provisioning Azure resources can take some time.
2025-10-03T18:59:55.0989997Z 
2025-10-03T18:59:55.1018577Z Initialize bicep provider
2025-10-03T18:59:59.2106098Z Retrieving subscriptions...
2025-10-03T18:59:59.4122043Z Reading subscription and location from environment...
2025-10-03T19:00:00.2521644Z Subscription: Managed-Environment (***)
2025-10-03T19:00:00.2522942Z Location: West US 3
2025-10-03T19:00:00.2523350Z 
2025-10-03T19:00:00.2523587Z Creating a deployment plan
2025-10-03T19:00:00.2545068Z Comparing deployment state
2025-10-03T19:00:04.8049974Z Creating/Updating resources
2025-10-03T19:00:18.7912080Z   You can view detailed progress in the Azure Portal:
2025-10-03T19:00:18.7913872Z   https://portal.azure.com/#view/HubsExtension/DeploymentDetailsBlade/~/overview/id/%2Fsubscriptions%2F***%2Fproviders%2FMicrosoft.Resources%2Fdeployments%2Fci-test-1-1759518000
2025-10-03T19:00:18.7915015Z 
2025-10-03T19:00:19.6384018Z   (‚úì) Done: Resource group: rg-ci-test-1 (1.846s)
2025-10-03T19:00:19.6384751Z   (‚úì) Done: Virtual Network: vnet-w62zdl4j6beoy (5.054s)
2025-10-03T19:00:53.2945176Z   (‚úì) Done: Storage account: stw62zdl4j6beoy (22.459s)
2025-10-03T19:01:15.3489578Z   (‚úì) Done: Private Endpoint: stw62zdl4j6beoy-pe (52.703s)
2025-10-03T19:03:20.6914271Z   (‚úì) Done: App Service plan: plan-w62zdl4j6beoy (1m7.21s)
2025-10-03T19:03:53.5981173Z   (‚úì) Done: App Service: app-w62zdl4j6beoy (1m42.088s)
2025-10-03T19:04:13.0449403Z 
2025-10-03T19:04:13.0449876Z Deploying services (azd deploy)
2025-10-03T19:04:13.0450264Z 
2025-10-03T19:04:13.0450375Z Deploying service web
2025-10-03T19:04:13.6567102Z Deploying service web (Uploading deployment package)
2025-10-03T19:06:30.6553664Z Deploying service web (Running build process)
2025-10-03T19:06:35.2066630Z Deploying service web (Running build process)
2025-10-03T19:06:39.8279323Z Deploying service web (Running build process)
2025-10-03T19:06:44.8518770Z Deploying service web (Running build process)
2025-10-03T19:06:49.0002824Z Deploying service web (Running build process)
2025-10-03T19:06:53.5911967Z Deploying service web (Running build process)
2025-10-03T19:06:57.5287454Z Deploying service web (Running build process)
2025-10-03T19:07:01.6369212Z Deploying service web (Running build process)
2025-10-03T19:07:05.7409448Z Deploying service web (Running build process)
2025-10-03T19:07:09.9070339Z Deploying service web (Running build process)
2025-10-03T19:07:14.7331073Z Deploying service web (Running build process)
2025-10-03T19:07:18.6034061Z Deploying service web (Running build process)
2025-10-03T19:07:22.5800742Z Deploying service web (Running build process)
2025-10-03T19:07:27.3020011Z Deploying service web (Running build process)
2025-10-03T19:07:31.6694806Z Deploying service web (Running build process)
2025-10-03T19:07:36.7616032Z Deploying service web (Running build process)
2025-10-03T19:07:41.8574840Z Deploying service web (Running build process)
2025-10-03T19:07:46.1556203Z Deploying service web (Running build process)
2025-10-03T19:07:51.0898763Z Deploying service web (Running build process)
2025-10-03T19:07:55.5487595Z Deploying service web (Running build process)
2025-10-03T19:07:59.5071059Z Deploying service web (Running build process)
2025-10-03T19:08:04.2956189Z Deploying service web (Running build process)
2025-10-03T19:08:26.6124638Z Deploying service web (Running build process)
2025-10-03T19:08:47.4716604Z Deploying service web (Running build process)
2025-10-03T19:09:08.1426629Z Deploying service web (Running build process)
2025-10-03T19:09:29.4866803Z Deploying service web (Running build process)
2025-10-03T19:09:51.8894037Z Deploying service web (Running build process)
2025-10-03T19:10:14.0178711Z Deploying service web (Running build process)
2025-10-03T19:10:55.5021346Z Deploying service web (Starting runtime process, 1 in progress instances, 0 successful instances)
2025-10-03T19:11:15.7858853Z Deploying service web (Starting runtime process, 1 in progress instances, 0 successful instances)
2025-10-03T19:11:36.0361629Z Deploying service web (Starting runtime process, 1 in progress instances, 0 successful instances)
2025-10-03T19:11:56.2372300Z Deploying service web (Starting runtime process, 1 in progress instances, 0 successful instances)
2025-10-03T19:12:16.5393541Z Deploying service web (Fetching endpoints for app service)
2025-10-03T19:12:16.7210692Z   (‚úì) Done: Deploying service web
2025-10-03T19:12:16.7211370Z   - Endpoint: https://app-w62zdl4j6beoy.azurewebsites.net/
2025-10-03T19:12:16.7211704Z 
2025-10-03T19:12:16.7211711Z 
2025-10-03T19:12:16.7212192Z SUCCESS: Your up workflow to provision and deploy to Azure completed in 12 minutes 22 seconds.
2025-10-03T19:12:16.8369075Z ‚úÖ Deployment complete!
2025-10-03T19:12:16.8369812Z üåê App URL: https://app-w62zdl4j6beoy.azurewebsites.net
2025-10-03T19:12:16.8370527Z üì¶ Storage: stw62zdl4j6beoy
2025-10-03T19:12:16.8371035Z üìÇ Resource Group: rg-ci-test-1
2025-10-03T19:12:16.8430937Z ##[group]Run APP_URL="https://app-w62zdl4j6beoy.azurewebsites.net"
2025-10-03T19:12:16.8431778Z [36;1mAPP_URL="https://app-w62zdl4j6beoy.azurewebsites.net"[0m
2025-10-03T19:12:16.8432508Z [36;1mecho "Waiting for app to be responsive at $APP_URL..."[0m
2025-10-03T19:12:16.8433313Z [36;1m[0m
2025-10-03T19:12:16.8433659Z [36;1mmax_attempts=30[0m
2025-10-03T19:12:16.8434063Z [36;1mattempt=0[0m
2025-10-03T19:12:16.8434422Z [36;1m[0m
2025-10-03T19:12:16.8434829Z [36;1mwhile [ $attempt -lt $max_attempts ]; do[0m
2025-10-03T19:12:16.8435442Z [36;1m  if curl -sf "$APP_URL/health" > /dev/null 2>&1; then[0m
2025-10-03T19:12:16.8436045Z [36;1m    echo "‚úÖ App is ready!"[0m
2025-10-03T19:12:16.8436553Z [36;1m    curl -s "$APP_URL/health" | jq '.'[0m
2025-10-03T19:12:16.8437035Z [36;1m    break[0m
2025-10-03T19:12:16.8437387Z [36;1m  fi[0m
2025-10-03T19:12:16.8437709Z [36;1m  [0m
2025-10-03T19:12:16.8438051Z [36;1m  attempt=$((attempt + 1))[0m
2025-10-03T19:12:16.8438709Z [36;1m  echo "Attempt $attempt/$max_attempts - waiting 10 seconds..."[0m
2025-10-03T19:12:16.8439314Z [36;1m  sleep 10[0m
2025-10-03T19:12:16.8439672Z [36;1mdone[0m
2025-10-03T19:12:16.8439994Z [36;1m[0m
2025-10-03T19:12:16.8440375Z [36;1mif [ $attempt -eq $max_attempts ]; then[0m
2025-10-03T19:12:16.8441039Z [36;1m  echo "‚ùå App failed to become ready after $max_attempts attempts"[0m
2025-10-03T19:12:16.8441647Z [36;1m  exit 1[0m
2025-10-03T19:12:16.8441984Z [36;1mfi[0m
2025-10-03T19:12:16.8488530Z shell: /usr/bin/bash -e {0}
2025-10-03T19:12:16.8488932Z env:
2025-10-03T19:12:16.8489249Z   AZURE_ENV_NAME: ci-test-1
2025-10-03T19:12:16.8489670Z   AZURE_LOCATION: westus3
2025-10-03T19:12:16.8490171Z   pythonLocation: /opt/hostedtoolcache/Python/3.11.13/x64
2025-10-03T19:12:16.8490881Z   PKG_CONFIG_PATH: /opt/hostedtoolcache/Python/3.11.13/x64/lib/pkgconfig
2025-10-03T19:12:16.8491583Z   Python_ROOT_DIR: /opt/hostedtoolcache/Python/3.11.13/x64
2025-10-03T19:12:16.8492236Z   Python2_ROOT_DIR: /opt/hostedtoolcache/Python/3.11.13/x64
2025-10-03T19:12:16.8492867Z   Python3_ROOT_DIR: /opt/hostedtoolcache/Python/3.11.13/x64
2025-10-03T19:12:16.8493715Z   LD_LIBRARY_PATH: /opt/hostedtoolcache/Python/3.11.13/x64/lib
2025-10-03T19:12:16.8494269Z ##[endgroup]
2025-10-03T19:12:16.8549206Z Waiting for app to be responsive at https://app-w62zdl4j6beoy.azurewebsites.net...
2025-10-03T19:12:17.3994092Z Attempt 1/30 - waiting 10 seconds...
2025-10-03T19:12:27.9870679Z Attempt 2/30 - waiting 10 seconds...
2025-10-03T19:12:38.5929623Z Attempt 3/30 - waiting 10 seconds...
2025-10-03T19:12:48.9106761Z Attempt 4/30 - waiting 10 seconds...
2025-10-03T19:12:59.3004070Z Attempt 5/30 - waiting 10 seconds...
2025-10-03T19:13:09.6095743Z Attempt 6/30 - waiting 10 seconds...
2025-10-03T19:13:19.9099116Z Attempt 7/30 - waiting 10 seconds...
2025-10-03T19:13:30.1700260Z Attempt 8/30 - waiting 10 seconds...
2025-10-03T19:13:40.4143599Z Attempt 9/30 - waiting 10 seconds...
2025-10-03T19:13:50.6441015Z Attempt 10/30 - waiting 10 seconds...
2025-10-03T19:14:00.9174080Z Attempt 11/30 - waiting 10 seconds...
2025-10-03T19:14:11.1899902Z Attempt 12/30 - waiting 10 seconds...
2025-10-03T19:14:21.4480068Z Attempt 13/30 - waiting 10 seconds...
2025-10-03T19:14:31.6632219Z Attempt 14/30 - waiting 10 seconds...
2025-10-03T19:14:41.9589204Z Attempt 15/30 - waiting 10 seconds...
2025-10-03T19:14:52.1815504Z Attempt 16/30 - waiting 10 seconds...
2025-10-03T19:15:02.4167337Z Attempt 17/30 - waiting 10 seconds...
2025-10-03T19:15:12.6593329Z Attempt 18/30 - waiting 10 seconds...
2025-10-03T19:15:22.9034074Z Attempt 19/30 - waiting 10 seconds...
2025-10-03T19:15:33.1430227Z Attempt 20/30 - waiting 10 seconds...
2025-10-03T19:15:43.4396450Z Attempt 21/30 - waiting 10 seconds...
2025-10-03T19:15:53.7171712Z Attempt 22/30 - waiting 10 seconds...
2025-10-03T19:16:03.9436534Z Attempt 23/30 - waiting 10 seconds...
2025-10-03T19:16:14.2649806Z Attempt 24/30 - waiting 10 seconds...
2025-10-03T19:16:24.4892706Z Attempt 25/30 - waiting 10 seconds...
2025-10-03T19:16:34.7544685Z Attempt 26/30 - waiting 10 seconds...
2025-10-03T19:16:44.9870872Z Attempt 27/30 - waiting 10 seconds...
2025-10-03T19:16:55.2168226Z Attempt 28/30 - waiting 10 seconds...
2025-10-03T19:17:05.5218730Z Attempt 29/30 - waiting 10 seconds...
2025-10-03T19:17:15.7680005Z Attempt 30/30 - waiting 10 seconds...
2025-10-03T19:17:25.7696876Z ‚ùå App failed to become ready after 30 attempts
2025-10-03T19:17:25.7712264Z ##[error]Process completed with exit code 1.
2025-10-03T19:17:25.7775615Z ##[group]Run actions/upload-artifact@v4
2025-10-03T19:17:25.7775916Z with:
2025-10-03T19:17:25.7776130Z   name: playwright-results
2025-10-03T19:17:25.7776429Z   path: test-results/
playwright-report/

2025-10-03T19:17:25.7776724Z   retention-days: 7
2025-10-03T19:17:25.7776961Z   if-no-files-found: warn
2025-10-03T19:17:25.7777205Z   compression-level: 6
2025-10-03T19:17:25.7777429Z   overwrite: false
2025-10-03T19:17:25.7777657Z   include-hidden-files: false
2025-10-03T19:17:25.7777900Z env:
2025-10-03T19:17:25.7778099Z   AZURE_ENV_NAME: ci-test-1
2025-10-03T19:17:25.7778342Z   AZURE_LOCATION: westus3
2025-10-03T19:17:25.7778640Z   pythonLocation: /opt/hostedtoolcache/Python/3.11.13/x64
2025-10-03T19:17:25.7779067Z   PKG_CONFIG_PATH: /opt/hostedtoolcache/Python/3.11.13/x64/lib/pkgconfig
2025-10-03T19:17:25.7779482Z   Python_ROOT_DIR: /opt/hostedtoolcache/Python/3.11.13/x64
2025-10-03T19:17:25.7779854Z   Python2_ROOT_DIR: /opt/hostedtoolcache/Python/3.11.13/x64
2025-10-03T19:17:25.7780262Z   Python3_ROOT_DIR: /opt/hostedtoolcache/Python/3.11.13/x64
2025-10-03T19:17:25.7780645Z   LD_LIBRARY_PATH: /opt/hostedtoolcache/Python/3.11.13/x64/lib
2025-10-03T19:17:25.7780973Z ##[endgroup]
2025-10-03T19:17:25.9917822Z Multiple search paths detected. Calculating the least common ancestor of all paths
2025-10-03T19:17:25.9920427Z The least common ancestor is /home/runner/work/az-storage-upload-web-app/az-storage-upload-web-app. This will be the root directory of the artifact
2025-10-03T19:17:25.9937782Z ##[warning]No files were found with the provided path: test-results/
playwright-report/. No artifacts will be uploaded.
2025-10-03T19:17:26.0027005Z ##[group]Run echo "üßπ Starting cleanup of Azure resources..."
2025-10-03T19:17:26.0027478Z [36;1mecho "üßπ Starting cleanup of Azure resources..."[0m
2025-10-03T19:17:26.0027797Z [36;1m[0m
2025-10-03T19:17:26.0028013Z [36;1m# Get resource group name[0m
2025-10-03T19:17:26.0028294Z [36;1mRG_NAME="rg-ci-test-1"[0m
2025-10-03T19:17:26.0028541Z [36;1m[0m
2025-10-03T19:17:26.0028748Z [36;1mif [ -z "$RG_NAME" ]; then[0m
2025-10-03T19:17:26.0029159Z [36;1m  echo "‚ö†Ô∏è Resource group name not found, attempting to find by environment name..."[0m
2025-10-03T19:17:26.0029948Z [36;1m  RG_NAME=$(az group list --query "[?tags.\"azd-env-name\"=='ci-test-1'].name" -o tsv)[0m
2025-10-03T19:17:26.0030350Z [36;1mfi[0m
2025-10-03T19:17:26.0030553Z [36;1m[0m
2025-10-03T19:17:26.0030765Z [36;1mif [ -n "$RG_NAME" ]; then[0m
2025-10-03T19:17:26.0031067Z [36;1m  echo "Found resource group: $RG_NAME"[0m
2025-10-03T19:17:26.0031353Z [36;1m  [0m
2025-10-03T19:17:26.0031594Z [36;1m  # Delete resource group[0m
2025-10-03T19:17:26.0031898Z [36;1m  echo "Deleting resource group: $RG_NAME"[0m
2025-10-03T19:17:26.0032251Z [36;1m  az group delete --name "$RG_NAME" --yes --no-wait[0m
2025-10-03T19:17:26.0032555Z [36;1m  [0m
2025-10-03T19:17:26.0032820Z [36;1m  echo "‚úÖ Resource group deletion initiated (async)"[0m
2025-10-03T19:17:26.0033369Z [36;1melse[0m
2025-10-03T19:17:26.0033625Z [36;1m  echo "‚ö†Ô∏è No resource group found to delete"[0m
2025-10-03T19:17:26.0033913Z [36;1mfi[0m
2025-10-03T19:17:26.0034102Z [36;1m[0m
2025-10-03T19:17:26.0034322Z [36;1m# Clean up azd environment[0m
2025-10-03T19:17:26.0034616Z [36;1mecho "Cleaning up azd environment..."[0m
2025-10-03T19:17:26.0034955Z [36;1mazd down --force --purge --no-prompt || true[0m
2025-10-03T19:17:26.0035252Z [36;1m[0m
2025-10-03T19:17:26.0035459Z [36;1mecho "‚úÖ Cleanup complete!"[0m
2025-10-03T19:17:26.0067991Z shell: /usr/bin/bash -e {0}
2025-10-03T19:17:26.0068247Z env:
2025-10-03T19:17:26.0068464Z   AZURE_ENV_NAME: ci-test-1
2025-10-03T19:17:26.0068712Z   AZURE_LOCATION: westus3
2025-10-03T19:17:26.0069015Z   pythonLocation: /opt/hostedtoolcache/Python/3.11.13/x64
2025-10-03T19:17:26.0069454Z   PKG_CONFIG_PATH: /opt/hostedtoolcache/Python/3.11.13/x64/lib/pkgconfig
2025-10-03T19:17:26.0069883Z   Python_ROOT_DIR: /opt/hostedtoolcache/Python/3.11.13/x64
2025-10-03T19:17:26.0070257Z   Python2_ROOT_DIR: /opt/hostedtoolcache/Python/3.11.13/x64
2025-10-03T19:17:26.0070632Z   Python3_ROOT_DIR: /opt/hostedtoolcache/Python/3.11.13/x64
2025-10-03T19:17:26.0071020Z   LD_LIBRARY_PATH: /opt/hostedtoolcache/Python/3.11.13/x64/lib
2025-10-03T19:17:26.0071342Z ##[endgroup]
2025-10-03T19:17:26.0123654Z üßπ Starting cleanup of Azure resources...
2025-10-03T19:17:26.0124362Z Found resource group: rg-ci-test-1
2025-10-03T19:17:26.0124968Z Deleting resource group: rg-ci-test-1
2025-10-03T19:17:28.2194705Z ‚úÖ Resource group deletion initiated (async)
2025-10-03T19:17:28.2195321Z Cleaning up azd environment...
2025-10-03T19:17:28.6184822Z 
2025-10-03T19:17:28.6185405Z Deleting all resources and deployed code on Azure (azd down)
2025-10-03T19:17:28.6186091Z Local application code is not deleted when running 'azd down'.
2025-10-03T19:17:28.6186365Z 
2025-10-03T19:17:28.9564311Z Initialize bicep provider
2025-10-03T19:17:33.7020359Z Discovering resources to delete...
2025-10-03T19:17:37.2766010Z Deleting your resources can take some time.
2025-10-03T19:17:37.2766438Z 
2025-10-03T19:17:38.2526479Z Deleting resource group rg-ci-test-1
2025-10-03T19:20:43.8063921Z   (‚úì) Done: Deleted resource group rg-ci-test-1
2025-10-03T19:21:18.6667895Z 
2025-10-03T19:21:18.6677765Z 
2025-10-03T19:21:18.6678588Z SUCCESS: Your application was removed from Azure in 3 minutes 50 seconds.
2025-10-03T19:21:18.6709361Z ‚úÖ Cleanup complete!
2025-10-03T19:21:18.6748142Z ##[group]Run echo "üîç Verifying all resources are deleted..."
2025-10-03T19:21:18.6748913Z [36;1mecho "üîç Verifying all resources are deleted..."[0m
2025-10-03T19:21:18.6749458Z [36;1m[0m
2025-10-03T19:21:18.6749819Z [36;1mRG_NAME="rg-ci-test-1"[0m
2025-10-03T19:21:18.6750249Z [36;1m[0m
2025-10-03T19:21:18.6750605Z [36;1mif [ -n "$RG_NAME" ]; then[0m
2025-10-03T19:21:18.6751100Z [36;1m  # Wait a bit for deletion to propagate[0m
2025-10-03T19:21:18.6751594Z [36;1m  sleep 10[0m
2025-10-03T19:21:18.6751950Z [36;1m  [0m
2025-10-03T19:21:18.6752333Z [36;1m  # Check if resource group still exists[0m
2025-10-03T19:21:18.6752943Z [36;1m  if az group show --name "$RG_NAME" > /dev/null 2>&1; then[0m
2025-10-03T19:21:18.6753819Z [36;1m    echo "‚ö†Ô∏è Resource group still exists (deletion in progress)"[0m
2025-10-03T19:21:18.6754744Z [36;1m    echo "Status: Being deleted (async operation)"[0m
2025-10-03T19:21:18.6755322Z [36;1m  else[0m
2025-10-03T19:21:18.6756136Z [36;1m    echo "‚úÖ Resource group confirmed deleted"[0m
2025-10-03T19:21:18.6756794Z [36;1m  fi[0m
2025-10-03T19:21:18.6757270Z [36;1mfi[0m
2025-10-03T19:21:18.6757858Z [36;1m[0m
2025-10-03T19:21:18.6758392Z [36;1m# List any remaining resources from this environment[0m
2025-10-03T19:21:18.6759504Z [36;1mREMAINING=$(az resource list --tag "azd-env-name=ci-test-1" --query "length(@)" -o tsv 2>/dev/null || echo "0")[0m
2025-10-03T19:21:18.6778932Z [36;1m[0m
2025-10-03T19:21:18.6779378Z [36;1mif [ "$REMAINING" -gt 0 ]; then[0m
2025-10-03T19:21:18.6780113Z [36;1m  echo "‚ö†Ô∏è Warning: Found $REMAINING resources still tagged with environment name"[0m
2025-10-03T19:21:18.6781011Z [36;1m  az resource list --tag "azd-env-name=ci-test-1" --output table[0m
2025-10-03T19:21:18.6781639Z [36;1melse[0m
2025-10-03T19:21:18.6782043Z [36;1m  echo "‚úÖ No tagged resources remaining"[0m
2025-10-03T19:21:18.6782531Z [36;1mfi[0m
2025-10-03T19:21:18.6830497Z shell: /usr/bin/bash -e {0}
2025-10-03T19:21:18.6830940Z env:
2025-10-03T19:21:18.6831285Z   AZURE_ENV_NAME: ci-test-1
2025-10-03T19:21:18.6831707Z   AZURE_LOCATION: westus3
2025-10-03T19:21:18.6832211Z   pythonLocation: /opt/hostedtoolcache/Python/3.11.13/x64
2025-10-03T19:21:18.6832980Z   PKG_CONFIG_PATH: /opt/hostedtoolcache/Python/3.11.13/x64/lib/pkgconfig
2025-10-03T19:21:18.6833904Z   Python_ROOT_DIR: /opt/hostedtoolcache/Python/3.11.13/x64
2025-10-03T19:21:18.6834583Z   Python2_ROOT_DIR: /opt/hostedtoolcache/Python/3.11.13/x64
2025-10-03T19:21:18.6835272Z   Python3_ROOT_DIR: /opt/hostedtoolcache/Python/3.11.13/x64
2025-10-03T19:21:18.6836015Z   LD_LIBRARY_PATH: /opt/hostedtoolcache/Python/3.11.13/x64/lib
2025-10-03T19:21:18.6836572Z ##[endgroup]
2025-10-03T19:21:18.6906657Z üîç Verifying all resources are deleted...
2025-10-03T19:21:29.6445922Z ‚úÖ Resource group confirmed deleted
2025-10-03T19:21:30.5791477Z ‚úÖ No tagged resources remaining
2025-10-03T19:21:30.5831349Z ##[group]Run echo "## üéØ CI/CD Pipeline Summary" >> $GITHUB_STEP_SUMMARY
2025-10-03T19:21:30.5832254Z [36;1mecho "## üéØ CI/CD Pipeline Summary" >> $GITHUB_STEP_SUMMARY[0m
2025-10-03T19:21:30.5832884Z [36;1mecho "" >> $GITHUB_STEP_SUMMARY[0m
2025-10-03T19:21:30.5833804Z [36;1mecho "**Environment**: \`ci-test-1\`" >> $GITHUB_STEP_SUMMARY[0m
2025-10-03T19:21:30.5834589Z [36;1mecho "**Location**: \`westus3\`" >> $GITHUB_STEP_SUMMARY[0m
2025-10-03T19:21:30.5835207Z [36;1mecho "" >> $GITHUB_STEP_SUMMARY[0m
2025-10-03T19:21:30.5835668Z [36;1m[0m
2025-10-03T19:21:30.5836052Z [36;1mif [ "success" == "success" ]; then[0m
2025-10-03T19:21:30.5836673Z [36;1m  echo "‚úÖ **Deployment**: Success" >> $GITHUB_STEP_SUMMARY[0m
2025-10-03T19:21:30.5837579Z [36;1m  echo "- App URL: https://app-w62zdl4j6beoy.azurewebsites.net" >> $GITHUB_STEP_SUMMARY[0m
2025-10-03T19:21:30.5838508Z [36;1m  echo "- Storage: stw62zdl4j6beoy" >> $GITHUB_STEP_SUMMARY[0m
2025-10-03T19:21:30.5839285Z [36;1m  echo "- Resource Group: rg-ci-test-1" >> $GITHUB_STEP_SUMMARY[0m
2025-10-03T19:21:30.5839889Z [36;1melse[0m
2025-10-03T19:21:30.5840373Z [36;1m  echo "‚ùå **Deployment**: Failed" >> $GITHUB_STEP_SUMMARY[0m
2025-10-03T19:21:30.5840956Z [36;1mfi[0m
2025-10-03T19:21:30.5841307Z [36;1m[0m
2025-10-03T19:21:30.5841688Z [36;1mecho "" >> $GITHUB_STEP_SUMMARY[0m
2025-10-03T19:21:30.5842167Z [36;1m[0m
2025-10-03T19:21:30.5842541Z [36;1mif [ "skipped" == "success" ]; then[0m
2025-10-03T19:21:30.5843685Z [36;1m  echo "‚úÖ **Tests**: Passed" >> $GITHUB_STEP_SUMMARY[0m
2025-10-03T19:21:30.5844248Z [36;1melse[0m
2025-10-03T19:21:30.5844698Z [36;1m  echo "‚ùå **Tests**: Failed" >> $GITHUB_STEP_SUMMARY[0m
2025-10-03T19:21:30.5845271Z [36;1mfi[0m
2025-10-03T19:21:30.5845617Z [36;1m[0m
2025-10-03T19:21:30.5845980Z [36;1mecho "" >> $GITHUB_STEP_SUMMARY[0m
2025-10-03T19:21:30.5846695Z [36;1mecho "‚úÖ **Cleanup**: Completed (resources deleted)" >> $GITHUB_STEP_SUMMARY[0m
2025-10-03T19:21:30.5847733Z [36;1m[0m
2025-10-03T19:21:30.5848090Z [36;1m# Overall status[0m
2025-10-03T19:21:30.5848635Z [36;1mif [ "success" == "success" ] && [ "skipped" == "success" ]; then[0m
2025-10-03T19:21:30.5849285Z [36;1m  echo "" >> $GITHUB_STEP_SUMMARY[0m
2025-10-03T19:21:30.5849931Z [36;1m  echo "üéâ **Pipeline Status**: SUCCESS" >> $GITHUB_STEP_SUMMARY[0m
2025-10-03T19:21:30.5850549Z [36;1m  exit 0[0m
2025-10-03T19:21:30.5850911Z [36;1melse[0m
2025-10-03T19:21:30.5851323Z [36;1m  echo "" >> $GITHUB_STEP_SUMMARY[0m
2025-10-03T19:21:30.5851972Z [36;1m  echo "‚ö†Ô∏è **Pipeline Status**: FAILED" >> $GITHUB_STEP_SUMMARY[0m
2025-10-03T19:21:30.5852597Z [36;1m  exit 1[0m
2025-10-03T19:21:30.5853000Z [36;1mfi[0m
2025-10-03T19:21:30.5900710Z shell: /usr/bin/bash -e {0}
2025-10-03T19:21:30.5901143Z env:
2025-10-03T19:21:30.5901482Z   AZURE_ENV_NAME: ci-test-1
2025-10-03T19:21:30.5901900Z   AZURE_LOCATION: westus3
2025-10-03T19:21:30.5902457Z   pythonLocation: /opt/hostedtoolcache/Python/3.11.13/x64
2025-10-03T19:21:30.5903442Z   PKG_CONFIG_PATH: /opt/hostedtoolcache/Python/3.11.13/x64/lib/pkgconfig
2025-10-03T19:21:30.5904203Z   Python_ROOT_DIR: /opt/hostedtoolcache/Python/3.11.13/x64
2025-10-03T19:21:30.5904888Z   Python2_ROOT_DIR: /opt/hostedtoolcache/Python/3.11.13/x64
2025-10-03T19:21:30.5905574Z   Python3_ROOT_DIR: /opt/hostedtoolcache/Python/3.11.13/x64
2025-10-03T19:21:30.5906289Z   LD_LIBRARY_PATH: /opt/hostedtoolcache/Python/3.11.13/x64/lib
2025-10-03T19:21:30.5906870Z ##[endgroup]
2025-10-03T19:21:30.5982437Z ##[error]Process completed with exit code 1.
2025-10-03T19:21:30.6059176Z Post job cleanup.
2025-10-03T19:21:30.6500764Z Clearing azure cli accounts from the local cache.
2025-10-03T19:21:30.6515566Z [command]/usr/bin/az account clear
2025-10-03T19:21:31.1799434Z Post job cleanup.
2025-10-03T19:21:31.2778407Z [command]/usr/bin/git version
2025-10-03T19:21:31.2815622Z git version 2.51.0
2025-10-03T19:21:31.2858387Z Temporarily overriding HOME='/home/runner/work/_temp/ae2aacf4-1f63-4f66-ba8c-5cad2cd76446' before making global git config changes
2025-10-03T19:21:31.2859585Z Adding repository directory to the temporary git global config as a safe directory
2025-10-03T19:21:31.2870836Z [command]/usr/bin/git config --global --add safe.directory /home/runner/work/az-storage-upload-web-app/az-storage-upload-web-app
2025-10-03T19:21:31.2906689Z [command]/usr/bin/git config --local --name-only --get-regexp core\.sshCommand
2025-10-03T19:21:31.2939622Z [command]/usr/bin/git submodule foreach --recursive sh -c "git config --local --name-only --get-regexp 'core\.sshCommand' && git config --local --unset-all 'core.sshCommand' || :"
2025-10-03T19:21:31.3185441Z [command]/usr/bin/git config --local --name-only --get-regexp http\.https\:\/\/github\.com\/\.extraheader
2025-10-03T19:21:31.3208509Z http.https://github.com/.extraheader
2025-10-03T19:21:31.3224137Z [command]/usr/bin/git config --local --unset-all http.https://github.com/.extraheader
2025-10-03T19:21:31.3255967Z [command]/usr/bin/git submodule foreach --recursive sh -c "git config --local --name-only --get-regexp 'http\.https\:\/\/github\.com\/\.extraheader' && git config --local --unset-all 'http.https://github.com/.extraheader' || :"
2025-10-03T19:21:31.3587558Z Cleaning up orphan processes